
> test
> npm test --workspaces


> lcyt@2.5.0 test
> node --test test/*.test.js

▶ BackendCaptionSender constructor
  ✔ should store all provided options (0.5532ms)
  ✔ should use default values when optional fields are omitted (0.1287ms)
  ✔ should default domain to http://localhost in Node (no location) (0.1611ms)
✔ BackendCaptionSender constructor (1.3839ms)
▶ BackendCaptionSender start()
  ✔ should POST to /live with correct payload and store JWT (1.2367ms)
  ✔ should not attach Authorization header on start() (auth: false) (0.1728ms)
  ✔ should throw NetworkError on invalid API key (401) (0.6364ms)
  ✔ should throw NetworkError on network failure (0.2151ms)
✔ BackendCaptionSender start() (2.5217ms)
▶ BackendCaptionSender end()
  ✔ should DELETE /live and clear token and isStarted (0.3378ms)
✔ BackendCaptionSender end() (0.5267ms)
▶ BackendCaptionSender send()
  ✔ should POST to /captions with single caption and return requestId (0.9333ms)
  ✔ should pass absolute timestamp when provided (0.2456ms)
  ✔ should pass time field when { time } object provided (0.2195ms)
  ✔ should include Authorization header (0.1725ms)
✔ BackendCaptionSender send() (1.7317ms)
▶ BackendCaptionSender sendBatch()
  ✔ should POST to /captions with multiple captions (0.2977ms)
  ✔ should drain local queue when no captions arg provided (0.2045ms)
  ✔ should not modify queue when captions array provided explicitly (0.1531ms)
✔ BackendCaptionSender sendBatch() (0.7547ms)
▶ BackendCaptionSender sync()
  ✔ should POST to /sync and update syncOffset (0.1788ms)
  ✔ should throw NetworkError when sync fails (0.1523ms)
✔ BackendCaptionSender sync() (0.4166ms)
▶ BackendCaptionSender heartbeat()
  ✔ should GET /live and update sequence and syncOffset (0.1522ms)
✔ BackendCaptionSender heartbeat() (0.2343ms)
▶ BackendCaptionSender local queue
  ✔ construct() should add item to queue and return length (0.1836ms)
  ✔ construct() with timestamp stores it correctly (0.0859ms)
  ✔ construct() without timestamp stores null (0.0985ms)
  ✔ getQueue() returns empty array initially (0.0706ms)
  ✔ getQueue() returns a copy (not a reference) (0.0708ms)
  ✔ clearQueue() clears all items and returns count (0.1187ms)
✔ BackendCaptionSender local queue (0.7995ms)
▶ BackendCaptionSender getters and setters
  ✔ getSequence() returns current sequence (0.1981ms)
  ✔ setSequence() sets sequence and returns this (0.1ms)
  ✔ getSyncOffset() returns current syncOffset (0.0843ms)
  ✔ setSyncOffset() sets syncOffset and returns this (0.0879ms)
  ✔ getStartedAt() returns startedAt value (0.0916ms)
✔ BackendCaptionSender getters and setters (0.6886ms)
▶ BackendCaptionSender _fetch error handling
  ✔ should use data.error message when backend returns error JSON (0.1777ms)
  ✔ should fall back to HTTP status message when no error field (0.1334ms)
✔ BackendCaptionSender _fetch error handling (0.3987ms)
▶ Error Classes
  ▶ LCYTError
    ✔ should be an instance of Error (0.6527ms)
    ✔ should have correct name and message (0.289ms)
  ✔ LCYTError (1.621ms)
  ▶ ConfigError
    ✔ should be an instance of LCYTError (0.2097ms)
    ✔ should have correct name (0.1278ms)
  ✔ ConfigError (0.5167ms)
  ▶ NetworkError
    ✔ should be an instance of LCYTError (0.2096ms)
    ✔ should have correct name (0.1303ms)
    ✔ should store statusCode (0.1417ms)
    ✔ should default statusCode to null (0.1642ms)
  ✔ NetworkError (0.8918ms)
  ▶ ValidationError
    ✔ should be an instance of LCYTError (0.2439ms)
    ✔ should have correct name (0.1875ms)
    ✔ should store field (0.1366ms)
    ✔ should default field to null (0.1174ms)
  ✔ ValidationError (0.8297ms)
✔ Error Classes (5.2664ms)
[LCYT] Caption sender started
[LCYT] Caption sender started
[LCYT] Caption sender started
[LCYT] Caption sender stopped. Total captions sent: 0
[LCYT] Caption sender started
[LCYT] Caption sender stopped. Total captions sent: 0
[LCYT] Caption sender started
[LCYT] Caption sender started
[LCYT] Caption sender started
[LCYT] Caption sender started
[LCYT] Caption sender started
[LCYT] Caption sender started
[LCYT] Caption sender started
[LCYT] Caption sender started
[LCYT] Caption sender started
[LCYT] Caption sender started
[LCYT] Caption sender started
▶ YoutubeLiveCaptionSender
  ▶ constructor
    ✔ should initialize with default values (0.8084ms)
    ✔ should accept custom options with ingestionUrl (0.1206ms)
    ✔ should build ingestionUrl from streamKey (0.0997ms)
    ✔ should build ingestionUrl with custom region and cue (0.1485ms)
    ✔ should allow custom baseUrl (0.1132ms)
    ✔ should use ingestionUrl over streamKey when both provided (0.0914ms)
  ✔ constructor (2.1233ms)
  ▶ start()
    ✔ should set isStarted to true (0.5548ms)
    ✔ should return the sender instance for chaining (0.1715ms)
  ✔ start() (0.9293ms)
  ▶ end()
    ✔ should set isStarted to false (0.1947ms)
    ✔ should return the sender instance for chaining (0.1895ms)
  ✔ end() (0.4877ms)
  ▶ _formatTimestamp()
    ✔ should remove Z suffix from ISO timestamp (0.4282ms)
    ✔ should keep timestamp without Z suffix as-is (0.0729ms)
    ✔ should generate timestamp when none provided (0.2478ms)
    ✔ should accept a Date object (0.0765ms)
    ✔ should treat number >= 1000 as epoch milliseconds (0.0748ms)
    ✔ should treat number < 1000 as relative seconds offset from now (0.1513ms)
    ✔ should treat 0 as current time (0.1053ms)
    ✔ should treat positive number < 1000 as future offset in seconds (0.0941ms)
  ✔ _formatTimestamp() (1.464ms)
  ▶ send()
    ✔ should reject if sender not started (0.6363ms)
    ✔ should reject if no ingestion URL configured (0.235ms)
    ✔ should reject if text is empty (0.2087ms)
    ✔ should reject if text is not a string (0.1941ms)
    ✔ should reject for invalid URL (0.4401ms)
  ✔ send() (1.8572ms)
  ▶ sendBatch()
    ✔ should reject if sender not started (0.2219ms)
    ✔ should reject if no ingestion URL configured (0.1961ms)
    ✔ should reject if captions is not an array (0.1985ms)
    ✔ should reject if captions array is empty (0.209ms)
    ✔ should reject if caption in array has no text (0.2849ms)
  ✔ sendBatch() (1.2638ms)
  ▶ heartbeat()
    ✔ should reject if sender not started (0.206ms)
    ✔ should reject if no ingestion URL configured (0.1481ms)
  ✔ heartbeat() (0.4241ms)
  ▶ getSequence() / setSequence()
    ✔ should get the current sequence (0.1149ms)
    ✔ should set the sequence (0.0785ms)
    ✔ should return sender instance for chaining (0.0819ms)
  ✔ getSequence() / setSequence() (0.4181ms)
  ▶ construct()
    ✔ should add caption to queue and return queue length (0.1683ms)
    ✔ should add caption with timestamp to queue (0.1093ms)
    ✔ should store null timestamp when not provided (0.074ms)
    ✔ should throw if text is empty (0.1784ms)
    ✔ should throw if text is not a string (0.1121ms)
  ✔ construct() (0.7782ms)
  ▶ getQueue()
    ✔ should return empty array initially (0.5598ms)
    ✔ should return copy of queue (0.0786ms)
  ✔ getQueue() (0.7139ms)
  ▶ clearQueue()
    ✔ should clear all captions from queue (0.1269ms)
    ✔ should return number of cleared captions (0.0708ms)
  ✔ clearQueue() (0.2608ms)
  ▶ syncOffset / _now()
    ✔ should initialize syncOffset to 0 (0.1581ms)
    ✔ should accept useSyncOffset constructor option (0.0665ms)
    ✔ _now() should return approximately Date.now() when useSyncOffset is false (0.0647ms)
    ✔ _now() should apply syncOffset when useSyncOffset is true (0.0723ms)
    ✔ getSyncOffset() should return current syncOffset (0.0614ms)
    ✔ setSyncOffset() should set syncOffset and return sender for chaining (0.06ms)
    ✔ _formatTimestamp(undefined) should use syncOffset when enabled (0.0826ms)
    ✔ _formatTimestamp(relativeSeconds) should use syncOffset when enabled (0.1033ms)
    ✔ _formatTimestamp(Date) should NOT apply syncOffset (0.0714ms)
    ✔ _formatTimestamp(epochMs) should NOT apply syncOffset (0.1115ms)
    ✔ _formatTimestamp(ISOString) should NOT apply syncOffset (0.0618ms)
  ✔ syncOffset / _now() (1.8841ms)
  ▶ sync()
    ✔ should reject if sender not started (0.199ms)
    ✔ should reject if no ingestion URL configured (0.1569ms)
  ✔ sync() (0.4135ms)
  ▶ sendBatch() with queue
    ✔ should reject if queue is empty and no captions provided (0.1563ms)
  ✔ sendBatch() with queue (0.2067ms)
✔ YoutubeLiveCaptionSender (14.6592ms)
ℹ tests 99
ℹ suites 30
ℹ pass 99
ℹ fail 0
ℹ cancelled 0
ℹ skipped 0
ℹ todo 0
ℹ duration_ms 144.4868

> lcyt-cli@1.4.0 test
> node --test test/*.test.js

▶ CLI
  ▶ --help
    ✔ should display help text (178.7359ms)
    ✔ should show -h alias for help (196.5881ms)
  ✔ --help (376.0384ms)
  ▶ --version
    ✔ should display version number (162.2484ms)
  ✔ --version (162.4429ms)
  ▶ default behavior (no arguments)
    ✔ should show config when stream key is configured (196.7357ms)
    ✔ should show config with (not set) when no stream key (165.1757ms)
  ✔ default behavior (no arguments) (362.1608ms)
  ▶ --stream-key
    ✔ should save stream key to config (165.81ms)
    ✔ should accept -k alias (167.2341ms)
  ✔ --stream-key (333.3328ms)
  ▶ --show-config
    ✔ should display current configuration (165.2084ms)
  ✔ --show-config (165.3423ms)
  ▶ --reset
    ✔ should reset sequence counter to 0 (164.175ms)
  ✔ --reset (164.3067ms)
  ▶ --base-url
    ✔ should save custom base URL (168.2315ms)
  ✔ --base-url (168.3634ms)
  ▶ --region
    ✔ should save custom region (165.7313ms)
  ✔ --region (165.8607ms)
  ▶ --cue
    ✔ should save custom cue (166.4918ms)
  ✔ --cue (166.6182ms)
  ▶ sending captions (without real server)
    ✔ should error when sending caption without stream key (330.1025ms)
  ✔ sending captions (without real server) (330.2672ms)
  ▶ --heartbeat (without real server)
    ✔ should attempt heartbeat and fail gracefully without server (191.714ms)
  ✔ --heartbeat (without real server) (191.8341ms)
  ▶ multiple config options
    ✔ should save multiple options at once (179.5255ms)
  ✔ multiple config options (179.6385ms)
  ▶ --batch
    ✔ should add caption to batch queue in config (197.384ms)
    ✔ should accumulate multiple captions in batch queue (503.6557ms)
    ✔ should use custom timestamp with -t (175.8383ms)
    ✔ should error when --batch is used without caption text (190.3637ms)
    ✔ should accept -b alias (175.3163ms)
  ✔ --batch (1242.8847ms)
  ▶ --send
    ✔ should warn when batch queue is empty (169.0938ms)
    ✔ should warn when batch queue is empty array (167.0901ms)
    ✔ should fail gracefully when sending to non-existent server (170.9129ms)
    ✔ should error when no stream key configured (166.2826ms)
  ✔ --send (673.6228ms)
  ▶ npx detection
    ✔ should detect npx execution via npm_command env var (178.1279ms)
  ✔ npx detection (178.2392ms)
  ▶ batch queue timestamp format
    ✔ should store timestamp without trailing Z (185.896ms)
    ✔ should preserve custom timestamp as-is (176.7931ms)
  ✔ batch queue timestamp format (362.8404ms)
✔ CLI (5224.8342ms)
▶ InteractiveUI.loadFile()
  ✔ loads a real file and splits into lines (19.5346ms)
  ✔ returns false for a non-existent file (0.2881ms)
  ✔ logs an error message on failure (0.1877ms)
✔ InteractiveUI.loadFile() (21.4612ms)
▶ InteractiveUI.shiftPointer()
  ✔ advances pointer by positive offset (0.5141ms)
  ✔ returns false when offset would go out of bounds (negative) (0.2319ms)
  ✔ returns false when offset goes past end (0.2169ms)
  ✔ returns false when no content is loaded (0.1286ms)
✔ InteractiveUI.shiftPointer() (1.3365ms)
▶ InteractiveUI.gotoLine()
  ✔ jumps to a valid 1-indexed line number (0.3454ms)
  ✔ returns false for line 0 (out of range) (0.2276ms)
  ✔ returns false for line beyond file length (0.2646ms)
✔ InteractiveUI.gotoLine() (1.0175ms)
▶ InteractiveUI.isSendableLine()
  ✔ returns false for an out-of-range index (0.1333ms)
  ✔ returns false for a heading line (starts with #) (0.0742ms)
  ✔ returns false for an empty line (0.0704ms)
  ✔ returns true for a normal text line (0.0651ms)
✔ InteractiveUI.isSendableLine() (0.4503ms)
▶ InteractiveUI.sendCurrentLine()
  ✔ logs warning when no content loaded (0.226ms)
  ✔ skips heading lines and advances pointer (0.0861ms)
  ✔ sends a sendable line and advances pointer (0.1491ms)
  ✔ queues to batch when batchMode is on (0.1757ms)
✔ InteractiveUI.sendCurrentLine() (0.7523ms)
▶ InteractiveUI.sendCustomCaption()
  ✔ logs warning for empty string (0.1978ms)
  ✔ sends trimmed text via sender (0.0876ms)
  ✔ does not advance pointer (0.1036ms)
  ✔ queues to batch when batchMode is on (0.1162ms)
✔ InteractiveUI.sendCustomCaption() (0.63ms)
▶ InteractiveUI.sendBatch()
  ✔ logs warning when queue is empty (0.1583ms)
  ✔ flushes all queued captions (0.127ms)
✔ InteractiveUI.sendBatch() (0.3521ms)
▶ InteractiveUI.handleCommand() — /goto
  ✔ logs warning when no argument given (0.4124ms)
  ✔ logs warning for non-numeric argument (0.1619ms)
  ✔ jumps to line and logs success (0.1029ms)
  ✔ logs warning for out-of-range line (0.1092ms)
✔ InteractiveUI.handleCommand() — /goto (0.9022ms)
▶ InteractiveUI.handleCommand() — /batch
  ✔ toggles batch mode on (0.1003ms)
  ✔ toggles batch mode off (and flushes if queued) (0.1021ms)
  ✔ sets custom timeout when provided (0.0832ms)
✔ InteractiveUI.handleCommand() — /batch (0.3885ms)
▶ InteractiveUI.handleCommand() — /timestamps
  ✔ toggles showTimestamps off (0.2367ms)
  ✔ /ts alias also toggles (0.1332ms)
✔ InteractiveUI.handleCommand() — /timestamps (0.4796ms)
▶ InteractiveUI.handleCommand() — /load
  ✔ logs usage warning with no args (0.1331ms)
  ✔ loads a file successfully (0.2707ms)
  ✔ loads a file and jumps to specified line (0.1994ms)
✔ InteractiveUI.handleCommand() — /load (0.7028ms)
▶ InteractiveUI.handleCommand() — /reload
  ✔ logs warning when nothing loaded (0.1226ms)
  ✔ reloads the currently loaded file (0.3367ms)
✔ InteractiveUI.handleCommand() — /reload (0.5252ms)
▶ InteractiveUI.handleCommand() — /stream
  ✔ logs usage warning with no args (0.1543ms)
  ✔ sets watchVideoId from a bare 11-char video ID (0.2232ms)
  ✔ extracts video ID from a youtube.com URL (0.1512ms)
  ✔ logs error for invalid input (0.1483ms)
✔ InteractiveUI.handleCommand() — /stream (0.8116ms)
▶ InteractiveUI.handleCommand() — /send
  ✔ logs warning when batch queue is empty (0.1148ms)
  ✔ flushes the batch queue (0.0965ms)
✔ InteractiveUI.handleCommand() — /send (0.269ms)
▶ InteractiveUI._parseVideoId()
  ✔ returns null for invalid input (0.2452ms)
  ✔ returns a bare 11-char ID unchanged (0.0913ms)
  ✔ extracts ID from watch?v= URL (0.0941ms)
  ✔ extracts ID from youtu.be short URL (0.0825ms)
  ✔ extracts ID from /live/ URL (0.9804ms)
✔ InteractiveUI._parseVideoId() (1.6242ms)
ℹ tests 76
ℹ suites 32
ℹ pass 76
ℹ fail 0
ℹ cancelled 0
ℹ skipped 0
ℹ todo 0
ℹ duration_ms 5303.9927

> lcyt-backend@1.0.0 test
> cross-env ALLOWED_DOMAINS=* FILES_DIR=/tmp/lcyt-files-test ICONS_DIR=/tmp/lcyt-icons-test node --experimental-test-module-mocks --test test/*.test.js

▶ AI config DB
  ✔ getAiConfig returns null for unconfigured key (10.1217ms)
  ✔ setAiConfig creates new config (0.886ms)
  ✔ getAiConfigRaw returns actual API key (0.5751ms)
  ✔ setAiConfig updates existing config (0.6192ms)
  ✔ setAiConfig with no updates is a no-op (0.4928ms)
  ✔ different API keys are isolated (0.6309ms)
  ✔ VALID_PROVIDERS includes expected values (0.1952ms)
✔ AI config DB (15.0036ms)
▶ cosineSimilarity
  ✔ identical vectors return 1 (1.5901ms)
  ✔ orthogonal vectors return 0 (0.241ms)
  ✔ opposite vectors return -1 (0.1804ms)
  ✔ returns 0 for empty vectors (0.1254ms)
  ✔ returns 0 for null inputs (0.4023ms)
  ✔ returns 0 for mismatched lengths (0.1815ms)
  ✔ similar vectors return high similarity (0.1601ms)
✔ cosineSimilarity (4.0596ms)
▶ isServerEmbeddingAvailable
  ✔ returns false when EMBEDDING_API_KEY is not set (0.2494ms)
✔ isServerEmbeddingAvailable (0.4054ms)
▶ /auth — loginEnabled: false
  ✔ returns 503 for any auth route (66.2409ms)
✔ /auth — loginEnabled: false (73.6285ms)
▶ POST /auth/register
  ✔ returns 400 when email is missing (15.846ms)
  ✔ returns 400 when password is too short (9.3591ms)
  ✔ registers successfully and returns a JWT token (394.9796ms)
  ✔ returns 409 when email already exists (312.0721ms)
  ✔ stores email in lowercase (247.3257ms)
✔ POST /auth/register (980.534ms)
▶ POST /auth/login
  ✔ returns 400 when email or password is missing (2.1902ms)
  ✔ returns 401 for unknown email (2.0523ms)
  ✔ returns 401 for wrong password (240.8211ms)
  ✔ returns 200 with JWT for correct credentials (240.5157ms)
✔ POST /auth/login (726.7659ms)
▶ GET /auth/me
  ✔ returns 401 without token (1.2929ms)
  ✔ returns 401 with a session token (wrong type) (1.1818ms)
  ✔ returns user profile with valid user token (1.1622ms)
✔ GET /auth/me (243.551ms)
▶ POST /auth/change-password
  ✔ returns 400 when required fields are missing (1.5244ms)
  ✔ returns 400 when newPassword is too short (1.2407ms)
  ✔ returns 401 when currentPassword is wrong (239.1711ms)
  ✔ changes password successfully (1031.1259ms)
✔ POST /auth/change-password (1512.5176ms)
▶ parseBackupDays
  ✔ returns 0 for undefined (0.8321ms)
  ✔ returns 0 for "0" (0.1523ms)
  ✔ returns 0 for negative values (0.1685ms)
  ✔ returns 0 for non-numeric strings (0.1657ms)
  ✔ returns 0 for NaN (0.187ms)
  ✔ returns the value for a valid positive integer (0.1076ms)
  ✔ caps at 180 for values exceeding the maximum (0.122ms)
  ✔ returns 180 for exactly 180 (0.127ms)
  ✔ truncates decimals (0.1585ms)
✔ parseBackupDays (3.3385ms)
▶ runBackup
  ✔ creates a date-stamped subdirectory and database file (11.8258ms)
  ✔ is idempotent — running twice on the same day overwrites without error (18.6722ms)
✔ runBackup (63.6786ms)
▶ cleanOldBackups
  ✔ returns 0 when backupDays is 0 (disabled) (0.3818ms)
  ✔ returns 0 when backup directory does not exist (1.4337ms)
  ✔ removes directories older than the retention window (4.6044ms)
  ✔ keeps directories within the retention window (2.5834ms)
  ✔ ignores entries that do not match YYYY-MM-DD format (1.7751ms)
✔ cleanOldBackups (14.8351ms)
▶ GET /bridge-download — no platform
  ✔ returns 400 with supported platform list (60.761ms)
✔ GET /bridge-download — no platform (63.7784ms)
▶ GET /bridge-download — platform redirects
  ✔ redirects for ?win (16.173ms)
  ✔ redirects for ?mac (8.6632ms)
  ✔ redirects for ?linux (10.1069ms)
  ✔ redirects for ?arm (7.6627ms)
  ✔ redirect URL contains the version number (4.2284ms)
  ✔ redirect URL uses BRIDGE_DOWNLOAD_BASE_URL when set (5.1316ms)
✔ GET /bridge-download — platform redirects (52.8915ms)
▶ composeCaptionText
  ✔ returns original text when captionLang is null (0.7793ms)
  ✔ returns original text when translations is null (0.123ms)
  ✔ returns original text when translations is empty (0.1098ms)
  ✔ returns original text when translation is missing for the lang (0.1669ms)
  ✔ returns only the translation when showOriginal=false (0.1662ms)
  ✔ returns "original<br>translation" when showOriginal=true (0.1068ms)
  ✔ returns original text when translation equals the original (same language no-op) (0.1135ms)
  ✔ returns original text when showOriginal is undefined (0.1235ms)
✔ composeCaptionText (2.8347ms)
▶ formatVttTime
  ✔ formats 0ms as 00:00:00.000 (0.2995ms)
  ✔ formats 1ms as 00:00:00.001 (0.1816ms)
  ✔ formats 1000ms (1s) as 00:00:01.000 (0.1182ms)
  ✔ formats 60000ms (1m) as 00:01:00.000 (0.0889ms)
  ✔ formats 3600000ms (1h) as 01:00:00.000 (0.1497ms)
  ✔ formats 3661001ms (1h 1m 1s 1ms) (0.1199ms)
  ✔ formats 90500ms (1m 30s 500ms) (0.1162ms)
  ✔ pads milliseconds to 3 digits (0.0765ms)
✔ formatVttTime (1.5572ms)
▶ buildVttCue
  ✔ formats a single cue with sequence, timestamps, and text (0.2305ms)
  ✔ includes the correct sequence number (0.2057ms)
  ✔ uses startMs and endMs for the timestamp line (0.1114ms)
  ✔ ends with a blank line (double newline) (0.1186ms)
  ✔ handles multi-word text (0.1159ms)
✔ buildVttCue (1.0222ms)
▶ POST /captions
  ✔ should return 401 when no Authorization header (73.3442ms)
  ✔ should return 401 for invalid token (7.7983ms)
  ✔ should return 400 when captions is missing (12.0961ms)
  ✔ should return 400 when captions is empty array (8.1743ms)
  ✔ should return 404 when session not found (4.9887ms)
  ✔ should return 202 with ok and requestId for a single caption (9.636ms)
  ✔ should emit caption_result with sequence and statusCode after single caption send (6.65ms)
  ✔ should return 202 and emit caption_result with count for batch captions (6.3895ms)
  ✔ should resolve relative time fields to absolute timestamps (5.4095ms)
  ✔ should prefer timestamp over time when both provided (5.9158ms)
  ✔ should emit caption_error (not reject the HTTP request) when sender throws (5.0536ms)
✔ POST /captions (149.9ms)
▶ cors — /keys routes
  ✔ returns 204 for OPTIONS /keys with CORS headers (1.1063ms)
  ✔ sets CORS headers for GET /keys (user project list) (0.2085ms)
  ✔ sets CORS headers for DELETE /keys/123 (0.2497ms)
✔ cors — /keys routes (2.791ms)
▶ cors — free-tier signup POST /keys?freetier
  ✔ sets CORS headers for any origin on POST /keys?freetier (0.2555ms)
  ✔ still calls next() for freetier even without origin header (0.2136ms)
✔ cors — free-tier signup POST /keys?freetier (0.7728ms)
▶ cors — permissive routes
  ✔ sets ACAO for POST /live with any origin (0.3719ms)
  ✔ sets ACAO for GET /health (0.2535ms)
  ✔ sets ACAO for GET /contact (0.2748ms)
  ✔ returns 204 for OPTIONS requests with origin (0.2472ms)
  ✔ sets Allow-Credentials on permissive routes (0.3883ms)
  ✔ does NOT set ACAO when there is no origin header (0.2364ms)
✔ cors — permissive routes (2.2565ms)
▶ cors — dynamic origin matching
  ✔ sets ACAO when origin matches a registered session domain (0.2952ms)
  ✔ does NOT set ACAO when origin is NOT registered (1.9935ms)
  ✔ calls next() even when origin is unregistered (0.2525ms)
  ✔ returns 204 for OPTIONS even when origin is unregistered (0.1863ms)
  ✔ sets Allow-Credentials for registered origins (0.1471ms)
  ✔ calls next() for requests with no origin header (0.1374ms)
✔ cors — dynamic origin matching (3.3289ms)
▶ db.js
  ▶ initDb
    ✔ should create the api_keys table (1.0503ms)
    ✔ should be idempotent — calling again does not throw (4.2053ms)
  ✔ initDb (6.0226ms)
  ▶ createKey
    ✔ should create a key with auto-generated UUID when no key provided (1.3958ms)
    ✔ should create a key with a custom key value (0.3478ms)
    ✔ should create a key with an expiration date (0.4756ms)
    ✔ should set created_at automatically (0.4017ms)
    ✔ should reject duplicate key values (0.6489ms)
  ✔ createKey (3.8124ms)
  ▶ getKey
    ✔ should return the key row for an existing key (0.3828ms)
    ✔ should return null for a non-existent key (0.2695ms)
  ✔ getKey (0.9601ms)
  ▶ getAllKeys
    ✔ should return an array of all keys (4.3413ms)
    ✔ should return empty array when no keys exist (4.0347ms)
  ✔ getAllKeys (8.5661ms)
  ▶ validateApiKey
    ✔ should return valid=true for a valid active key (0.6659ms)
    ✔ should return valid=false with reason=unknown_key for non-existent key (0.209ms)
    ✔ should return valid=false with reason=revoked for revoked key (0.4317ms)
    ✔ should return valid=false with reason=expired for expired key (0.3542ms)
    ✔ should return valid=true for key with future expiration (0.363ms)
    ✔ should return valid=true for key with null expires_at (never expires) (0.3141ms)
  ✔ validateApiKey (2.6266ms)
  ▶ revokeKey
    ✔ should set active=0 for the key (0.5164ms)
    ✔ should return false for non-existent key (0.199ms)
  ✔ revokeKey (0.9112ms)
  ▶ deleteKey
    ✔ should permanently remove the key from the database (0.5743ms)
    ✔ should return false for non-existent key (0.1899ms)
  ✔ deleteKey (0.8779ms)
  ▶ renewKey
    ✔ should update expires_at for the key (0.5786ms)
    ✔ should clear expiration when null is passed (0.4759ms)
    ✔ should return false for non-existent key (0.1936ms)
  ✔ renewKey (1.461ms)
  ▶ updateKey
    ✔ should update owner field (0.6549ms)
    ✔ should update expiresAt field (0.4115ms)
    ✔ should update both owner and expiresAt together (0.3515ms)
    ✔ should return false when no fields provided (0.3246ms)
    ✔ should return false for non-existent key (0.201ms)
  ✔ updateKey (2.1824ms)
  ▶ per-API-key sequence
    ✔ getKeySequence returns 0 when no captions have been sent (0.4678ms)
    ✔ updateKeySequence persists the sequence and getKeySequence returns it (0.7703ms)
    ✔ getKeySequence returns 0 when last_caption_at is older than 2 hours (0.3856ms)
    ✔ getKeySequence returns stored sequence when last_caption_at is within 2 hours (0.3358ms)
    ✔ resetKeySequence resets sequence to 0 and clears last_caption_at (0.4459ms)
    ✔ getKeySequence returns 0 for unknown key (0.1598ms)
  ✔ per-API-key sequence (3.1076ms)
✔ db.js (47.4021ms)
﹣ DockerFfmpegRunner integration (gated) — writes file into mounted volume (0.9047ms) # SKIP
✔ DockerFfmpegRunner spawn args include image and provided args (5.97ms)
▶ GET /events — auth rejections
  ✔ returns 401 when no token is provided (50.8422ms)
  ✔ returns 401 when Authorization header has wrong prefix (7.5443ms)
  ✔ returns 401 for an invalid JWT (wrong secret) (12.7871ms)
  ✔ returns 401 for an expired JWT (6.823ms)
  ✔ returns 401 for a malformed token string (3.4945ms)
✔ GET /events — auth rejections (85.4566ms)
▶ GET /events — ?token= query parameter
  ✔ accepts token via ?token= and opens SSE stream (10.9603ms)
✔ GET /events — ?token= query parameter (11.29ms)
▶ GET /events — session not found
  ✔ returns 404 when the session does not exist in the store (10.021ms)
✔ GET /events — session not found (10.6962ms)
▶ GET /events — SSE response headers
  ✔ sets Content-Type: text/event-stream (8.3066ms)
  ✔ sets Cache-Control: no-cache (8.3821ms)
  ✔ sets X-Accel-Buffering: no (8.369ms)
✔ GET /events — SSE response headers (25.6062ms)
▶ GET /events — connected event
  ✔ sends a "connected" event immediately after subscribing (8.9192ms)
  ✔ connected event includes micHolder: null when no mic is held (7.5939ms)
  ✔ connected event includes micHolder from session when a mic is held (7.0758ms)
✔ GET /events — connected event (24.1573ms)
▶ GET /events — event forwarding
  ✔ forwards "caption_result" emitted on session.emitter (83.0843ms)
  ✔ forwards "caption_error" emitted on session.emitter (92.7278ms)
  ✔ forwards "mic_state" emitted on session.emitter (93.3001ms)
✔ GET /events — event forwarding (269.5627ms)
▶ GET /events — session_closed ends the stream
  ✔ emits "session_closed" event and closes the response (92.4476ms)
✔ GET /events — session_closed ends the stream (92.6063ms)
▶ GET /events — listener cleanup on disconnect
  ✔ removes emitter listeners after the SSE client disconnects (265.3738ms)
✔ GET /events — listener cleanup on disconnect (265.5122ms)
▶ Integration — POST /captions → caption_result on /events
  ✔ delivers a caption_result SSE event after POST /captions in viewer-only session (108.9681ms)
✔ Integration — POST /captions → caption_result on /events (109.0945ms)
✔ WorkerFfmpegRunner emits error and close events (2.1065ms)
▶ GET /file
  ✔ should return 401 with no Authorization header (53.6905ms)
  ✔ should return 401 for invalid token (8.5027ms)
  ✔ should return 404 when session not found (11.093ms)
  ✔ should return an empty files array when no files exist (8.6763ms)
  ✔ should return registered files for the session key (10.1651ms)
  ✔ should strip the directory prefix from filenames in list response (7.8349ms)
✔ GET /file (112.0069ms)
▶ GET /file/:id
  ✔ should return 401 with no auth (7.7115ms)
  ✔ should return 401 for invalid token (3.3701ms)
  ✔ should return 404 when session not found (token with unknown sessionId) (5.3176ms)
  ✔ should return 400 for a non-numeric file id (5.0561ms)
  ✔ should return 404 for a file id that does not exist in the DB (5.472ms)
  ✔ should stream file content with correct headers (10.3882ms)
  ✔ should serve vtt files with text/vtt content type (12.19ms)
  ✔ should accept ?token= query param instead of Authorization header (12.6681ms)
  ✔ should return 404 when file exists in DB but not in storage (5.9128ms)
✔ GET /file/:id (70.1799ms)
▶ DELETE /file/:id
  ✔ should return 401 with no auth (4.6207ms)
  ✔ should return 400 for a non-numeric id (4.6344ms)
  ✔ should return 404 when session is not found (3.8796ms)
  ✔ should return 404 for unknown file id (3.9056ms)
  ✔ should delete the DB record and disk file, returning ok (8.6974ms)
✔ DELETE /file/:id (26.5295ms)
▶ GET /health
  ✔ should return 200 with ok, uptime, and activeSessions (43.6483ms)
  ✔ should not require authentication (6.4783ms)
  ✔ should reflect active session count (4.4284ms)
✔ GET /health (58.0322ms)
▶ formatVttTime
  ✔ zero (1.1819ms)
  ✔ sub-second (0.1923ms)
  ✔ seconds (0.2214ms)
  ✔ minutes (0.2605ms)
  ✔ hours (0.1873ms)
✔ formatVttTime (3.5424ms)
▶ buildWebVTT
  ✔ empty cues returns bare WEBVTT (0.3865ms)
  ✔ single cue with default end (3.5 s, capped at seg end) (0.3326ms)
  ✔ single cue end capped at segment boundary (1.6613ms)
  ✔ two cues: first ends at second start minus gap (0.345ms)
  ✔ cue starting at or after segment end is skipped (0.3254ms)
  ✔ negative offset cue clamped to 0 (0.1983ms)
✔ buildWebVTT (3.9052ms)
▶ buildPlaylist
  ✔ single segment playlist (0.7867ms)
  ✔ rolling window with sequence > 0 (0.183ms)
✔ buildPlaylist (1.1298ms)
▶ HlsSubsManager
  ✔ getLanguages returns [] for unknown key (1.179ms)
  ✔ getPlaylist returns null for unknown key (0.2174ms)
  ✔ addCue starts tracking a key (0.4822ms)
  ✔ after flush, playlist and segment file exist (18.2881ms)
  ✔ multiple languages tracked independently (8.4325ms)
  ✔ rolling window evicts oldest segment when full (8.6325ms)
  ✔ empty segment written when no cues in window (4.9783ms)
  ✔ stopSubs cleans up state and files (6.7343ms)
  ✔ invalid lang tags are ignored (0.3448ms)
✔ HlsSubsManager (58.3237ms)
▶ POST /icons — upload
  ✔ returns 201 on valid PNG upload (81.6173ms)
  ✔ returns 201 on valid SVG upload (14.1591ms)
  ✔ returns 400 when filename is missing (8.3498ms)
  ✔ returns 400 when mimeType is unsupported (7.5347ms)
  ✔ returns 400 when data is missing (6.6878ms)
  ✔ returns 400 when PNG magic bytes are invalid (6.4419ms)
  ✔ returns 400 when SVG content is not valid SVG (5.8262ms)
  ✔ returns 401 without Authorization (5.2554ms)
  ✔ writes icon file to ICONS_DIR on upload (9.7561ms)
✔ POST /icons — upload (156.4439ms)
▶ GET /icons — list
  ✔ returns empty array when none uploaded (8.9962ms)
  ✔ includes uploaded icon in the list (9.8232ms)
  ✔ returns 401 without Authorization (5.0645ms)
✔ GET /icons — list (24.3569ms)
▶ GET /icons/:id — public serve
  ✔ returns 200 with correct Content-Type (13.9628ms)
  ✔ sets Access-Control-Allow-Origin: * (11.14ms)
  ✔ sets Cache-Control: public (9.2814ms)
  ✔ returns 404 for unknown id (12.3652ms)
  ✔ returns 400 for non-numeric id (9.5633ms)
  ✔ returns valid PNG binary content (10.1986ms)
  ✔ does not require Authorization (public) (12.0462ms)
✔ GET /icons/:id — public serve (79.4128ms)
▶ DELETE /icons/:id
  ✔ deletes icon and removes from list (14.5209ms)
  ✔ returns 404 for icon owned by different key (11.2069ms)
  ✔ returns 401 without Authorization (4.9727ms)
  ✔ returns 404 for unknown id (4.543ms)
✔ DELETE /icons/:id (35.7817ms)
▶ Admin middleware
  ✔ should return 503 when ADMIN_KEY is not set (47.4405ms)
  ✔ should return 401 when X-Admin-Key header is missing (7.0279ms)
  ✔ should return 403 when X-Admin-Key does not match (6.3259ms)
✔ Admin middleware (64.2319ms)
▶ GET /keys
  ✔ should return empty list when no keys exist (9.4797ms)
  ✔ should return all keys in the database (6.6064ms)
  ✔ should format keys with key, owner, active, expires, createdAt (5.0641ms)
✔ GET /keys (21.8276ms)
▶ POST /keys
  ✔ should return 400 when owner is missing (36.7293ms)
  ✔ should create key with auto-generated UUID when no key provided (5.2156ms)
  ✔ should create key with custom key value (4.1444ms)
  ✔ should create key with expiration date (5.0007ms)
  ✔ should create key without expiration (never expires) (5.7284ms)
✔ POST /keys (57.6752ms)
▶ GET /keys/:key
  ✔ should return 404 for non-existent key (4.5257ms)
  ✔ should return key details for existing key (3.0905ms)
✔ GET /keys/:key (7.9016ms)
▶ PATCH /keys/:key
  ✔ should return 404 for non-existent key (5.7039ms)
  ✔ should update owner (6.6765ms)
  ✔ should update expires (4.8452ms)
  ✔ should update both owner and expires (4.8131ms)
  ✔ should clear expiration when expires is null (4.7606ms)
✔ PATCH /keys/:key (27.3652ms)
▶ DELETE /keys/:key
  ✔ should return 404 for non-existent key (4.0352ms)
  ✔ should soft-delete (revoke) by default (3.2903ms)
  ✔ should permanently delete when permanent=true (6.5579ms)
✔ DELETE /keys/:key (14.3203ms)
▶ POST /live
  ✔ should return 400 if apiKey is missing (74.4451ms)
  ✔ should return 400 if domain is missing (9.9209ms)
  ✔ should return 401 for unknown API key (8.1133ms)
  ✔ should return 401 for revoked API key (5.6269ms)
[LCYT] Caption sender started
[LCYT] Caption sender stopped. Total captions sent: 0
  ✔ should return 200 with token, sessionId, sequence, syncOffset, startedAt for valid key (target-array mode, no streamKey) (13.2117ms)
[LCYT] Caption sender started
[LCYT] ⚠ Heartbeat #0 returned status 401
[LCYT] ⚠ Could not parse server timestamp — syncOffset not updated
  ✔ should return 200 with token for valid key with legacy streamKey (761.2168ms)
  ✔ should store the session in the store (target-array mode) (2.6458ms)
[LCYT] Caption sender started
[LCYT] ⚠ Heartbeat #0 returned status 401
[LCYT] ⚠ Could not parse server timestamp — syncOffset not updated
  ✔ should store the session in the store (legacy streamKey mode) (699.736ms)
  ✔ should be idempotent — re-registration returns same token (5.4362ms)
  ✔ should set Access-Control-Allow-Origin header to domain (2.1347ms)
  ✔ JWT payload should contain sessionId and apiKey, and must not expose streamKey or domain (3.0966ms)
✔ POST /live (1596.9313ms)
▶ GET /live
  ✔ should return 401 if no Authorization header (2.1225ms)
  ✔ should return 401 for invalid token (1.691ms)
  ✔ should return 404 if session not found (1.7509ms)
  ✔ should return 200 with sequence and syncOffset for valid session (3.1899ms)
✔ GET /live (9.0275ms)
▶ DELETE /live
  ✔ should return 401 if no Authorization header (1.5491ms)
  ✔ should return 401 for invalid token (1.2307ms)
  ✔ should return 404 if session not found (1.4698ms)
  ✔ should return 200 with removed=true and remove the session (3.134ms)
✔ DELETE /live (7.6037ms)
▶ LocalFfmpegRunner
  ✔ starts and stops a process (uses node as a harmless subprocess) (27.3048ms)
✔ LocalFfmpegRunner (29.7832ms)
✔ LocalFfmpegRunner start/stop lifecycle (uses node as fake ffmpeg) (25.3999ms)
(node:32264) ExperimentalWarning: Module mocking is an experimental feature and might change at any time
(Use `node --trace-warnings ...` to show where the warning was created)
▶ HlsManager — constructor
  ✔ uses provided options (1.0766ms)
  ✔ hlsDir() returns root/key path (0.3507ms)
  ✔ isRunning() returns false initially (0.1829ms)
✔ HlsManager — constructor (2.9668ms)
[LCYT] [hls:key2] HLS active (no-local-rtmp)
▶ HlsManager — start()
  ✔ resolves and marks the key as running (9.3447ms)
  ✔ creates the HLS output directory (0.6683ms)
[LCYT] [hls:dupkey] HLS active (no-local-rtmp)
[LCYT] [hls:errkey] HLS active (no-local-rtmp)
[LCYT] [hls:stopkey] HLS active (no-local-rtmp)
[LCYT] [hls:key-a] HLS active (no-local-rtmp)
[LCYT] [hls:key-b] HLS active (no-local-rtmp)
[LCYT] [radio:rkey] nginx proxy active → /r/a817872d4a78cbb6/index.m3u8
[LCYT] [radio:rkey] nginx proxy active → /r/a817872d4a78cbb6/index.m3u8
[LCYT] [radio:rkey] nginx proxy active → /r/a817872d4a78cbb6/index.m3u8
[LCYT] [radio:rkey] nginx proxy removed
[LCYT] [radio:r1] nginx proxy active → /r/82f3e9c695dc6b8d/index.m3u8
[LCYT] [radio:r2] nginx proxy active → /r/db77fd01af957221/index.m3u8
[LCYT] [radio:r1] nginx proxy removed
[LCYT] [radio:r2] nginx proxy removed
  ✔ passes correct ffmpeg args (stream copy mode) (1.806ms)
  ✖ stops any existing process before starting a new one (2.0157ms)
  ✖ rejects when the process emits an error (nextTick fires before setImmediate) (1.0682ms)
✖ HlsManager — start() (15.547ms)
▶ HlsManager — stop()
  ✔ resolves immediately when the key is not running (0.7227ms)
  ✖ kills the process and marks key as not running (0.9589ms)
✖ HlsManager — stop() (2.4798ms)
▶ HlsManager — stopAll()
  ✖ stops all running processes (0.6717ms)
  ✔ is a no-op when no processes are running (0.4288ms)
✖ HlsManager — stopAll() (1.2576ms)
▶ RadioManager
  ✖ hlsDir() returns root/key (0.6571ms)
  ✖ start() marks key as running and spawns ffmpeg (3.0467ms)
  ✖ uses audio-only flags (-vn, aac) (0.537ms)
  ✔ stop() marks key as not running (0.5499ms)
  ✔ stopAll() clears all keys (0.518ms)
✖ RadioManager (5.62ms)
▶ PreviewManager — constructor
  ✖ previewPath() returns root/key/incoming.jpg (0.2817ms)
  ✔ isRunning() returns false initially (0.112ms)
✖ PreviewManager — constructor (0.6408ms)
▶ PreviewManager — start()
  ✖ resolves and marks key as running (0.4901ms)
  ✖ uses image2 muxer with fps filter and -update 1 (0.4748ms)
  ✖ creates the preview output directory (6.974ms)
✖ PreviewManager — start() (8.2336ms)
▶ PreviewManager — stop() / stopAll()
  ✔ stop() resolves when key is not running (0.5624ms)
  ✔ stop() marks key as not running (0.1993ms)
  ✔ stopAll() clears all keys (0.39ms)
✔ PreviewManager — stop() / stopAll() (1.3606ms)
▶ applyMetacodeProcessors
  ✔ applies dsk then sound processors in order (dsk async, sound sync) (1.3839ms)
  ✔ no-ops when processors are null (0.2717ms)
✔ applyMetacodeProcessors (3.142ms)
▶ POST /mic
  ✔ should return 401 with no Authorization header (84.7026ms)
  ✔ should return 401 for invalid token (8.3845ms)
  ✔ should return 404 when session not found (13.9255ms)
  ✔ should return 400 when clientId is missing (7.5548ms)
  ✔ should return 400 when action is invalid (7.9741ms)
  ✔ claim: sets holder and returns ok with holder (5.0416ms)
  ✔ claim: overwrites existing holder (soft lock is advisory) (9.4146ms)
  ✔ release: clears holder when requester is the current holder (10.1915ms)
  ✔ release: is a no-op when requester is not the current holder (6.6916ms)
  ✔ release: is a no-op when no one holds the mic (3.8436ms)
  ✔ emits mic_state event after claim (4.4576ms)
  ✔ emits mic_state event after release (7.8229ms)
✔ POST /mic (178.3712ms)
✔ createFifoWriter: write times out when open fails (EAGAIN) (63.6893ms)
✔ createFifoWriter: write succeeds when reader present and drains (9.9336ms)
file:///C:/Users/jsilv/Code/live-captions-yt/packages/lcyt-backend/test/pipe-utils.test.js:6
import * as fs from 'node:fs';
^^^^^^^^^^^^^^

SyntaxError: Identifier 'fs' has already been declared
    at compileSourceTextModule (node:internal/modules/esm/utils:318:16)
    at ModuleLoader.moduleStrategy (node:internal/modules/esm/translators:111:18)
    at #translate (node:internal/modules/esm/loader:473:20)
    at afterLoad (node:internal/modules/esm/loader:529:29)
    at ModuleLoader.loadAndTranslate (node:internal/modules/esm/loader:534:12)
    at #getOrCreateModuleJobAfterResolve (node:internal/modules/esm/loader:571:36)
    at afterResolve (node:internal/modules/esm/loader:624:52)
    at ModuleLoader.getOrCreateModuleJob (node:internal/modules/esm/loader:630:12)
    at onImport.tracePromise.__proto__ (node:internal/modules/esm/loader:649:32)
    at TracingChannel.tracePromise (node:diagnostics_channel:350:14)

Node.js v24.13.0
✖ test\pipe-utils.test.js (136.8647ms)
✔ makeFifo / isFifo behavior (platform aware) (6.613ms)
✖ PreviewManager starts/stops using a fake ffmpeg in PATH (4.7761ms)
▶ GET /preview/:key/incoming.jpg — key validation
  ✖ returns 400 for a key that is too short (61.3473ms)
  ✖ returns 400 for a key with invalid characters (6.6583ms)
✖ GET /preview/:key/incoming.jpg — key validation (71.7098ms)
▶ GET /preview/:key/incoming.jpg — file missing
  ✖ returns 404 when preview file does not exist (9.1298ms)
✖ GET /preview/:key/incoming.jpg — file missing (11.1891ms)
▶ GET /preview/:key/incoming.jpg — file present
  ✖ returns 200 with image/jpeg content type (6.4127ms)
  ✖ sets CORS header to * (4.2064ms)
  ✖ sets Cache-Control with public max-age=5 (10.9852ms)
  ✖ sets Last-Modified header (4.511ms)
  ✖ returns 304 when If-Modified-Since is in the future (7.2433ms)
  ✖ returns 200 when If-Modified-Since is in the past (3.3055ms)
✖ GET /preview/:key/incoming.jpg — file present (37.7757ms)
▶ OPTIONS /preview/:key/* — CORS preflight
  ✖ returns 204 with CORS headers (6.4028ms)
✖ OPTIONS /preview/:key/* — CORS preflight (6.8223ms)
▶ radio_enabled DB column
  ✔ defaults to false on createKey (1.7834ms)
  ✔ can be set to true on createKey (0.4395ms)
  ✔ isRadioEnabled returns false for unknown key (0.5112ms)
  ✔ isRadioEnabled returns true after updateKey (0.8752ms)
  ✔ isRadioEnabled returns false after disabling (0.6103ms)
✔ radio_enabled DB column (24.5809ms)
▶ RadioManager
  ✖ hlsDir returns path inside hlsRoot (0.5282ms)
  ✔ isRunning returns false for unstarted key (0.2486ms)
  ✔ stop resolves immediately if not running (0.4897ms)
  ✔ stopAll resolves immediately when no processes running (0.2543ms)
✖ RadioManager (4.0624ms)
▶ POST /radio (nginx-rtmp single-URL callbacks)
  ✔ returns 400 if name is missing (84.3599ms)
  ✔ returns 403 when radio is not enabled for the key (9.21ms)
  ✔ returns 200 and starts HLS when radio is enabled (call=publish) (5.8036ms)
  ✔ returns 200 and stops HLS on call=publish_done (5.4316ms)
  ✔ returns 400 for unknown call type (6.3656ms)
✔ POST /radio (nginx-rtmp single-URL callbacks) (134.4715ms)
▶ POST /radio/on_publish and /radio/on_publish_done
  ✔ POST /radio/on_publish starts enabled key (12.595ms)
  ✔ POST /radio/on_publish denies disabled key (6.5626ms)
  ✔ POST /radio/on_publish_done stops the stream (3.725ms)
✔ POST /radio/on_publish and /radio/on_publish_done (33.9151ms)
[LCYT] ✗ [radio] MediaMTX proxy error for nosuchst: fetch failed
▶ GET /radio/:key/index.m3u8
  ✖ returns 404 when no stream is live (13.9063ms)
  ✔ returns 400 for too-short key (6.1464ms)
  ✔ returns 400 for key with path traversal characters (7.046ms)
[LCYT] ✗ [radio] MediaMTX proxy error for teststre: fetch failed
  ✖ serves playlist with correct content-type when file exists (6.9597ms)
✖ GET /radio/:key/index.m3u8 (46.866ms)
▶ GET /radio/:key/:segment
  ✔ returns 400 for non-ts segment names (6.6042ms)
[LCYT] ✗ [radio] MediaMTX proxy error for testkey: fetch failed
  ✖ returns 400 for segment with wrong numeric format (8.0348ms)
[LCYT] ✗ [radio] MediaMTX proxy error for testkey: fetch failed
  ✖ returns 404 for valid segment name that does not exist (5.1241ms)
[LCYT] ✗ [radio] MediaMTX proxy error for segtest: fetch failed
  ✖ serves segment with correct content-type when file exists (6.6607ms)
✖ GET /radio/:key/:segment (38.3049ms)
▶ GET /radio/:key/player.js
  ✔ returns 400 for too-short key (6.778ms)
  ✔ returns JavaScript content-type (4.3059ms)
  ✔ snippet contains the radio key and HLS URL (3.6264ms)
  ✔ snippet creates an audio element (2.6915ms)
  ✔ has CORS header (2.0689ms)
✔ GET /radio/:key/player.js (27.9715ms)
[LCYT] ✓ ffmpeg found — RTMP relay is available.
[LCYT] ✓ ffmpeg found — RTMP relay is available.
[LCYT] ✓ ffmpeg found — RTMP relay is available.
[LCYT] ✓ ffmpeg found — RTMP relay is available.
[LCYT] [rtmp] Starting relay (1 slot(s), cea708=false, transcode=false, dsk=false): rtmp://rtmp.lcyt.fi/stream/key1
[LCYT] [rtmp] Starting relay (1 slot(s), cea708=false, transcode=false, dsk=false): rtmp://rtmp.lcyt.fi/stream/key1
[LCYT] [rtmp] Starting relay (1 slot(s), cea708=false, transcode=false, dsk=false): rtmp://rtmp.lcyt.fi/stream/key1
[LCYT] [rtmp] Starting relay (1 slot(s), cea708=false, transcode=false, dsk=false): rtmp://rtmp.lcyt.fi/stream/dup
[LCYT] [rtmp] Starting relay (1 slot(s), cea708=false, transcode=false, dsk=false): rtmp://rtmp.lcyt.fi/stream/dup
(node:1176) ExperimentalWarning: Module mocking is an experimental feature and might change at any time
(Use `node --trace-warnings ...` to show where the warning was created)
▶ probeFfmpeg
  ✔ returns available=true when ffmpeg exists (2.2395ms)
  ✔ returns hasLibx264=true when encoder is in output (0.5254ms)
  ✔ returns hasEia608=true when encoder is in output (0.359ms)
  ✔ returns hasSubrip=true when demuxer is in output (0.3238ms)
✔ probeFfmpeg (5.0051ms)
▶ RtmpRelayManager — constructor
  ✔ isRunning() returns false initially (0.4458ms)
  ✔ runningSlots() returns [] when nothing running (1.0618ms)
  ✔ startedAt() returns null initially (0.2646ms)
  ✔ hasCea708() returns false initially (0.2327ms)
  ✔ isPublishing() returns false initially (0.2793ms)
✔ RtmpRelayManager — constructor (2.8973ms)
▶ RtmpRelayManager — publish tracking
  ✔ markPublishing / isPublishing / markNotPublishing (0.3062ms)
✔ RtmpRelayManager — publish tracking (0.4361ms)
▶ RtmpRelayManager — start()
  ✔ resolves and marks key as running (2.8695ms)
  ✔ uses -c copy in simple stream copy mode (0.4956ms)
  ✔ includes the target URL in tee args (0.4352ms)
[LCYT] ⚠ [rtmp] ffmpeg exited with code 0 for key dup
[LCYT] ⚠ [rtmp] ffmpeg exited with code 0 for key empty
[LCYT] ⚠ [rtmp] ffmpeg exited with code 0 for key k
[LCYT] ⚠ [rtmp] ffmpeg exited with code 0 for key k
[LCYT] ⚠ [rtmp] ffmpeg exited with code 0 for key a
[LCYT] ⚠ [rtmp] ffmpeg exited with code 0 for key b
[LCYT] [rtmp] Starting relay (1 slot(s), cea708=false, transcode=false, dsk=false): rtmp://rtmp.lcyt.fi/stream/empty
[LCYT] [rtmp] Starting relay (1 slot(s), cea708=false, transcode=false, dsk=false): rtmp://rtmp.lcyt.fi/stream/k
[LCYT] [rtmp] Starting relay (2 slot(s), cea708=false, transcode=false, dsk=false): rtmp://rtmp.lcyt.fi/stream/k
[LCYT] [rtmp] Starting relay (1 slot(s), cea708=false, transcode=false, dsk=false): rtmp://rtmp.lcyt.fi/stream/k
  ✔ stops any existing process before starting new one (22.8746ms)
  ✔ resolves immediately with no relays (stops existing proc) (0.5091ms)
  ✔ rejects when ffmpegCaps.available is false (0.9584ms)
  ✔ records startedAt after start() (0.3879ms)
  ✔ runningSlots() returns correct slot numbers (0.5785ms)
✔ RtmpRelayManager — start() (29.5427ms)
▶ RtmpRelayManager — stop()
  ✔ resolves immediately when key is not running (0.5731ms)
[LCYT] [rtmp] Starting relay (1 slot(s), cea708=false, transcode=false, dsk=false): rtmp://rtmp.lcyt.fi/stream/k
  ✔ marks key as not running after stop() (3.9062ms)
[LCYT] [rtmp] Starting relay (1 slot(s), cea708=false, transcode=false, dsk=false): rtmp://rtmp.lcyt.fi/stream/a
[LCYT] [rtmp] Starting relay (1 slot(s), cea708=false, transcode=false, dsk=false): rtmp://rtmp.lcyt.fi/stream/b
  ✔ stopKey() is an alias for stop() (0.9289ms)
[LCYT] [rtmp] Starting relay (1 slot(s), cea708=false, transcode=false, dsk=false): rtmp://rtmp.lcyt.fi/stream/k
[LCYT] [rtmp] Starting relay (1 slot(s), cea708=false, transcode=false, dsk=false): rtmp://rtmp.lcyt.fi/stream/k
[LCYT] [rtmp] Starting relay (1 slot(s), cea708=false, transcode=false, dsk=false): rtmp://rtmp.lcyt.fi/stream/k
  ✔ stopAll() stops all running processes (1.341ms)
✔ RtmpRelayManager — stop() (7.0924ms)
▶ RtmpRelayManager — startAll()
  ✔ startAll() is an alias for start() (0.425ms)
✔ RtmpRelayManager — startAll() (0.5376ms)
▶ RtmpRelayManager — isSlotRunning()
  ✔ returns false when not running (0.3053ms)
  ✔ returns true for running slot (0.3976ms)
✔ RtmpRelayManager — isSlotRunning() (0.8434ms)
▶ RtmpRelayManager — writeCaption()
  ✔ returns false when key is not running in CEA-708 mode (0.6386ms)
✔ RtmpRelayManager — writeCaption() (0.7371ms)
▶ RtmpRelayManager — dropPublisher()
  ✔ is a no-op when RTMP_CONTROL_URL is not set (0.3726ms)
✔ RtmpRelayManager — dropPublisher() (0.4724ms)
﹣ FIFO host<->container communication (gated) (1.0728ms) # SKIP
▶ relay_allowed column
  ✔ defaults to false on createKey (1.7671ms)
  ✔ can be set to true on createKey (0.4957ms)
  ✔ isRelayAllowed returns false by default (0.437ms)
  ✔ isRelayAllowed returns true after updateKey (0.6136ms)
  ✔ isRelayAllowed returns false for unknown key (0.2269ms)
✔ relay_allowed column (23.6519ms)
▶ relay_active column
  ✔ defaults to false on createKey (0.7155ms)
  ✔ setRelayActive sets it to true (0.5147ms)
  ✔ setRelayActive sets it back to false (0.4597ms)
  ✔ isRelayActive returns false for unknown key (0.2231ms)
  ✔ setRelayActive returns false for unknown key (0.2779ms)
✔ relay_active column (8.7592ms)
▶ rtmp_relays DB helpers (fan-out)
  ✔ getRelaySlot returns null when no relay configured (0.4432ms)
  ✔ getRelay (compat alias) returns null for slot 1 when no relay configured (0.2409ms)
  ✔ upsertRelay creates relay at slot 1 by default (via compat alias) (0.5034ms)
  ✔ upsertRelay creates relay at slot 2 (0.3065ms)
  ✔ getRelays returns all slots ordered by slot (0.2392ms)
  ✔ upsertRelay updates existing relay slot (0.3906ms)
  ✔ deleteRelaySlot removes a specific slot (0.6766ms)
  ✔ deleteAllRelays removes all slots for a key (0.6982ms)
  ✔ deleteRelay (compat alias) removes all slots and returns boolean (0.8664ms)
  ✔ upsertRelay rejects slot out of range (0.7362ms)
  ✔ upsertRelay stores targetName and captionMode (0.3999ms)
✔ rtmp_relays DB helpers (fan-out) (12.2756ms)
▶ PATCH /keys/:key relay_allowed
  ✔ should set relay_allowed via PATCH (81.0541ms)
  ✔ should unset relay_allowed via PATCH (7.3636ms)
✔ PATCH /keys/:key relay_allowed (103.8472ms)
▶ RtmpRelayManager
  ✔ isRunning returns false for unknown key (0.3236ms)
  ✔ isSlotRunning returns false for unknown key+slot (0.1074ms)
  ✔ runningSlots returns empty array for unknown key (0.7351ms)
  ✔ stop is a no-op for unknown key (0.3419ms)
  ✔ stopKey is a no-op for unknown key (0.121ms)
  ✔ stopAll resolves when no processes running (0.134ms)
  ✔ dropPublisher is a no-op when RTMP_CONTROL_URL not set (0.409ms)
  ✔ isPublishing returns false for unknown key (0.0883ms)
  ✔ startedAt returns null for unknown key (0.1192ms)
  ✔ hasCea708 returns false for unknown key (0.1479ms)
  ✔ writeCaption returns false when no process is running (0.2414ms)
  ✔ start() with empty relays is a no-op (0.8095ms)
  ✔ start() with empty relays resolves and stops any existing process (0.1382ms)
  ✔ runningSlots reflects slots passed to start() (via meta, no real ffmpeg) (0.335ms)
  ✔ startedAt returns the startedAt Date from meta (0.108ms)
✔ RtmpRelayManager (4.6257ms)
▶ POST /rtmp (nginx-rtmp callbacks)
  ✔ returns 400 when name is missing (16.2144ms)
  ✔ returns 403 when relay not allowed (call=publish) (4.1144ms)
[LCYT] [rtmp] Relay not active for d9b2298f…; accepting stream but not fanning out
  ✔ returns 200 when relay_allowed (no relay configured) (5.286ms)
  ✔ returns 200 for call=publish_done even for unknown key (2.568ms)
[LCYT] [rtmp] Relay not active for 28347568…; accepting stream but not fanning out
  ✔ marks key as publishing on call=publish (2.3105ms)
[LCYT] [rtmp] Relay not active for 9f1e307d…; accepting stream but not fanning out
  ✔ unmarks key on call=publish_done (4.1647ms)
[LCYT] [rtmp] Relay not active for 56147faf…; accepting stream but not fanning out
  ✔ does NOT start fan-out when relay_active=false even with slots configured (4.7696ms)
  ✔ returns 400 for unknown call type (2.9061ms)
[LCYT] ⚠ [rtmp] Rejected request: app 'wrong-app' !== expected 'expected-app'
  ✔ rejects wrong app name when RTMP_APPLICATION is set (2.8952ms)
  ✔ accepts correct app name when RTMP_APPLICATION is set (2.315ms)
✔ POST /rtmp (nginx-rtmp callbacks) (56.8093ms)
▶ /stream CRUD (fan-out)
  ✔ GET /stream returns empty relays when none configured (7.0618ms)
  ✔ PUT /stream/active returns 400 when active is not a boolean (3.6896ms)
  ✔ PUT /stream/active sets relay active to true (3.7915ms)
  ✔ PUT /stream/active sets relay active to false (1.8963ms)
  ✔ POST /stream creates relay slot 1 with targetName and captionMode (2.0293ms)
  ✔ POST /stream creates relay slot 2 (second target in fan-out) (1.7251ms)
  ✔ GET /stream returns all configured slots + runningSlots (1.3345ms)
  ✔ GET /stream/history returns stream history array (1.5616ms)
  ✔ PUT /stream/1 updates relay slot 1 (1.9283ms)
  ✔ PUT /stream/3 returns 404 when slot 3 not configured (1.8013ms)
  ✔ POST /stream returns 400 for invalid targetUrl (1.9327ms)
  ✔ POST /stream returns 400 for slot out of range (1.938ms)
  ✔ DELETE /stream/2 removes slot 2 only (2.5185ms)
  ✔ DELETE /stream removes all relay configs (2.787ms)
  ✔ GET /stream returns 403 for key without relay_allowed (2.4867ms)
✔ /stream CRUD (fan-out) (50.5731ms)
▶ cea708_delay_ms per-key column
  ✔ defaults to 0 on createKey (0.2374ms)
  ✔ can be set via createKey (0.2026ms)
  ✔ can be updated via updateKey (0.2211ms)
  ✔ is exposed in formatKey as cea708DelayMs (0.358ms)
✔ cea708_delay_ms per-key column (4.3182ms)
▶ RtmpRelayManager CEA-708 (meta injection, no real ffmpeg)
  ✔ hasCea708 returns false when meta.hasCea708 is false (0.1746ms)
  ✔ hasCea708 returns true when meta.hasCea708 is true (0.087ms)
  ✔ writeCaption returns false when hasCea708 is false (0.0758ms)
  ✔ writeCaption returns false when proc has no stdin (e.g. stream copy mode) (0.0954ms)
  ✔ writeCaption writes SRT cue to stdin and returns true (0.2176ms)
  ✔ writeCaption uses speechStart for cue timing when provided (0.1713ms)
  ✔ writeCaption increments srtSeq on each call (0.1602ms)
  ✔ CEA-708 not enabled when ffmpegCaps lacks libx264 or eia608 (0.1217ms)
✔ RtmpRelayManager CEA-708 (meta injection, no real ffmpeg) (1.2797ms)
▶ PATCH /keys/:key cea708_delay_ms
  ✔ sets cea708_delay_ms via PATCH (12.413ms)
  ✔ resets cea708_delay_ms to 0 via PATCH (3.0466ms)
✔ PATCH /keys/:key cea708_delay_ms (20.7887ms)
▶ POST /stream captionMode cea708 accepted
  ✔ POST /stream with captionMode cea708 returns 201 with captionMode=cea708 (3.3797ms)
  ✔ POST /stream with unknown captionMode defaults to http (2.7182ms)
✔ POST /stream captionMode cea708 accepted (11.4414ms)
▶ upsertRelay — per-slot transcoding fields
  ✔ stores scale, fps, videoBitrate, audioBitrate in the DB (0.2678ms)
  ✔ all transcode fields default to null (0.169ms)
  ✔ can update transcode fields via a second upsertRelay (0.2418ms)
✔ upsertRelay — per-slot transcoding fields (4.9201ms)
▶ POST /stream — transcode field validation
  ✔ POST /stream with scale + fps stores transcode options (4.6983ms)
  ✔ POST /stream with invalid scale returns 400 (2.5823ms)
  ✔ POST /stream with invalid fps returns 400 (1.5532ms)
  ✔ POST /stream with scale using colon notation is normalised to WxH (1.7065ms)
  ✔ POST /stream with null scale stores null (1.4181ms)
✔ POST /stream — transcode field validation (18.0025ms)
▶ RtmpRelayManager server-side DSK overlay
  ✔ hasDsk returns false for unknown key (0.1844ms)
  ✔ dskNames returns empty array for unknown key (0.0827ms)
  ✔ setDskOverlay stores DSK state (0.1531ms)
  ✔ setDskOverlay clears DSK state when imagePaths is empty (0.0938ms)
  ✔ hasDsk returns true when meta.hasDsk is true (via meta injection) (0.1101ms)
  ✔ dskNames returns ordered names from meta (0.0828ms)
  ✔ start() with DSK state picks up _dskState for hasDsk flag in meta (0.1626ms)
  ✔ setDskOverlay skips empty imagePaths entries (0.1056ms)
  ✔ setDskOverlay clears state when only empty paths given (0.1075ms)
✔ RtmpRelayManager server-side DSK overlay (1.2528ms)
▶ GET /stats
  ✔ should return 401 with no Authorization header (57.0178ms)
  ✔ should return 401 for invalid token (8.2391ms)
  ✔ should return stats for a valid JWT (session need not be in store) (11.4648ms)
  ✔ should return stats for a valid session (7.9834ms)
  ✔ should return 404 for unknown API key (10.8125ms)
  ✔ usage.dailyLimit and lifetimeLimit are null when not set (10.1751ms)
✔ GET /stats (109.7716ms)
▶ DELETE /stats
  ✔ should return 401 with no Authorization header (4.1018ms)
  ✔ should anonymise the key and return ok (5.861ms)
  ✔ should return 404 for unknown API key (7.7387ms)
✔ DELETE /stats (18.2545ms)
▶ makeSessionId
  ✔ should return a 16-character hex string (1.7804ms)
  ✔ should be deterministic — same inputs produce same output (0.8672ms)
  ✔ should differ for different inputs (0.4134ms)
  ✔ should differ when only the API key differs (1.0137ms)
✔ makeSessionId (6.4787ms)
▶ SessionStore
  ▶ create, get, has
    ✔ should create a session and retrieve it by sessionId (1.7825ms)
    ✔ has() should return true for existing session (0.694ms)
    ✔ has() should return false for non-existent session (0.3667ms)
    ✔ get() should return undefined for non-existent session (0.3599ms)
    ✔ sessionId should match makeSessionId output (0.4324ms)
    ✔ should default sequence and syncOffset to 0 (0.3616ms)
  ✔ create, get, has (4.732ms)
  ▶ getByDomain
    ✔ should return all sessions with matching domain (0.3372ms)
    ✔ should return empty array when no sessions match the domain (1.2359ms)
  ✔ getByDomain (2.0756ms)
  ▶ remove
    ✔ should remove and return the session (0.7859ms)
    ✔ should return undefined for non-existent session (0.2847ms)
  ✔ remove (1.3764ms)
  ▶ all and size
    ✔ size() should return 0 for empty store (0.2544ms)
    ✔ size() should return the count of active sessions (0.2728ms)
    ✔ all() should iterate over all sessions (0.2317ms)
  ✔ all and size (0.9716ms)
  ▶ touch
    ✔ should update lastActivityAt to approximately now (19.2757ms)
    ✔ should do nothing for non-existent session (7.429ms)
  ✔ touch (27.0078ms)
  ▶ stopCleanup
    ✔ should not throw when called on a store with no timer (0.3708ms)
    ✔ should stop the cleanup timer when it exists (0.4805ms)
  ✔ stopCleanup (1.0283ms)
  ▶ cleanup sweep
    ✔ should remove idle sessions and call sender.end() (94.8403ms)
    ✔ should not remove recently active sessions (62.1399ms)
  ✔ cleanup sweep (157.3659ms)
  ▶ getByApiKey
    ✔ returns the session matching the apiKey (0.4382ms)
    ✔ returns undefined when no session matches (0.2747ms)
  ✔ getByApiKey (0.8459ms)
✔ SessionStore (197.2704ms)
▶ hls_enabled DB column
  ✔ defaults to false on createKey (1.6103ms)
  ✔ can be set to true on createKey (0.4871ms)
  ✔ isHlsEnabled returns false for unknown key (0.2234ms)
  ✔ isHlsEnabled returns true after updateKey (0.604ms)
  ✔ isHlsEnabled returns false after disabling (0.3907ms)
  ✔ formatKey includes hlsEnabled field (1.0026ms)
✔ hls_enabled DB column (26.0073ms)
▶ HlsManager
  ✔ hlsDir returns path inside hlsRoot (0.5677ms)
  ✔ isRunning returns false for unstarted key (0.3088ms)
  ✔ stopAll resolves immediately when no processes are running (0.4451ms)
  ✔ stop resolves immediately for non-running key (0.3403ms)
[LCYT] [hls:dirtest] HLS stopped
  ✔ start creates the HLS output directory (35.6601ms)
✔ HlsManager (39.4064ms)
▶ PreviewManager
  ✖ previewPath returns path inside previewRoot with incoming.jpg (0.3594ms)
  ✔ isRunning returns false for unstarted key (0.132ms)
  ✔ stopAll resolves immediately when no processes are running (0.1528ms)
  ✔ stop resolves immediately for non-running key (0.1614ms)
✖ PreviewManager (2.3548ms)
[LCYT] [hls:dirtest] ffmpeg exited code=null
▶ POST /stream-hls — nginx callbacks
  ✔ returns 400 when name is missing (67.7224ms)
  ✔ returns 403 when HLS is not enabled for the key (6.4666ms)
  ✔ returns 200 for publish_done even if key is unknown (stop is idempotent) (3.8456ms)
  ✔ returns 400 for unknown call type (3.8509ms)
  ✔ POST /stream-hls/on_publish returns 403 if not enabled (4.0419ms)
  ✔ POST /stream-hls/on_publish_done returns 200 (4.7674ms)
✔ POST /stream-hls — nginx callbacks (113.7551ms)
[LCYT] ✗ [stream-hls] MediaMTX proxy error for nosuchst: fetch failed
▶ GET /stream-hls/:key/index.m3u8
  ✖ returns 404 when no stream is live (16.5009ms)
  ✔ returns 400 for too-short key (5.4569ms)
  ✔ returns 400 for key with path traversal characters (7.7564ms)
[LCYT] ✗ [stream-hls] MediaMTX proxy error for teststre: fetch failed
  ✖ serves playlist with correct content-type when file exists (4.0466ms)
✖ GET /stream-hls/:key/index.m3u8 (46.8221ms)
▶ GET /stream-hls/:key/:segment
  ✔ returns 400 for non-ts segment names (7.229ms)
[LCYT] ✗ [stream-hls] MediaMTX proxy error for testkey: fetch failed
  ✖ returns 400 for segment with wrong numeric format (4.892ms)
[LCYT] ✗ [stream-hls] MediaMTX proxy error for testkey: fetch failed
  ✖ returns 404 for valid segment name that does not exist (3.8462ms)
[LCYT] ✗ [stream-hls] MediaMTX proxy error for segtest: fetch failed
  ✖ serves segment with correct content-type when file exists (5.8964ms)
✖ GET /stream-hls/:key/:segment (32.6853ms)
▶ GET /stream-hls/:key/player.js
  ✔ returns 400 for too-short key (5.5966ms)
  ✔ returns JavaScript content-type (3.8513ms)
  ✔ snippet contains the HLS key and playlist URL (3.9232ms)
  ✔ snippet creates a video element (not audio) (1.7542ms)
  ✔ has CORS header (1.2426ms)
✔ GET /stream-hls/:key/player.js (24.7837ms)
▶ GET /preview/:key/incoming.jpg
  ✖ returns 400 for too-short key (5.5641ms)
  ✔ returns 404 when no preview is available (3.5753ms)
  ✔ returns 400 for path traversal characters in key (2.9165ms)
  ✖ serves JPEG with correct content-type when file exists (3.5767ms)
  ✖ response has Cache-Control with max-age=5 (3.3195ms)
  ✖ response includes Last-Modified header (3.6746ms)
  ✖ returns 304 when If-Modified-Since matches mtime (3.1469ms)
  ✖ has CORS header (2.6852ms)
✖ GET /preview/:key/incoming.jpg (34.9229ms)
▶ GET /stream — authentication
  ✔ returns 401 without token (50.5385ms)
  ✔ returns 401 with invalid token (8.5845ms)
✔ GET /stream — authentication (62.0795ms)
▶ /stream — relay_allowed check
  ✔ returns 403 when relay_allowed = 0 (6.6763ms)
✔ /stream — relay_allowed check (6.9865ms)
▶ POST /stream — create relay slot
  ✔ returns 400 for missing targetUrl (31.5702ms)
  ✔ returns 400 for non-rtmp targetUrl (6.9323ms)
  ✔ returns 400 for invalid slot (> 4) (4.1946ms)
  ✔ returns 400 for invalid scale format (3.9923ms)
  ✔ creates a relay slot and returns 201 (5.4007ms)
  ✔ returns 400 when all 4 slots are used (16.4291ms)
✔ POST /stream — create relay slot (69.3989ms)
▶ GET /stream — list slots
  ✔ returns 200 with empty relays when none configured (4.3041ms)
  ✔ lists configured slots (4.2947ms)
✔ GET /stream — list slots (8.8367ms)
▶ GET /stream/history
  ✔ returns 200 with empty streams array initially (2.8121ms)
✔ GET /stream/history (3.0255ms)
▶ PUT /stream/active
  ✔ returns 400 when active is not boolean (4.4428ms)
  ✔ sets relay_active to true and returns 200 (3.3869ms)
  ✔ sets relay_active to false and stops running process (2.972ms)
✔ PUT /stream/active (11.1599ms)
▶ PUT /stream/:slot — update slot
  ✔ returns 404 for a slot that does not exist (3.6592ms)
  ✔ returns 400 for invalid slot number (2.9494ms)
  ✔ updates an existing slot and returns 200 (3.0854ms)
✔ PUT /stream/:slot — update slot (9.9507ms)
▶ DELETE /stream/:slot
  ✔ returns 400 for invalid slot (1.6646ms)
  ✔ deletes a slot and returns 200 (3.3673ms)
✔ DELETE /stream/:slot (5.1989ms)
▶ DELETE /stream — delete all slots
  ✔ deletes all slots and returns count (4.63ms)
  ✔ returns 0 deleted when nothing was configured (1.7456ms)
✔ DELETE /stream — delete all slots (6.5857ms)
▶ /stt routes
  ▶ GET /stt/status
    ✔ returns { running: false } when not running (43.0585ms)
    ✔ returns running details after start (6.39ms)
    ✔ rejects missing auth (3.645ms)
  ✔ GET /stt/status (54.0494ms)
  ▶ POST /stt/start
    ✔ starts STT with defaults (24.3837ms)
    ✔ starts STT with explicit provider and language (3.4153ms)
    ✔ rejects invalid provider (3.2801ms)
    ✖ rejects invalid audioSource (4.9797ms)
  ✖ POST /stt/start (37.5453ms)
  ▶ POST /stt/stop
    ✔ stops a running STT session (3.5387ms)
    ✔ is a no-op when STT is not running (2.2966ms)
  ✔ POST /stt/stop (6.0716ms)
  ▶ GET /stt/config
    ✔ returns defaults when no config stored (3.521ms)
    ✔ returns stored config (1.958ms)
  ✔ GET /stt/config (5.6307ms)
  ▶ PUT /stt/config
    ✔ persists config updates (2.5776ms)
    ✔ rejects invalid provider in config update (2.5113ms)
  ✔ PUT /stt/config (5.226ms)
  ▶ GET /stt/events (SSE)
    ✔ returns 200 text/event-stream and emits connected event (4.9995ms)
    ✔ returns 401 for missing token (3.407ms)
  ✔ GET /stt/events (SSE) (8.5594ms)
✖ /stt routes (119.9177ms)
▶ POST /sync
  ✔ should return 401 with no Authorization header (53.2195ms)
  ✔ should return 401 for invalid token (22.7518ms)
  ✔ should return 404 when session not found (9.8424ms)
  ✔ should return 200 with syncOffset, roundTripTime, serverTimestamp, statusCode (5.7304ms)
  ✔ should update session.syncOffset from the sync result (5.5469ms)
  ✔ should touch session activity after sync (23.6692ms)
  ✔ should return 502 when sender.sync() throws (3.8754ms)
✔ POST /sync (128.3817ms)
▶ GET /usage — authentication
  ✔ returns 503 when neither USAGE_PUBLIC nor ADMIN_KEY is set (48.1976ms)
  ✔ returns 401 when ADMIN_KEY is set but no X-Admin-Key header is provided (10.6184ms)
  ✔ returns 403 when X-Admin-Key header has wrong value (6.0847ms)
  ✔ returns 200 when correct X-Admin-Key is provided (6.3086ms)
  ✔ returns 200 when USAGE_PUBLIC is set (no auth needed) (4.9809ms)
✔ GET /usage — authentication (80.4618ms)
▶ GET /usage — validation
  ✔ returns 400 for invalid from date format (4.8822ms)
  ✔ returns 400 for invalid to date format (4.1307ms)
  ✔ returns 400 when from > to (4.0555ms)
  ✔ returns 403 when domain is not in ALLOWED_DOMAINS (3.8731ms)
✔ GET /usage — validation (17.7822ms)
▶ GET /usage — data and granularity
  ✔ returns an array under data key (7.62ms)
  ✔ returns cache headers for historical (past) windows (3.8578ms)
  ✔ returns no-store cache header for windows including today when global middleware is present (3.3412ms)
  ✔ returns day-granularity data by default (4.1618ms)
  ✔ granularity=hour returns hour-bucketed data (3.9538ms)
✔ GET /usage — data and granularity (23.6098ms)
▶ GET /video/:key — player HTML page
  ✔ returns 400 for an invalid key (too short) (67.9162ms)
  ✔ returns 400 for a key with invalid characters (6.1977ms)
  ✔ returns 200 HTML for a valid key regardless of stream status (7.8755ms)
  ✔ includes CORS headers (4.4924ms)
  ✔ applies dark theme by default (4.0986ms)
  ✔ applies light theme when ?theme=light (5.6126ms)
  ✔ sets Cache-Control: no-cache (6.7648ms)
✔ GET /video/:key — player HTML page (107.0908ms)
▶ GET /video/:key/master.m3u8 — HLS master manifest
  ✔ returns 404 when stream is not live (5.4587ms)
  ✔ returns 400 for invalid key (3.675ms)
  ✔ returns 200 with HLS manifest for a running stream (7.2607ms)
  ✔ includes subtitle tracks in manifest when subs manager has languages (3.5325ms)
✔ GET /video/:key/master.m3u8 — HLS master manifest (20.6084ms)
▶ GET /video/:key/subs/:lang/playlist.m3u8 — subtitle playlist
  ✔ returns 404 when playlist is not available (6.4269ms)
  ✔ returns 400 for invalid lang tag (3.8416ms)
  ✔ returns 200 with playlist content when available (3.5802ms)
✔ GET /video/:key/subs/:lang/playlist.m3u8 — subtitle playlist (14.2829ms)
▶ GET /video/:key/subs/:lang/:segment — WebVTT segment file
  ✔ returns 400 for invalid segment filename format (4.0771ms)
  ✔ returns 400 for invalid key (2.5953ms)
  ✔ returns 404 when segment file does not exist (existsSync returns false) (2.2183ms)
✔ GET /video/:key/subs/:lang/:segment — WebVTT segment file (9.2695ms)
▶ OPTIONS /video/* — CORS preflight
  ✔ returns 204 with CORS headers (2.3031ms)
✔ OPTIONS /video/* — CORS preflight (2.4889ms)
▶ GET /viewer/:key — validation
  ✔ returns 400 for a key that is too short (< 3 chars) (45.5711ms)
  ✔ returns 400 for a key with invalid characters (6.5323ms)
  ✔ returns 400 for a key with path traversal attempt (3.5365ms)
  ✔ accepts a key with letters and digits (6.746ms)
  ✔ accepts a key with hyphens and underscores (6.9766ms)
  ✔ accepts a minimum-length (3 char) key (7.5357ms)
✔ GET /viewer/:key — validation (80.625ms)
▶ GET /viewer/:key — SSE response headers
  ✔ sets Content-Type to text/event-stream (5.1699ms)
  ✔ sets Access-Control-Allow-Origin to * (4.5534ms)
  ✔ sets Cache-Control to no-cache (5.5602ms)
✔ GET /viewer/:key — SSE response headers (15.7027ms)
▶ OPTIONS /viewer/:key — CORS preflight
  ✔ returns 204 with Allow-Origin: * (4.917ms)
  ✔ returns Allow-Methods containing GET (3.4765ms)
✔ OPTIONS /viewer/:key — CORS preflight (8.6213ms)
▶ GET /viewer/:key — connected event
  ✔ emits a connected event immediately on connection (3.5191ms)
✔ GET /viewer/:key — connected event (3.6692ms)
▶ broadcastToViewers
  ✔ does not throw when no clients are subscribed to a key (0.3992ms)
  ✔ delivers a caption event to a connected subscriber (87.8659ms)
  ✔ delivers to multiple concurrent subscribers (93.4692ms)
  ✔ forwards translations in the broadcast payload (94.2008ms)
  ✔ forwards codes (section etc.) in the broadcast payload (93.0361ms)
✔ broadcastToViewers (369.2726ms)
▶ POST /live — viewer target validation
  ✔ accepts a valid viewer target (16.837ms)
  ✔ returns 400 when viewerKey is missing (2.8514ms)
  ✔ returns 400 when viewerKey is too short (2.1714ms)
  ✔ returns 400 when viewerKey contains invalid characters (2.465ms)
✔ POST /live — viewer target validation (24.5248ms)
▶ Integration — caption fan-out to viewer SSE
  ✔ delivers caption text to SSE subscriber when viewer target is in session (90.3124ms)
  ✔ forwards translations from POST /captions payload to SSE subscribers (90.0722ms)
  ✔ forwards codes (section) from POST /captions payload to SSE subscribers (92.463ms)
  ✔ includes both text and composedText in the SSE payload (93.1279ms)
  ✔ delivers to viewer SSE without a primary YouTube sender (target-array mode) (93.4773ms)
  ✔ delivers batch captions as multiple SSE events (93.0955ms)
✔ Integration — caption fan-out to viewer SSE (552.8945ms)
▶ GET /youtube/config — authentication
  ✔ returns 401 without a token (53.1342ms)
  ✔ returns 401 for an invalid token (7.7446ms)
✔ GET /youtube/config — authentication (63.7647ms)
▶ GET /youtube/config — client ID not configured
  ✔ returns 503 when YOUTUBE_CLIENT_ID is not set (17.026ms)
✔ GET /youtube/config — client ID not configured (17.3819ms)
▶ GET /youtube/config — client ID configured
  ✔ returns 200 with clientId (7.4584ms)
✔ GET /youtube/config — client ID configured (7.9465ms)
ℹ tests 662
ℹ suites 162
ℹ pass 618
ℹ fail 42
ℹ cancelled 0
ℹ skipped 2
ℹ todo 0
ℹ duration_ms 6874.6261

✖ failing tests:

test at test\managers.test.js:139:3
✖ stops any existing process before starting a new one (2.0157ms)
  AssertionError [ERR_ASSERTION]: Expected values to be strictly equal:
  
  false !== true
  
      at TestContext.<anonymous> (file:///C:/Users/jsilv/Code/live-captions-yt/packages/lcyt-backend/test/managers.test.js:142:12)
      at async Test.run (node:internal/test_runner/test:1113:7)
      at async Suite.processPendingSubtests (node:internal/test_runner/test:788:7) {
    generatedMessage: true,
    code: 'ERR_ASSERTION',
    actual: false,
    expected: true,
    operator: 'strictEqual',
    diff: 'simple'
  }

test at test\managers.test.js:151:3
✖ rejects when the process emits an error (nextTick fires before setImmediate) (1.0682ms)
  AssertionError [ERR_ASSERTION]: Missing expected rejection.
      at async TestContext.<anonymous> (file:///C:/Users/jsilv/Code/live-captions-yt/packages/lcyt-backend/test/managers.test.js:165:5)
      at async Test.run (node:internal/test_runner/test:1113:7)
      at async Suite.processPendingSubtests (node:internal/test_runner/test:788:7) {
    generatedMessage: false,
    code: 'ERR_ASSERTION',
    actual: undefined,
    expected: /ENOENT/,
    operator: 'rejects',
    diff: 'simple'
  }

test at test\managers.test.js:177:3
✖ kills the process and marks key as not running (0.9589ms)
  AssertionError [ERR_ASSERTION]: Expected values to be strictly equal:
  
  false !== true
  
      at TestContext.<anonymous> (file:///C:/Users/jsilv/Code/live-captions-yt/packages/lcyt-backend/test/managers.test.js:180:12)
      at async Test.run (node:internal/test_runner/test:1113:7)
      at async Suite.processPendingSubtests (node:internal/test_runner/test:788:7) {
    generatedMessage: true,
    code: 'ERR_ASSERTION',
    actual: false,
    expected: true,
    operator: 'strictEqual',
    diff: 'simple'
  }

test at test\managers.test.js:189:3
✖ stops all running processes (0.6717ms)
  AssertionError [ERR_ASSERTION]: Expected values to be strictly equal:
  
  false !== true
  
      at TestContext.<anonymous> (file:///C:/Users/jsilv/Code/live-captions-yt/packages/lcyt-backend/test/managers.test.js:193:12)
      at async Test.run (node:internal/test_runner/test:1113:7)
      at async Promise.all (index 0)
      at async Suite.run (node:internal/test_runner/test:1518:7)
      at async Test.processPendingSubtests (node:internal/test_runner/test:788:7) {
    generatedMessage: true,
    code: 'ERR_ASSERTION',
    actual: false,
    expected: true,
    operator: 'strictEqual',
    diff: 'simple'
  }

test at test\managers.test.js:213:3
✖ hlsDir() returns root/key (0.6571ms)
  TypeError: m.hlsDir is not a function
      at TestContext.<anonymous> (file:///C:/Users/jsilv/Code/live-captions-yt/packages/lcyt-backend/test/managers.test.js:215:32)
      at Test.runInAsyncScope (node:async_hooks:214:14)
      at Test.run (node:internal/test_runner/test:1106:25)
      at async Promise.all (index 0)
      at async Suite.run (node:internal/test_runner/test:1518:7)
      at async Test.processPendingSubtests (node:internal/test_runner/test:788:7)

test at test\managers.test.js:219:3
✖ start() marks key as running and spawns ffmpeg (3.0467ms)
  AssertionError [ERR_ASSERTION]: Expected values to be strictly equal:
  
  0 !== 1
  
      at TestContext.<anonymous> (file:///C:/Users/jsilv/Code/live-captions-yt/packages/lcyt-backend/test/managers.test.js:223:12)
      at async Test.run (node:internal/test_runner/test:1113:7)
      at async Suite.processPendingSubtests (node:internal/test_runner/test:788:7) {
    generatedMessage: true,
    code: 'ERR_ASSERTION',
    actual: 0,
    expected: 1,
    operator: 'strictEqual',
    diff: 'simple'
  }

test at test\managers.test.js:226:3
✖ uses audio-only flags (-vn, aac) (0.537ms)
  TypeError: Cannot read properties of undefined (reading 'args')
      at TestContext.<anonymous> (file:///C:/Users/jsilv/Code/live-captions-yt/packages/lcyt-backend/test/managers.test.js:229:32)
      at async Test.run (node:internal/test_runner/test:1113:7)
      at async Suite.processPendingSubtests (node:internal/test_runner/test:788:7)

test at test\managers.test.js:256:3
✖ previewPath() returns root/key/incoming.jpg (0.2817ms)
  TypeError: m.previewPath is not a function
      at TestContext.<anonymous> (file:///C:/Users/jsilv/Code/live-captions-yt/packages/lcyt-backend/test/managers.test.js:258:32)
      at Test.runInAsyncScope (node:async_hooks:214:14)
      at Test.run (node:internal/test_runner/test:1106:25)
      at Test.start (node:internal/test_runner/test:1003:17)
      at node:internal/test_runner/test:1516:71
      at node:internal/per_context/primordials:466:82
      at new Promise (<anonymous>)
      at new SafePromise (node:internal/per_context/primordials:435:3)
      at node:internal/per_context/primordials:466:9
      at Array.map (<anonymous>)

test at test\managers.test.js:273:3
✖ resolves and marks key as running (0.4901ms)
  AssertionError [ERR_ASSERTION]: Expected values to be strictly equal:
  
  0 !== 1
  
      at TestContext.<anonymous> (file:///C:/Users/jsilv/Code/live-captions-yt/packages/lcyt-backend/test/managers.test.js:277:12)
      at async Test.run (node:internal/test_runner/test:1113:7)
      at async Promise.all (index 0)
      at async Suite.run (node:internal/test_runner/test:1518:7)
      at async Test.processPendingSubtests (node:internal/test_runner/test:788:7) {
    generatedMessage: true,
    code: 'ERR_ASSERTION',
    actual: 0,
    expected: 1,
    operator: 'strictEqual',
    diff: 'simple'
  }

test at test\managers.test.js:280:3
✖ uses image2 muxer with fps filter and -update 1 (0.4748ms)
  TypeError: Cannot read properties of undefined (reading 'args')
      at TestContext.<anonymous> (file:///C:/Users/jsilv/Code/live-captions-yt/packages/lcyt-backend/test/managers.test.js:283:32)
      at async Test.run (node:internal/test_runner/test:1113:7)
      at async Suite.processPendingSubtests (node:internal/test_runner/test:788:7)

test at test\managers.test.js:290:3
✖ creates the preview output directory (6.974ms)
  AssertionError [ERR_ASSERTION]: The expression evaluated to a falsy value:
  
    assert.ok(mkdirCalls.some(c => String(c.dir).includes('pkey')))
  
      at TestContext.<anonymous> (file:///C:/Users/jsilv/Code/live-captions-yt/packages/lcyt-backend/test/managers.test.js:293:12)
      at async Test.run (node:internal/test_runner/test:1113:7)
      at async Suite.processPendingSubtests (node:internal/test_runner/test:788:7) {
    generatedMessage: true,
    code: 'ERR_ASSERTION',
    actual: false,
    expected: true,
    operator: '==',
    diff: 'simple'
  }

test at test\pipe-utils.test.js:1:1
✖ test\pipe-utils.test.js (136.8647ms)
  'test failed'

test at test\preview-manager.unit.test.js:10:1
✖ PreviewManager starts/stops using a fake ffmpeg in PATH (4.7761ms)
  TypeError: manager.previewPath is not a function
      at TestContext.<anonymous> (file:///C:/Users/jsilv/Code/live-captions-yt/packages/lcyt-backend/test/preview-manager.unit.test.js:30:21)
      at async Test.run (node:internal/test_runner/test:1113:7)
      at async startSubtestAfterBootstrap (node:internal/test_runner/harness:358:3)

test at test\preview-route.test.js:74:3
✖ returns 400 for a key that is too short (61.3473ms)
  AssertionError [ERR_ASSERTION]: Expected values to be strictly equal:
  
  404 !== 400
  
      at TestContext.<anonymous> (file:///C:/Users/jsilv/Code/live-captions-yt/packages/lcyt-backend/test/preview-route.test.js:76:12)
      at process.processTicksAndRejections (node:internal/process/task_queues:103:5)
      at async Test.run (node:internal/test_runner/test:1113:7)
      at async Promise.all (index 0)
      at async Suite.run (node:internal/test_runner/test:1518:7)
      at async startSubtestAfterBootstrap (node:internal/test_runner/harness:358:3) {
    generatedMessage: true,
    code: 'ERR_ASSERTION',
    actual: 404,
    expected: 400,
    operator: 'strictEqual',
    diff: 'simple'
  }

test at test\preview-route.test.js:79:3
✖ returns 400 for a key with invalid characters (6.6583ms)
  AssertionError [ERR_ASSERTION]: Expected values to be strictly equal:
  
  404 !== 400
  
      at TestContext.<anonymous> (file:///C:/Users/jsilv/Code/live-captions-yt/packages/lcyt-backend/test/preview-route.test.js:81:12)
      at process.processTicksAndRejections (node:internal/process/task_queues:103:5)
      at async Test.run (node:internal/test_runner/test:1113:7)
      at async Suite.processPendingSubtests (node:internal/test_runner/test:788:7) {
    generatedMessage: true,
    code: 'ERR_ASSERTION',
    actual: 404,
    expected: 400,
    operator: 'strictEqual',
    diff: 'simple'
  }

test at test\preview-route.test.js:90:3
✖ returns 404 when preview file does not exist (9.1298ms)
  SyntaxError: Unexpected token '<', "<!DOCTYPE "... is not valid JSON
      at JSON.parse (<anonymous>)
      at parseJSONFromBytes (node:internal/deps/undici/undici:4259:19)
      at successSteps (node:internal/deps/undici/undici:6882:27)
      at readAllBytes (node:internal/deps/undici/undici:5807:13)
      at process.processTicksAndRejections (node:internal/process/task_queues:103:5)

test at test\preview-route.test.js:103:3
✖ returns 200 with image/jpeg content type (6.4127ms)
  AssertionError [ERR_ASSERTION]: Expected values to be strictly equal:
  
  404 !== 200
  
      at TestContext.<anonymous> (file:///C:/Users/jsilv/Code/live-captions-yt/packages/lcyt-backend/test/preview-route.test.js:105:12)
      at process.processTicksAndRejections (node:internal/process/task_queues:103:5)
      at async Test.run (node:internal/test_runner/test:1113:7)
      at async Promise.all (index 0)
      at async Suite.run (node:internal/test_runner/test:1518:7)
      at async Test.processPendingSubtests (node:internal/test_runner/test:788:7) {
    generatedMessage: true,
    code: 'ERR_ASSERTION',
    actual: 404,
    expected: 200,
    operator: 'strictEqual',
    diff: 'simple'
  }

test at test\preview-route.test.js:109:3
✖ sets CORS header to * (4.2064ms)
  AssertionError [ERR_ASSERTION]: Expected values to be strictly equal:
  
  null !== '*'
  
      at TestContext.<anonymous> (file:///C:/Users/jsilv/Code/live-captions-yt/packages/lcyt-backend/test/preview-route.test.js:111:12)
      at process.processTicksAndRejections (node:internal/process/task_queues:103:5)
      at async Test.run (node:internal/test_runner/test:1113:7)
      at async Suite.processPendingSubtests (node:internal/test_runner/test:788:7) {
    generatedMessage: true,
    code: 'ERR_ASSERTION',
    actual: null,
    expected: '*',
    operator: 'strictEqual',
    diff: 'simple'
  }

test at test\preview-route.test.js:114:3
✖ sets Cache-Control with public max-age=5 (10.9852ms)
  AssertionError [ERR_ASSERTION]: The expression evaluated to a falsy value:
  
    assert.ok(cc?.includes('public'))
  
      at TestContext.<anonymous> (file:///C:/Users/jsilv/Code/live-captions-yt/packages/lcyt-backend/test/preview-route.test.js:117:12)
      at process.processTicksAndRejections (node:internal/process/task_queues:103:5)
      at async Test.run (node:internal/test_runner/test:1113:7)
      at async Suite.processPendingSubtests (node:internal/test_runner/test:788:7) {
    generatedMessage: true,
    code: 'ERR_ASSERTION',
    actual: undefined,
    expected: true,
    operator: '==',
    diff: 'simple'
  }

test at test\preview-route.test.js:121:3
✖ sets Last-Modified header (4.511ms)
  AssertionError [ERR_ASSERTION]: The expression evaluated to a falsy value:
  
    assert.ok(res.headers.get('last-modified'))
  
      at TestContext.<anonymous> (file:///C:/Users/jsilv/Code/live-captions-yt/packages/lcyt-backend/test/preview-route.test.js:123:12)
      at process.processTicksAndRejections (node:internal/process/task_queues:103:5)
      at async Test.run (node:internal/test_runner/test:1113:7)
      at async Suite.processPendingSubtests (node:internal/test_runner/test:788:7) {
    generatedMessage: true,
    code: 'ERR_ASSERTION',
    actual: null,
    expected: true,
    operator: '==',
    diff: 'simple'
  }

test at test\preview-route.test.js:126:3
✖ returns 304 when If-Modified-Since is in the future (7.2433ms)
  AssertionError [ERR_ASSERTION]: Expected values to be strictly equal:
  
  404 !== 304
  
      at TestContext.<anonymous> (file:///C:/Users/jsilv/Code/live-captions-yt/packages/lcyt-backend/test/preview-route.test.js:131:12)
      at process.processTicksAndRejections (node:internal/process/task_queues:103:5)
      at async Test.run (node:internal/test_runner/test:1113:7)
      at async Suite.processPendingSubtests (node:internal/test_runner/test:788:7) {
    generatedMessage: true,
    code: 'ERR_ASSERTION',
    actual: 404,
    expected: 304,
    operator: 'strictEqual',
    diff: 'simple'
  }

test at test\preview-route.test.js:134:3
✖ returns 200 when If-Modified-Since is in the past (3.3055ms)
  AssertionError [ERR_ASSERTION]: Expected values to be strictly equal:
  
  404 !== 200
  
      at TestContext.<anonymous> (file:///C:/Users/jsilv/Code/live-captions-yt/packages/lcyt-backend/test/preview-route.test.js:139:12)
      at process.processTicksAndRejections (node:internal/process/task_queues:103:5)
      at async Test.run (node:internal/test_runner/test:1113:7)
      at async Suite.processPendingSubtests (node:internal/test_runner/test:788:7) {
    generatedMessage: true,
    code: 'ERR_ASSERTION',
    actual: 404,
    expected: 200,
    operator: 'strictEqual',
    diff: 'simple'
  }

test at test\preview-route.test.js:148:3
✖ returns 204 with CORS headers (6.4028ms)
  AssertionError [ERR_ASSERTION]: Expected values to be strictly equal:
  
  404 !== 204
  
      at TestContext.<anonymous> (file:///C:/Users/jsilv/Code/live-captions-yt/packages/lcyt-backend/test/preview-route.test.js:150:12)
      at process.processTicksAndRejections (node:internal/process/task_queues:103:5)
      at async Test.run (node:internal/test_runner/test:1113:7)
      at async Promise.all (index 0)
      at async Suite.run (node:internal/test_runner/test:1518:7)
      at async Test.processPendingSubtests (node:internal/test_runner/test:788:7) {
    generatedMessage: true,
    code: 'ERR_ASSERTION',
    actual: 404,
    expected: 204,
    operator: 'strictEqual',
    diff: 'simple'
  }

test at test\radio.test.js:93:3
✖ hlsDir returns path inside hlsRoot (0.5282ms)
  TypeError: manager.hlsDir is not a function
      at TestContext.<anonymous> (file:///C:/Users/jsilv/Code/live-captions-yt/packages/lcyt-backend/test/radio.test.js:94:25)
      at Test.runInAsyncScope (node:async_hooks:214:14)
      at Test.run (node:internal/test_runner/test:1106:25)
      at async Promise.all (index 0)
      at async Suite.run (node:internal/test_runner/test:1518:7)
      at async Test.processPendingSubtests (node:internal/test_runner/test:788:7)

test at test\radio.test.js:259:3
✖ returns 404 when no stream is live (13.9063ms)
  AssertionError [ERR_ASSERTION]: Expected values to be strictly equal:
  
  502 !== 404
  
      at TestContext.<anonymous> (file:///C:/Users/jsilv/Code/live-captions-yt/packages/lcyt-backend/test/radio.test.js:261:12)
      at process.processTicksAndRejections (node:internal/process/task_queues:103:5)
      at async Test.run (node:internal/test_runner/test:1113:7)
      at async Promise.all (index 0)
      at async Suite.run (node:internal/test_runner/test:1518:7)
      at async Test.processPendingSubtests (node:internal/test_runner/test:788:7) {
    generatedMessage: true,
    code: 'ERR_ASSERTION',
    actual: 502,
    expected: 404,
    operator: 'strictEqual',
    diff: 'simple'
  }

test at test\radio.test.js:279:3
✖ serves playlist with correct content-type when file exists (6.9597ms)
  AssertionError [ERR_ASSERTION]: Expected values to be strictly equal:
  
  502 !== 200
  
      at TestContext.<anonymous> (file:///C:/Users/jsilv/Code/live-captions-yt/packages/lcyt-backend/test/radio.test.js:286:12)
      at process.processTicksAndRejections (node:internal/process/task_queues:103:5)
      at async Test.run (node:internal/test_runner/test:1113:7)
      at async Suite.processPendingSubtests (node:internal/test_runner/test:788:7) {
    generatedMessage: true,
    code: 'ERR_ASSERTION',
    actual: 502,
    expected: 200,
    operator: 'strictEqual',
    diff: 'simple'
  }

test at test\radio.test.js:326:3
✖ returns 400 for segment with wrong numeric format (8.0348ms)
  AssertionError [ERR_ASSERTION]: Expected values to be strictly equal:
  
  502 !== 400
  
      at TestContext.<anonymous> (file:///C:/Users/jsilv/Code/live-captions-yt/packages/lcyt-backend/test/radio.test.js:329:12)
      at process.processTicksAndRejections (node:internal/process/task_queues:103:5)
      at async Test.run (node:internal/test_runner/test:1113:7)
      at async Suite.processPendingSubtests (node:internal/test_runner/test:788:7) {
    generatedMessage: true,
    code: 'ERR_ASSERTION',
    actual: 502,
    expected: 400,
    operator: 'strictEqual',
    diff: 'simple'
  }

test at test\radio.test.js:332:3
✖ returns 404 for valid segment name that does not exist (5.1241ms)
  AssertionError [ERR_ASSERTION]: Expected values to be strictly equal:
  
  502 !== 404
  
      at TestContext.<anonymous> (file:///C:/Users/jsilv/Code/live-captions-yt/packages/lcyt-backend/test/radio.test.js:334:12)
      at process.processTicksAndRejections (node:internal/process/task_queues:103:5)
      at async Test.run (node:internal/test_runner/test:1113:7)
      at async Suite.processPendingSubtests (node:internal/test_runner/test:788:7) {
    generatedMessage: true,
    code: 'ERR_ASSERTION',
    actual: 502,
    expected: 404,
    operator: 'strictEqual',
    diff: 'simple'
  }

test at test\radio.test.js:337:3
✖ serves segment with correct content-type when file exists (6.6607ms)
  AssertionError [ERR_ASSERTION]: Expected values to be strictly equal:
  
  502 !== 200
  
      at TestContext.<anonymous> (file:///C:/Users/jsilv/Code/live-captions-yt/packages/lcyt-backend/test/radio.test.js:344:12)
      at process.processTicksAndRejections (node:internal/process/task_queues:103:5)
      at async Test.run (node:internal/test_runner/test:1113:7)
      at async Suite.processPendingSubtests (node:internal/test_runner/test:788:7) {
    generatedMessage: true,
    code: 'ERR_ASSERTION',
    actual: 502,
    expected: 200,
    operator: 'strictEqual',
    diff: 'simple'
  }

test at test\stream-hls.test.js:160:3
✖ previewPath returns path inside previewRoot with incoming.jpg (0.3594ms)
  TypeError: manager.previewPath is not a function
      at TestContext.<anonymous> (file:///C:/Users/jsilv/Code/live-captions-yt/packages/lcyt-backend/test/stream-hls.test.js:161:23)
      at Test.runInAsyncScope (node:async_hooks:214:14)
      at Test.run (node:internal/test_runner/test:1106:25)
      at async Promise.all (index 0)
      at async Suite.run (node:internal/test_runner/test:1518:7)
      at async Test.processPendingSubtests (node:internal/test_runner/test:788:7)

test at test\stream-hls.test.js:268:3
✖ returns 404 when no stream is live (16.5009ms)
  AssertionError [ERR_ASSERTION]: Expected values to be strictly equal:
  
  502 !== 404
  
      at TestContext.<anonymous> (file:///C:/Users/jsilv/Code/live-captions-yt/packages/lcyt-backend/test/stream-hls.test.js:270:12)
      at process.processTicksAndRejections (node:internal/process/task_queues:103:5)
      at async Test.run (node:internal/test_runner/test:1113:7)
      at async Promise.all (index 0)
      at async Suite.run (node:internal/test_runner/test:1518:7)
      at async Test.processPendingSubtests (node:internal/test_runner/test:788:7) {
    generatedMessage: true,
    code: 'ERR_ASSERTION',
    actual: 502,
    expected: 404,
    operator: 'strictEqual',
    diff: 'simple'
  }

test at test\stream-hls.test.js:287:3
✖ serves playlist with correct content-type when file exists (4.0466ms)
  AssertionError [ERR_ASSERTION]: Expected values to be strictly equal:
  
  502 !== 200
  
      at TestContext.<anonymous> (file:///C:/Users/jsilv/Code/live-captions-yt/packages/lcyt-backend/test/stream-hls.test.js:294:12)
      at process.processTicksAndRejections (node:internal/process/task_queues:103:5)
      at async Test.run (node:internal/test_runner/test:1113:7)
      at async Suite.processPendingSubtests (node:internal/test_runner/test:788:7) {
    generatedMessage: true,
    code: 'ERR_ASSERTION',
    actual: 502,
    expected: 200,
    operator: 'strictEqual',
    diff: 'simple'
  }

test at test\stream-hls.test.js:334:3
✖ returns 400 for segment with wrong numeric format (4.892ms)
  AssertionError [ERR_ASSERTION]: Expected values to be strictly equal:
  
  502 !== 400
  
      at TestContext.<anonymous> (file:///C:/Users/jsilv/Code/live-captions-yt/packages/lcyt-backend/test/stream-hls.test.js:336:12)
      at process.processTicksAndRejections (node:internal/process/task_queues:103:5)
      at async Test.run (node:internal/test_runner/test:1113:7)
      at async Suite.processPendingSubtests (node:internal/test_runner/test:788:7) {
    generatedMessage: true,
    code: 'ERR_ASSERTION',
    actual: 502,
    expected: 400,
    operator: 'strictEqual',
    diff: 'simple'
  }

test at test\stream-hls.test.js:339:3
✖ returns 404 for valid segment name that does not exist (3.8462ms)
  AssertionError [ERR_ASSERTION]: Expected values to be strictly equal:
  
  502 !== 404
  
      at TestContext.<anonymous> (file:///C:/Users/jsilv/Code/live-captions-yt/packages/lcyt-backend/test/stream-hls.test.js:341:12)
      at process.processTicksAndRejections (node:internal/process/task_queues:103:5)
      at async Test.run (node:internal/test_runner/test:1113:7)
      at async Suite.processPendingSubtests (node:internal/test_runner/test:788:7) {
    generatedMessage: true,
    code: 'ERR_ASSERTION',
    actual: 502,
    expected: 404,
    operator: 'strictEqual',
    diff: 'simple'
  }

test at test\stream-hls.test.js:344:3
✖ serves segment with correct content-type when file exists (5.8964ms)
  AssertionError [ERR_ASSERTION]: Expected values to be strictly equal:
  
  502 !== 200
  
      at TestContext.<anonymous> (file:///C:/Users/jsilv/Code/live-captions-yt/packages/lcyt-backend/test/stream-hls.test.js:351:12)
      at process.processTicksAndRejections (node:internal/process/task_queues:103:5)
      at async Test.run (node:internal/test_runner/test:1113:7)
      at async Suite.processPendingSubtests (node:internal/test_runner/test:788:7) {
    generatedMessage: true,
    code: 'ERR_ASSERTION',
    actual: 502,
    expected: 200,
    operator: 'strictEqual',
    diff: 'simple'
  }

test at test\stream-hls.test.js:441:3
✖ returns 400 for too-short key (5.5641ms)
  AssertionError [ERR_ASSERTION]: Expected values to be strictly equal:
  
  404 !== 400
  
      at TestContext.<anonymous> (file:///C:/Users/jsilv/Code/live-captions-yt/packages/lcyt-backend/test/stream-hls.test.js:443:12)
      at process.processTicksAndRejections (node:internal/process/task_queues:103:5)
      at async Test.run (node:internal/test_runner/test:1113:7)
      at async Promise.all (index 0)
      at async Suite.run (node:internal/test_runner/test:1518:7)
      at async Test.processPendingSubtests (node:internal/test_runner/test:788:7) {
    generatedMessage: true,
    code: 'ERR_ASSERTION',
    actual: 404,
    expected: 400,
    operator: 'strictEqual',
    diff: 'simple'
  }

test at test\stream-hls.test.js:460:3
✖ serves JPEG with correct content-type when file exists (3.5767ms)
  AssertionError [ERR_ASSERTION]: Expected values to be strictly equal:
  
  404 !== 200
  
      at TestContext.<anonymous> (file:///C:/Users/jsilv/Code/live-captions-yt/packages/lcyt-backend/test/stream-hls.test.js:468:12)
      at process.processTicksAndRejections (node:internal/process/task_queues:103:5)
      at async Test.run (node:internal/test_runner/test:1113:7)
      at async Suite.processPendingSubtests (node:internal/test_runner/test:788:7) {
    generatedMessage: true,
    code: 'ERR_ASSERTION',
    actual: 404,
    expected: 200,
    operator: 'strictEqual',
    diff: 'simple'
  }

test at test\stream-hls.test.js:473:3
✖ response has Cache-Control with max-age=5 (3.3195ms)
  AssertionError [ERR_ASSERTION]: Expected values to be strictly equal:
  
  404 !== 200
  
      at TestContext.<anonymous> (file:///C:/Users/jsilv/Code/live-captions-yt/packages/lcyt-backend/test/stream-hls.test.js:480:12)
      at process.processTicksAndRejections (node:internal/process/task_queues:103:5)
      at async Test.run (node:internal/test_runner/test:1113:7)
      at async Suite.processPendingSubtests (node:internal/test_runner/test:788:7) {
    generatedMessage: true,
    code: 'ERR_ASSERTION',
    actual: 404,
    expected: 200,
    operator: 'strictEqual',
    diff: 'simple'
  }

test at test\stream-hls.test.js:485:3
✖ response includes Last-Modified header (3.6746ms)
  AssertionError [ERR_ASSERTION]: should include Last-Modified header
      at TestContext.<anonymous> (file:///C:/Users/jsilv/Code/live-captions-yt/packages/lcyt-backend/test/stream-hls.test.js:492:12)
      at process.processTicksAndRejections (node:internal/process/task_queues:103:5)
      at async Test.run (node:internal/test_runner/test:1113:7)
      at async Suite.processPendingSubtests (node:internal/test_runner/test:788:7) {
    generatedMessage: false,
    code: 'ERR_ASSERTION',
    actual: null,
    expected: true,
    operator: '==',
    diff: 'simple'
  }

test at test\stream-hls.test.js:495:3
✖ returns 304 when If-Modified-Since matches mtime (3.1469ms)
  AssertionError [ERR_ASSERTION]: missing Last-Modified
      at TestContext.<anonymous> (file:///C:/Users/jsilv/Code/live-captions-yt/packages/lcyt-backend/test/stream-hls.test.js:504:12)
      at process.processTicksAndRejections (node:internal/process/task_queues:103:5)
      at async Test.run (node:internal/test_runner/test:1113:7)
      at async Suite.processPendingSubtests (node:internal/test_runner/test:788:7) {
    generatedMessage: false,
    code: 'ERR_ASSERTION',
    actual: null,
    expected: true,
    operator: '==',
    diff: 'simple'
  }

test at test\stream-hls.test.js:514:3
✖ has CORS header (2.6852ms)
  AssertionError [ERR_ASSERTION]: Expected values to be strictly equal:
  
  null !== '*'
  
      at TestContext.<anonymous> (file:///C:/Users/jsilv/Code/live-captions-yt/packages/lcyt-backend/test/stream-hls.test.js:521:12)
      at process.processTicksAndRejections (node:internal/process/task_queues:103:5)
      at async Test.run (node:internal/test_runner/test:1113:7)
      at async Suite.processPendingSubtests (node:internal/test_runner/test:788:7) {
    generatedMessage: true,
    code: 'ERR_ASSERTION',
    actual: null,
    expected: '*',
    operator: 'strictEqual',
    diff: 'simple'
  }

test at test\stt.test.js:166:5
✖ rejects invalid audioSource (4.9797ms)
  AssertionError [ERR_ASSERTION]: Expected values to be strictly equal:
  
  200 !== 400
  
      at TestContext.<anonymous> (file:///C:/Users/jsilv/Code/live-captions-yt/packages/lcyt-backend/test/stt.test.js:168:14)
      at process.processTicksAndRejections (node:internal/process/task_queues:103:5)
      at async Test.run (node:internal/test_runner/test:1113:7)
      at async Suite.processPendingSubtests (node:internal/test_runner/test:788:7) {
    generatedMessage: true,
    code: 'ERR_ASSERTION',
    actual: 200,
    expected: 400,
    operator: 'strictEqual',
    diff: 'simple'
  }
npm error Lifecycle script `test` failed with error:
npm error code 1
npm error path C:\Users\jsilv\Code\live-captions-yt\packages\lcyt-backend
npm error workspace lcyt-backend@1.0.0
npm error location C:\Users\jsilv\Code\live-captions-yt\packages\lcyt-backend
npm error command failed
npm error command C:\WINDOWS\system32\cmd.exe /d /s /c cross-env ALLOWED_DOMAINS=* FILES_DIR=/tmp/lcyt-files-test ICONS_DIR=/tmp/lcyt-icons-test node --experimental-test-module-mocks --test test/*.test.js


> lcyt-web@1.0.0 test
> node --test test/*.test.js

▶ createApi
  ✔ get() sends a GET request with Authorization header (3.7598ms)
  ✔ post() sends a POST request with JSON body (0.5928ms)
  ✔ put() sends a PUT request (0.4241ms)
  ✔ del() sends a DELETE request (0.4227ms)
  ✔ throws "Not connected" when no token is available (0.9259ms)
  ✔ throws on non-ok response (get) (0.4756ms)
  ✔ throws with server error message on non-ok response (post, parseErrorBody) (0.5355ms)
  ✔ del() with parseErrorBody uses server error message (0.4245ms)
✔ createApi (9.1968ms)
▶ parseFileContent() — basic
  ✔ returns empty arrays for empty string (1.2721ms)
  ✔ parses plain lines (0.9403ms)
  ✔ ignores blank lines (0.1631ms)
  ✔ trims leading/trailing whitespace from each line (0.2221ms)
✔ parseFileContent() — basic (3.6565ms)
▶ parseFileContent() — metadata comments
  ✔ metadata-only lines produce entries with empty text (0.4003ms)
  ✔ attaches metadata code to the metadata line and persists to subsequent lines (0.2191ms)
  ✔ metadata persists across multiple lines (0.1684ms)
  ✔ removes a code when value is empty (0.2082ms)
  ✔ overrides a code with a new value (0.1784ms)
  ✔ accepts custom metadata keys (0.251ms)
  ✔ coerces lyrics: true to boolean (0.1225ms)
  ✔ coerces no-translate: true to boolean (0.088ms)
  ✔ stores non-boolean codes as strings (0.0829ms)
✔ parseFileContent() — metadata comments (2.1977ms)
▶ parseFileContent() — stanza blocks
  ✔ does not produce a caption line for the stanza block itself (0.1396ms)
  ✔ sets stanza code on the following caption line (0.1856ms)
  ✔ clears stanza code on empty stanza block (0.0896ms)
✔ parseFileContent() — stanza blocks (0.5372ms)
▶ parseFileContent() — empty-send markers
  ✔ creates an entry with empty string and emptySend=true for bare _ (0.1322ms)
  ✔ captures optional label after _ space (0.1425ms)
  ✔ empty-send inherits current metadata codes (0.1288ms)
✔ parseFileContent() — empty-send markers (0.5258ms)
▶ parseFileContent() — lineNumbers
  ✔ uses actual raw file line numbers including metadata lines (0.1722ms)
  ✔ plain lines with no metadata have sequential 1-based line numbers (0.0984ms)
  ✔ counts empty-send markers at their raw file position (0.0908ms)
  ✔ counts audio action lines at their raw file position (0.0955ms)
  ✔ metadata lines are included in line numbers (0.0815ms)
✔ parseFileContent() — lineNumbers (0.6765ms)
▶ parseFileContent() — audio action metacode
  ✔ parses <!-- audio: start --> as an action line with audioCapture=start (0.1452ms)
  ✔ parses <!-- audio: stop --> as an action line with audioCapture=stop (0.0787ms)
  ✔ audio lines are interleaved with caption lines (0.1106ms)
  ✔ audio action does NOT persist into currentCodes for subsequent lines (0.0945ms)
  ✔ audio action inherits currentCodes but does not add to them (0.1009ms)
  ✔ ignores unknown audio values (neither start nor stop) (0.0911ms)
✔ parseFileContent() — audio action metacode (0.8115ms)
▶ parseFileContent() — multi-metacode lines
  ✔ parses two codes on one line — inline, stripped from text (0.1429ms)
  ✔ parses three codes on one line (0.0882ms)
  ✔ mixed audio action + other code on one line: audio fires, other code persists (0.0929ms)
  ✔ single-metacode lines still parse correctly (backward compat) (0.0832ms)
  ✔ metacodes inline with content text are stripped (0.0908ms)
✔ parseFileContent() — multi-metacode lines (0.6629ms)
▶ parseFileContent() — timer metacode
  ✔ parses <!-- timer: 5 --> as an action line with timer=5 (0.1627ms)
  ✔ parses fractional timer values (0.1047ms)
  ✔ timer does NOT persist into currentCodes for subsequent lines (0.0938ms)
  ✔ ignores timer with zero or negative values (0.0915ms)
  ✔ timer action inherits currentCodes (0.0854ms)
✔ parseFileContent() — timer metacode (0.6913ms)
▶ parseFileContent() — goto metacode
  ✔ parses <!-- goto: 10 --> as an action line with goto=10 (0.1443ms)
  ✔ goto does NOT persist into currentCodes for subsequent lines (0.1048ms)
  ✔ ignores goto with zero or non-positive values (0.091ms)
  ✔ goto action inherits currentCodes (0.1099ms)
✔ parseFileContent() — goto metacode (0.5679ms)
▶ parseFileContent() — file metacode
  ✔ parses <!-- file: My Script.txt --> as an action line with fileSwitch (0.1532ms)
  ✔ fileSwitch does NOT persist into currentCodes for subsequent lines (0.0886ms)
  ✔ parses <!-- file[server]: /path/to/file --> as fileSwitchServer (0.0841ms)
  ✔ file[server] with full URL (0.1145ms)
  ✔ file and file[server] do NOT persist (0.0797ms)
  ✔ file action inherits currentCodes (0.0855ms)
✔ parseFileContent() — file metacode (0.7863ms)
▶ parseFileContent() — combined action metacodes
  ✔ audio and timer on same line produce one action entry with both flags (0.1134ms)
  ✔ goto and timer on same line produce one action entry (0.0766ms)
✔ parseFileContent() — combined action metacodes (0.2529ms)
▶ parseFileContent() — inline metacodes with content
  ✔ timer inline with content: strips timer, keeps text (0.1039ms)
  ✔ section inline with content (0.0684ms)
  ✔ goto inline with content (0.0942ms)
  ✔ multiple metacodes + content on same line (0.1143ms)
  ✔ audio inline with content (0.0729ms)
  ✔ content after metacode at end of line (0.0796ms)
✔ parseFileContent() — inline metacodes with content (1.3669ms)
▶ parseFileContent() — cue metacodes
  ✔ standalone cue creates an entry with empty text and cue property (0.1344ms)
  ✔ preserves cue phrase case (0.0855ms)
  ✔ parses multiple cue entries at different positions (0.0821ms)
  ✔ ignores empty cue value but still produces an entry (0.0722ms)
  ✔ cue combined with other persistent codes on same line (0.073ms)
  ✔ cue inline with content — strips cue and keeps text (0.067ms)
  ✔ cue at end of content line (0.0663ms)
  ✔ cue with other metacodes and content on same line — all are stripped inline (0.069ms)
  ✔ cue with metadata on preceding line and content inline (0.074ms)
  ✔ content lines without cue are unaffected (0.0893ms)
✔ parseFileContent() — cue metacodes (1.0411ms)
▶ parseFileContent() — cue modifiers
  ✔ plain cue: sets cueMode to "next" (0.0969ms)
  ✔ cue*: sets cueMode to "skip" (0.0648ms)
  ✔ cue**: sets cueMode to "any" (0.0633ms)
  ✔ standalone cue*: with no content (0.0646ms)
  ✔ cue**: combined with other metacodes (0.0692ms)
  ✔ multiple cue modifiers in file (0.0706ms)
✔ parseFileContent() — cue modifiers (0.5536ms)
▶ parseFileContent — fuzzy cue modifier (cue~:)
  ✔ cue~: sets cueFuzzy to true (0.1025ms)
  ✔ cue*~: sets skip mode and fuzzy (0.0659ms)
  ✔ cue**~: sets any mode and fuzzy (0.0647ms)
  ✔ plain cue: without tilde has cueFuzzy false (0.0586ms)
  ✔ standalone fuzzy cue creates a metadata-only line (0.0629ms)
✔ parseFileContent — fuzzy cue modifier (cue~:) (0.4592ms)
▶ parseFileContent() — cue[semantic]:
  ✔ parses cue[semantic]:phrase into lineCodes with cueSemantic true (0.1025ms)
  ✔ cue[semantic] with skip modifier: cue*[semantic]: (0.0739ms)
  ✔ cue[semantic] with any modifier: cue**[semantic]: (0.0692ms)
  ✔ cueSemantic is false for non-semantic cues (0.0651ms)
  ✔ standalone cue[semantic] creates metadata-only line (0.0936ms)
✔ parseFileContent() — cue[semantic]: (0.7108ms)
▶ parseFileContent() — explanation metacode
  ✔ parses explanation metacode into persistent code (0.1412ms)
  ✔ explanation persists across lines (persistent code) (0.1153ms)
  ✔ explanation can be cleared with empty value (0.0982ms)
  ✔ explanation works alongside other metacodes (0.078ms)
✔ parseFileContent() — explanation metacode (0.5691ms)
▶ parseFileContent() — cue[events]:
  ✔ parses cue[events]:description into lineCodes with cueEvents true (0.1107ms)
  ✔ cue[events] with skip modifier: cue*[events]: (0.0797ms)
  ✔ cue[events] with any modifier: cue**[events]: (0.0712ms)
  ✔ cueEvents is false for non-event cues (0.0654ms)
  ✔ standalone cue[events] creates metadata-only line (0.0641ms)
  ✔ cue[events] coexists with other metacodes on same line (0.0687ms)
✔ parseFileContent() — cue[events]: (0.5823ms)
▶ formatTime
  ✔ formats a valid ISO string as HH:MM:SS (23.3155ms)
  ✔ returns a formatted time for a numeric epoch (null → epoch 0) (0.3178ms)
  ✔ handles a Date-parseable numeric string (0.2283ms)
✔ formatTime (24.9733ms)
▶ getMessages()
  ✔ returns an object for "en" (0.5915ms)
  ✔ returns an object for "fi" (0.1147ms)
  ✔ returns an object for "sv" (0.1292ms)
  ✔ falls back to English for unknown locale (0.3247ms)
✔ getMessages() (2.1141ms)
▶ translate()
  ✔ returns a top-level string value (1.1912ms)
  ✔ returns a nested dot-path value (0.1538ms)
  ✔ returns the key as fallback when path does not exist (0.13ms)
  ✔ returns the key when value is an object (not a leaf string) (0.1306ms)
  ✔ returns the key when messages is null (0.1238ms)
  ✔ returns the key for empty messages object (0.1927ms)
  ✔ handles single-segment keys (0.1233ms)
  ✔ handles deep nesting (0.1084ms)
✔ translate() (2.5588ms)
▶ metacode-runtime drainActions()
  ✔ skips blank and heading lines and returns continue with pointer (1.1864ms)
  ✔ handles audioCapture on empty line by advancing pointer (0.2651ms)
  ✔ audioCapture with content stops at that line (0.3054ms)
  ✔ returns done when pointer past end (0.2332ms)
  ✔ timer fires current line then advances pointer to next line (0.7214ms)
  ✔ timer on empty line fires current line position then advances (0.2865ms)
  ✔ timer callback advances pointer after firing (56.2696ms)
  ✔ skips standalone cue lines (empty text) and continues to next content (0.2942ms)
  ✔ does NOT skip cue lines that have content (0.1596ms)
✔ metacode-runtime drainActions() (62.21ms)
▶ buildCueMap()
  ✔ returns empty map for file with no cues (0.2067ms)
  ✔ maps cue phrases to their line indices with mode (0.6372ms)
  ✔ stores phrases in lowercase (0.0754ms)
  ✔ defaults to next mode when cueMode is missing (0.0736ms)
  ✔ returns empty map for null/undefined file (0.0555ms)
✔ buildCueMap() (1.2238ms)
▶ checkCueMatch()
  ✔ returns null when no cues registered (0.2502ms)
  ✔ returns null when text is empty (0.0758ms)
  ✔ matches when text contains the cue phrase (no pointer) (0.0966ms)
  ✔ match is case-insensitive (0.0811ms)
  ✔ returns null when text does not contain phrase (0.0727ms)
  ✔ returns the first matching cue (0.0842ms)
  ✔ matches glob wildcard: trailing * (0.1777ms)
  ✔ matches glob wildcard: leading * (0.1025ms)
  ✔ matches glob wildcard: middle * (0.0969ms)
  ✔ wildcard * at both ends matches any containing text (0.1055ms)
  ✔ returns null when wildcard pattern does not match (0.1113ms)
  ✔ escapes regex special chars in wildcard phrases (0.1171ms)
✔ checkCueMatch() (1.6565ms)
▶ checkCueMatch() — pointer-based eligibility
  ✔ next mode: only fires if cue is the next cue after pointer (0.2406ms)
  ✔ next mode: matches when cue becomes the next after pointer advances (0.0826ms)
  ✔ skip mode: can skip past other cues ahead of pointer (0.1595ms)
  ✔ skip mode: does NOT fire when cue is behind pointer (0.09ms)
  ✔ any mode: fires even when cue is behind pointer (0.1167ms)
  ✔ any mode: fires when cue is ahead of pointer (0.0784ms)
  ✔ mixed modes: next blocked but skip works (0.0883ms)
  ✔ no pointer (legacy): all cues are eligible (0.0629ms)
  ✔ pointer at -1 acts like no pointer (legacy) (0.0645ms)
✔ checkCueMatch() — pointer-based eligibility (1.2117ms)
▶ jaroWinkler()
  ✔ returns 1 for identical strings (0.2493ms)
  ✔ returns 0 for completely different strings (0.0856ms)
  ✔ returns high score for similar strings (0.1072ms)
  ✔ returns 0 for empty strings (0.0769ms)
✔ jaroWinkler() (0.6415ms)
▶ fuzzyWordMatch()
  ✔ matches exact words with score 1 (0.3317ms)
  ✔ matches similar words with high score (0.1187ms)
  ✔ returns low score for unrelated text (0.1279ms)
  ✔ returns 0 for empty pattern (0.0661ms)
  ✔ returns 0 for empty text (0.0569ms)
✔ fuzzyWordMatch() (0.8184ms)
▶ checkCueMatch() — fuzzy cues
  ✔ fuzzy cue matches similar text (0.1458ms)
  ✔ fuzzy cue does not match very different text (0.1343ms)
  ✔ non-fuzzy cue uses exact substring match (0.0761ms)
  ✔ buildCueMap includes fuzzy flag from lineCodes (0.0902ms)
✔ checkCueMatch() — fuzzy cues (0.5509ms)
▶ checkCueMatch() — semantic cues
  ✔ semantic cues are skipped by frontend checkCueMatch (0.0922ms)
  ✔ non-semantic cues still match normally alongside semantic ones (0.0719ms)
  ✔ buildCueMap includes semantic flag from lineCodes (0.0684ms)
  ✔ buildCueMap defaults semantic to false (0.0615ms)
✔ checkCueMatch() — semantic cues (0.384ms)
▶ checkCueMatch() — event cues
  ✔ event cues are skipped by frontend checkCueMatch (0.1004ms)
  ✔ non-event cues still match normally alongside event ones (0.065ms)
  ✔ buildCueMap includes events flag from lineCodes (0.1094ms)
  ✔ buildCueMap defaults events to false (0.7716ms)
✔ checkCueMatch() — event cues (1.1509ms)
▶ classifyFromFrequency — silence
  ✔ classifies −Infinity bins as silence (0.9173ms)
  ✔ returns confidence > 0 for silence (0.3238ms)
  ✔ classifies very low energy bins as silence (0.2797ms)
✔ classifyFromFrequency — silence (2.4113ms)
▶ classifyFromFrequency — music
  ✖ classifies tonal bass-heavy bins as music (1.9567ms)
  ✔ returns confidence in [0, 1] for music (0.239ms)
  ✖ exposes spectral features in the result (3.728ms)
✖ classifyFromFrequency — music (6.209ms)
▶ classifyFromFrequency — speech
  ✔ classifies flat white-noise bins as speech (0.5511ms)
  ✔ returns confidence in [0, 1] for speech (0.486ms)
✔ classifyFromFrequency — speech (1.2723ms)
▶ classifyFromFrequency — edge cases
  ✔ handles empty array gracefully (0.1762ms)
  ✖ respects custom silenceThreshold override (0.6184ms)
✖ classifyFromFrequency — edge cases (0.9262ms)
▶ detectBpmFromPcm — click track
  ✔ detects BPM within ±10 of ground truth at 120 BPM (2.9109ms)
  ✔ detects BPM within ±10 at 90 BPM (1.7826ms)
  ✔ returns confidence in (0, 1] for clear click track (0.5732ms)
✔ detectBpmFromPcm — click track (5.4437ms)
▶ detectBpmFromPcm — silence / short input
  ✔ returns null for all-zero PCM (0.1234ms)
  ✔ returns null for too-short buffer (< 4 frames) (0.076ms)
  ✔ respects bpmMin / bpmMax opts — no result outside range (0.6976ms)
✔ detectBpmFromPcm — silence / short input (1.0113ms)
▶ createBpmSmoother
  ✔ returns the first value unchanged (0.1666ms)
  ✔ converges toward the new value (0.0807ms)
  ✔ reset() clears internal state (0.0807ms)
  ✔ alpha=1 gives no smoothing (0.0916ms)
✔ createBpmSmoother (0.5382ms)
▶ normalizeLines
  ✔ preserves heading lines and wraps following paragraph (1.2681ms)
✔ normalizeLines (2.4331ms)
▶ serializePlan()
  ✔ serializes an empty plan to empty string (0.8146ms)
  ✔ serializes a caption block (0.1932ms)
  ✔ serializes audio-start block (0.157ms)
  ✔ serializes audio-stop block (0.1583ms)
  ✔ serializes a graphics block (0.1301ms)
  ✔ serializes a codes block with one code (0.159ms)
  ✔ serializes a codes block with multiple codes on one line (0.2076ms)
  ✔ omits codes with empty values (0.1377ms)
  ✔ serializes a stanza block (0.1481ms)
  ✔ serializes an empty-send block without label (0.1829ms)
  ✔ serializes an empty-send block with label (0.1556ms)
  ✔ joins multiple blocks with newlines (0.2391ms)
✔ serializePlan() (3.9163ms)
▶ deserializePlan()
  ✔ deserializes empty string to empty array (1.5628ms)
  ✔ deserializes a caption line (0.5358ms)
  ✔ deserializes <!-- audio: start --> (0.1512ms)
  ✔ deserializes <!-- audio: stop --> (0.099ms)
  ✔ deserializes <!-- graphics: logo, banner --> (0.1634ms)
  ✔ deserializes a single-code line as a codes block (0.209ms)
  ✔ deserializes a multi-code line as one codes block (0.1344ms)
  ✔ deserializes a stanza block (0.2079ms)
  ✔ deserializes _ as empty-send without label (0.1009ms)
  ✔ deserializes _ label as empty-send with label (0.082ms)
  ✔ skips blank lines (0.0813ms)
  ✔ deserializes a mixed script correctly (0.1362ms)
  ✔ each block gets a unique id (0.0953ms)
✔ deserializePlan() (3.9332ms)
▶ serialize → deserialize round-trip
  ✔ round-trips a simple script (0.2234ms)
✔ serialize → deserialize round-trip (0.2953ms)
▶ resolveViewerText
  ✔ returns composedText when lang is empty string, undefined, or null (1.4836ms)
  ✔ returns original text when lang is "original" (0.1472ms)
  ✔ returns composedText when lang is "all" (caller handles column layout separately) (0.1379ms)
  ✔ returns requested translation when it exists (0.126ms)
  ✔ falls back to composedText when translation does not exist (0.1453ms)
  ✔ falls back to text when translation and composedText are absent (0.2188ms)
  ✔ falls back to empty string when all text fields are absent (0.1398ms)
  ✔ handles data with no translations object but lang specified (0.1102ms)
  ✔ returns composedText over text when lang is empty and composedText differs (0.1423ms)
✔ resolveViewerText (4.0317ms)
▶ collectLangTexts
  ✔ returns original text under "original" key (0.3096ms)
  ✔ includes all translations in the returned map (0.1178ms)
  ✔ omits empty/falsy translation values (0.1596ms)
  ✔ returns just original when translations is missing (0.7616ms)
  ✔ returns empty original when text is missing (0.1755ms)
  ✔ does not include composedText in the language map (0.1149ms)
✔ collectLangTexts (1.9043ms)
ℹ tests 235
ℹ suites 44
ℹ pass 232
ℹ fail 3
ℹ cancelled 0
ℹ skipped 0
ℹ todo 0
ℹ duration_ms 205.9543

✖ failing tests:

test at test\musicAnalysis.test.js:80:3
✖ classifies tonal bass-heavy bins as music (1.9567ms)
  AssertionError [ERR_ASSERTION]: Expected values to be strictly equal:
  
  'silence' !== 'music'
  
      at TestContext.<anonymous> (file:///C:/Users/jsilv/Code/live-captions-yt/packages/lcyt-web/test/musicAnalysis.test.js:82:12)
      at Test.runInAsyncScope (node:async_hooks:214:14)
      at Test.run (node:internal/test_runner/test:1106:25)
      at Test.start (node:internal/test_runner/test:1003:17)
      at node:internal/test_runner/test:1516:71
      at node:internal/per_context/primordials:466:82
      at new Promise (<anonymous>)
      at new SafePromise (node:internal/per_context/primordials:435:3)
      at node:internal/per_context/primordials:466:9
      at Array.map (<anonymous>) {
    generatedMessage: true,
    code: 'ERR_ASSERTION',
    actual: 'silence',
    expected: 'music',
    operator: 'strictEqual',
    diff: 'simple'
  }

test at test\musicAnalysis.test.js:90:3
✖ exposes spectral features in the result (3.728ms)
  AssertionError [ERR_ASSERTION]: The expression evaluated to a falsy value:
  
    assert.ok('centroid' in features)
  
      at TestContext.<anonymous> (file:///C:/Users/jsilv/Code/live-captions-yt/packages/lcyt-web/test/musicAnalysis.test.js:93:12)
      at Test.runInAsyncScope (node:async_hooks:214:14)
      at Test.run (node:internal/test_runner/test:1106:25)
      at Suite.processPendingSubtests (node:internal/test_runner/test:788:18)
      at Test.postRun (node:internal/test_runner/test:1235:19)
      at Test.run (node:internal/test_runner/test:1163:12)
      at async Suite.processPendingSubtests (node:internal/test_runner/test:788:7) {
    generatedMessage: true,
    code: 'ERR_ASSERTION',
    actual: false,
    expected: true,
    operator: '==',
    diff: 'simple'
  }

test at test\musicAnalysis.test.js:116:3
✖ respects custom silenceThreshold override (0.6184ms)
  AssertionError [ERR_ASSERTION]: Expected "actual" to be strictly unequal to:
  
  'silence'
      at TestContext.<anonymous> (file:///C:/Users/jsilv/Code/live-captions-yt/packages/lcyt-web/test/musicAnalysis.test.js:122:12)
      at Test.runInAsyncScope (node:async_hooks:214:14)
      at Test.run (node:internal/test_runner/test:1106:25)
      at Suite.processPendingSubtests (node:internal/test_runner/test:788:18)
      at Test.postRun (node:internal/test_runner/test:1235:19)
      at Test.run (node:internal/test_runner/test:1163:12)
      at async Promise.all (index 0)
      at async Suite.run (node:internal/test_runner/test:1518:7)
      at async Test.processPendingSubtests (node:internal/test_runner/test:788:7) {
    generatedMessage: true,
    code: 'ERR_ASSERTION',
    actual: 'silence',
    expected: 'silence',
    operator: 'notStrictEqual',
    diff: 'simple'
  }
npm error Lifecycle script `test` failed with error:
npm error code 1
npm error path C:\Users\jsilv\Code\live-captions-yt\packages\lcyt-web
npm error workspace lcyt-web@1.0.0
npm error location C:\Users\jsilv\Code\live-captions-yt\packages\lcyt-web
npm error command failed
npm error command C:\WINDOWS\system32\cmd.exe /d /s /c node --test test/*.test.js


> lcyt-mcp-stdio@0.1.0 test
> node --test test/*.test.js

▶ lcyt-mcp server
  ✔ lists all sixteen tools (1.0965ms)
  ✔ TOOLS export matches handler list (0.4743ms)
  ✔ start: creates a session and returns session_id (0.8745ms)
  ✔ start: stores startedAt metadata (0.2954ms)
  ✔ send_caption: returns ok and sequence (0.4597ms)
  ✔ send_batch: returns ok, sequence, and count (0.4243ms)
  ✔ sync_clock: returns syncOffset (0.3277ms)
  ✔ get_status: returns sequence and syncOffset (0.2027ms)
  ✔ stop: removes session and returns ok (0.2917ms)
  ✔ full lifecycle: start → send → batch → status → stop (0.3267ms)
  ✔ throws on unknown session_id (0.4883ms)
  ✔ throws on unknown tool name (0.1531ms)
  ✔ list_resources: reflects active sessions (0.2358ms)
  ✔ read_resource: returns session snapshot (0.2494ms)
  ✔ read_resource: throws on unknown URI (0.1368ms)
  ✔ list_cameras: returns error when LCYT_BACKEND_URL not set (0.2165ms)
  ✔ camera_preset: returns error when LCYT_BACKEND_URL not set (0.1782ms)
  ✔ list_mixers: returns error when LCYT_BACKEND_URL not set (1.562ms)
  ✔ switch_source: returns error when LCYT_BACKEND_URL not set (0.1656ms)
  ✔ list_dsk_templates: returns error when LCYT_BACKEND_URL not set (0.1272ms)
  ✔ activate_dsk_template: returns error when LCYT_BACKEND_URL not set (0.116ms)
  ✔ broadcast_dsk_data: returns error when LCYT_BACKEND_URL not set (0.1222ms)
  ✔ dsk_renderer_status: returns error when LCYT_BACKEND_URL not set (0.1514ms)
  ✔ start_dsk_renderer: returns error when LCYT_BACKEND_URL not set (0.1814ms)
  ✔ stop_dsk_renderer: returns error when LCYT_BACKEND_URL not set (0.1331ms)
✔ lcyt-mcp server (10.4649ms)
ℹ tests 25
ℹ suites 1
ℹ pass 25
ℹ fail 0
ℹ cancelled 0
ℹ skipped 0
ℹ todo 0
ℹ duration_ms 342.1548

> lcyt-mcp-sse@0.1.0 test
> cross-env LCYT_WEB_URL=https://lcyt-test.example SPEECH_PUBLIC_URL=https://mcp-test.example node --test test/*.test.js

▶ POST /messages — session not found
  ✔ returns 404 when sessionId query param is missing (32.0572ms)
  ✔ returns 404 for an unknown sessionId (4.739ms)
✔ POST /messages — session not found (42.3998ms)
▶ POST /messages — known session
  ✔ delegates to transport.handlePostMessage for a known session (3.239ms)
✔ POST /messages — known session (3.3901ms)
▶ GET /sse — no API key required
  ✔ returns 200 with text/event-stream content-type when auth is not required (2.2718ms)
✔ GET /sse — no API key required (2.5319ms)
▶ GET /sse — API key required
  ✔ returns 401 when X-Api-Key is missing and REQUIRE_API_KEY is set (2.0589ms)
✔ GET /sse — API key required (2.2488ms)
▶ transports map
  ✔ different sessions are independent (5.5466ms)
✔ transports map (5.7587ms)
▶ module exports
  ✔ SPEECH_ENABLED is true when LCYT_WEB_URL is set (0.4912ms)
  ✔ SPEECH_TOOLS exports exactly 3 tools (0.1036ms)
  ✔ SPEECH_TOOLS contains the three expected tool names (0.6724ms)
  ✔ each SPEECH_TOOL has inputSchema with required fields array (0.177ms)
✔ module exports (3.1879ms)
▶ createSpeechSession
  ✔ returns a session with a string sessionId (1.4829ms)
  ✔ status is 'active' on creation (0.213ms)
  ✔ transcript starts empty (0.236ms)
  ✔ sender is null when no youtube_stream_key provided (0.2248ms)
  ✔ defaults language to fi-FI (0.1628ms)
  ✔ respects language option (0.1833ms)
  ✔ respects label option (0.1369ms)
  ✔ label is null when omitted (0.2175ms)
  ✔ respects silence_timeout_seconds and stores it as ms (0.2195ms)
  ✔ arms silence timer immediately (0.1794ms)
  ✔ session auto-ends on silence timeout and resolves with silence_timeout reason (59.8287ms)
✔ createSpeechSession (63.6279ms)
▶ endSpeechSession
  ✔ resolves waitForTranscript with reason when save_partial is true (0.1646ms)
  ✔ rejects waitForTranscript when save_partial is false (0.4729ms)
  ✔ throws for an unknown session_id (0.1433ms)
  ✔ throws on second call after session is already ended (0.1178ms)
✔ endSpeechSession (1.0436ms)
▶ waitForTranscript
  ✔ rejects immediately for an unknown session_id (0.3002ms)
  ✔ rejects with timeout error when timeout_seconds elapses (60.3781ms)
  ✔ multiple waiters on the same session all resolve (0.2116ms)
✔ waitForTranscript (61.0287ms)
▶ POST /stt/:sessionId/chunk
  ✔ returns 204 for a valid final chunk (41.7103ms)
  ✔ returns 204 for a non-final chunk (3.0991ms)
  ✔ accumulates multiple final chunks into the transcript (4.3479ms)
  ✔ ignores non-final (interim) chunks in the transcript (3.3267ms)
  ✔ trims whitespace from final chunks (3.9051ms)
  ✔ returns 410 for an unknown session_id (4.3473ms)
  ✔ returns 410 for an already-ended session (4.9067ms)
  ✔ sets Access-Control-Allow-Origin: * on the response (1.5936ms)
✔ POST /stt/:sessionId/chunk (67.6741ms)
▶ POST /stt/:sessionId/done
  ✔ returns 204 and ends the session with user_stopped reason (1.2138ms)
  ✔ returns 204 even for an unknown session_id (1.0337ms)
  ✔ sets Access-Control-Allow-Origin: * on the response (0.8089ms)
✔ POST /stt/:sessionId/done (3.2111ms)
[LCYT] Caption sender started
[LCYT] Caption sender stopped. Total captions sent: 0
▶ OPTIONS /stt/:sessionId/chunk (CORS preflight)
  ✔ returns 204 with correct CORS headers (1.0569ms)
✔ OPTIONS /stt/:sessionId/chunk (CORS preflight) (1.1427ms)
▶ handleSpeechTool: start_speech_session
  ✔ returns ok and a session_id (0.5062ms)
  ✔ returns a browser_url pointing to LCYT_WEB_URL/mcp/:sessionId (0.1617ms)
  ✔ browser_url contains session_id in the path (0.164ms)
  ✔ browser_url contains server query param set to SPEECH_PUBLIC_URL (0.2112ms)
  ✔ browser_url contains lang query param matching language (0.1981ms)
  ✔ browser_url contains silence param in ms (0.1727ms)
  ✔ browser_url contains label param when label is provided (0.2014ms)
  ✔ browser_url omits label param when label is not provided (0.1678ms)
  ✔ returns default language fi-FI when language is omitted (0.1457ms)
  ✔ returns the configured silence_timeout_seconds in output (0.1494ms)
  ✔ stream_key shows (none) when no youtube_stream_key is provided (0.1415ms)
  ✔ stream_key masks all but last 4 characters with **** (0.364ms)
✔ handleSpeechTool: start_speech_session (2.8434ms)
▶ handleSpeechTool: get_speech_transcript
  ✔ resolves with transcript after browser sends chunks and posts done (6.1145ms)
  ✔ resolves with empty transcript when done is sent without any chunks (1.052ms)
  ✔ rejects with timeout error when timeout_seconds elapses (55.7634ms)
  ✔ rejects for an unknown session_id (0.2657ms)
✔ handleSpeechTool: get_speech_transcript (63.4252ms)
▶ handleSpeechTool: end_speech_session
  ✔ returns ok and save_partial defaults to true (0.2908ms)
  ✔ returns save_partial false when explicitly set to false (0.1403ms)
  ✔ resolves a pending get_speech_transcript when save_partial is true (0.1328ms)
  ✔ rejects a pending get_speech_transcript when save_partial is false (0.1678ms)
  ✔ throws for an unknown session_id (0.1279ms)
✔ handleSpeechTool: end_speech_session (1.0342ms)
▶ handleSpeechTool: unknown tool
  ✔ throws for an unrecognised tool name (0.1174ms)
✔ handleSpeechTool: unknown tool (0.1643ms)
▶ full MCP/web integration flow
  ✔ basic flow: start → chunks → done → transcript resolves (7.4719ms)
  ✔ flow with interim chunks interleaved: only finals appear in transcript (4.2228ms)
  ✔ flow ending via silence timeout: transcript contains chunks received before timeout (110.9662ms)
  ✔ flow aborted via end_speech_session with save_partial false (1.5863ms)
  ✔ flow aborted via end_speech_session with save_partial true saves partial transcript (1.0303ms)
  ✔ two concurrent sessions are independent (2.932ms)
✔ full MCP/web integration flow (128.503ms)
ℹ tests 68
ℹ suites 17
ℹ pass 68
ℹ fail 0
ℹ cancelled 0
ℹ skipped 0
ℹ todo 0
ℹ duration_ms 642.3452

> lcyt-site@0.1.0 test
> echo "No tests for lcyt-site" && exit 0

"No tests for lcyt-site" 

> lcyt-bridge@0.3.0 test
> node --test test/*.test.js

▶ AtemPool — switch()
  ✔ throws when ATEM not connected (194.3225ms)
  ✔ calls changeProgramInput with (input, me) (0.3377ms)
  ✔ respects non-zero meIndex (0.2849ms)
  ✔ auto-creates connection for unknown host (0.3515ms)
✔ AtemPool — switch() (196.1966ms)
▶ AtemPool — status()
  ✔ returns empty array when no connections (0.8905ms)
  ✔ returns entry per ATEM host with connected flag (0.3263ms)
✔ AtemPool — status() (1.3931ms)
▶ AtemPool — destroy()
  ✔ clears all connections (1.0438ms)
  ✔ calls disconnect on each ATEM (0.2687ms)
  ✔ sets destroyed=true on entries before disconnect (0.2335ms)
✔ AtemPool — destroy() (1.7894ms)
▶ AtemPool — events
  ✔ emits atem:connected when ATEM connects (0.3651ms)
  ✔ emits atem:disconnected when ATEM disconnects (0.2316ms)
  ✔ emits atem:error on ATEM error (0.2393ms)
  ✔ wraps non-Error error emissions (0.2055ms)
✔ AtemPool — events (1.1865ms)
▶ Bridge — atem_switch command handling
  ✔ dispatches atem_switch to AtemPool and posts ok status (2.9299ms)
  ✔ defaults meIndex to 0 when omitted (0.2568ms)
  ✔ posts ok:false and emits command:error when AtemPool throws (0.348ms)
  ✔ does not reach unknown-type handler for atem_switch (0.2252ms)
✔ Bridge — atem_switch command handling (3.9175ms)
▶ Bridge — constructor and status()
  ✔ initialises with sse: false and no TCP entries (1.1355ms)
  ✔ strips trailing slash from backendUrl (0.1472ms)
✔ Bridge — constructor and status() (2.0112ms)
▶ Bridge — destroy()
  ✔ is safe to call before start() (0.2166ms)
  ✔ sets _destroyed = true so subsequent _connect() calls are no-ops (0.7702ms)
  ✔ clears a pending reconnect timer (3.918ms)
✔ Bridge — destroy() (5.1105ms)
▶ Bridge — SSE connection
  ✔ emits "connected" when the SSE stream opens (0.8102ms)
  ✔ emits "disconnected" and schedules reconnect on SSE error (0.6156ms)
  ✔ resets reconnect delay to initial value on successful reconnect (0.5051ms)
✔ Bridge — SSE connection (2.2467ms)
▶ Bridge — _handleCommand() tcp_send
  ✔ calls TcpPool.send() with correct host/port/payload (0.7341ms)
  ✔ posts { ok: true } status after a successful tcp_send (0.3123ms)
  ✔ emits "command:ok" after a successful tcp_send (0.3404ms)
  ✔ posts { ok: false, error } when TcpPool.send() rejects (0.2163ms)
  ✔ emits "command:error" when TcpPool.send() rejects (0.1755ms)
✔ Bridge — _handleCommand() tcp_send (1.9982ms)
▶ Bridge — _handleCommand() invalid input
  ✔ emits "error" for non-JSON data (0.1931ms)
  ✔ emits "error" for unknown command type (0.1481ms)
✔ Bridge — _handleCommand() invalid input (0.4416ms)
▶ Bridge — _postStatus() network failure
  ✔ emits "error" when fetch throws (does not propagate exception) (0.3243ms)
✔ Bridge — _postStatus() network failure (0.3915ms)
▶ Bridge — startHeartbeat()
  ✔ calls _postStatus at each interval (89.6193ms)
  ✔ stops heartbeats after bridge.destroy() (62.0185ms)
✔ Bridge — startHeartbeat() (151.8368ms)
▶ Bridge — TCP pool event forwarding
  ✔ forwards TcpPool "connected" as "tcp:connected" (0.2347ms)
  ✔ forwards TcpPool "disconnected" as "tcp:disconnected" (0.125ms)
  ✔ forwards TcpPool "error" as "tcp:error" with key and error (0.188ms)
✔ Bridge — TCP pool event forwarding (0.6553ms)
▶ Bridge — reconnectAll()
  ✔ closes the existing SSE connection and calls tcpPool.reconnectAll() (0.1889ms)
✔ Bridge — reconnectAll() (0.2498ms)
▶ Bridge — _handleCommand() http_request
  ✔ makes a GET request and posts { ok: true, status } on success (0.2727ms)
  ✔ posts { ok: false } when the HTTP request throws (0.2408ms)
  ✔ emits "command:ok" after a successful http_request (0.188ms)
  ✔ emits "command:error" when http_request fails (0.1853ms)
  ✔ _httpRequest serialises object body as JSON (0.2725ms)
✔ Bridge — _handleCommand() http_request (1.3299ms)
▶ TcpPool — status()
  ✔ returns an empty array when the pool has no connections (1.0099ms)
✔ TcpPool — status() (1.74ms)
▶ TcpPool — destroy()
  ✔ clears all connections and returns an empty status (75.0619ms)
  ✔ does not throw when called on an already-empty pool (0.3146ms)
  ✔ can be called multiple times without throwing (0.1291ms)
✔ TcpPool — destroy() (75.7391ms)
▶ TcpPool — ensure()
  ✔ does not create a duplicate entry when called twice for the same host:port (59.4325ms)
✔ TcpPool — ensure() (59.593ms)
▶ TcpPool — send()
  ✔ throws when the connection is not yet established (1.8789ms)
  ✔ delivers data to the socket when connected (59.738ms)
  ✔ creates a new connection automatically when send() is called without ensure() (1.4779ms)
✔ TcpPool — send() (63.3758ms)
▶ TcpPool — reconnectAll()
  ✔ does not throw when called on an empty pool (0.2247ms)
  ✔ re-establishes connections: emits a second connected event after reconnectAll() (213.8752ms)
✔ TcpPool — reconnectAll() (214.2803ms)
▶ TcpPool — events
  ✔ emits "connected" with the host:port key when the socket connects (2.1242ms)
  ✔ emits "disconnected" when the server closes the connection (2.074ms)
  ✔ emits "error" with key and error when the socket errors (0.8627ms)
✔ TcpPool — events (5.2872ms)
ℹ tests 57
ℹ suites 21
ℹ pass 57
ℹ fail 0
ℹ cancelled 0
ℹ skipped 0
ℹ todo 0
ℹ duration_ms 5314.3963

> lcyt-agent@0.1.0 test
> node --test test/*.test.js

▶ AgentEngine
  ✖ context window starts empty
  ✖ addContext adds entries to the context window
  ✖ context window per API key is isolated
  ✖ clearContext removes all entries for a key
  ✖ context window trims to max entries
  ✖ analyseImage returns stub result
  ✖ evaluateEventCue returns not-configured when no AI config
  ✖ evaluateEventCue returns not-configured when provider is none
  ✖ evaluateEventCue returns no context when context window is empty
  ✖ _resolveApiSettings uses env vars for server provider
  ✖ _resolveApiSettings uses user config for custom provider
  ✖ getAiConfig returns null when no config exists
  ✖ getAiConfig returns config after setAiConfig
  ✖ isServerEmbeddingAvailable reflects env
  ✖ cosineSimilarity returns 1 for identical vectors
  ✖ cosineSimilarity returns 0 for orthogonal vectors
✖ AgentEngine (1.9682ms)
▶ agent DB helpers
  ✔ insertAgentEvent and retrieve (5.4668ms)
  ✔ getRecentAgentEvents respects limit (0.6039ms)
  ✔ migrations are idempotent (0.8788ms)
  ✔ events are isolated by API key (0.4247ms)
✔ agent DB helpers (8.3169ms)
ℹ tests 20
ℹ suites 2
ℹ pass 4
ℹ fail 0
ℹ cancelled 16
ℹ skipped 0
ℹ todo 0
ℹ duration_ms 108.0117

✖ failing tests:

test at test\agent-engine.test.js:36:3
✖ context window starts empty
  'test did not finish before its parent and was cancelled'

test at test\agent-engine.test.js:42:3
✖ addContext adds entries to the context window
  'test did not finish before its parent and was cancelled'

test at test\agent-engine.test.js:54:3
✖ context window per API key is isolated
  'test did not finish before its parent and was cancelled'

test at test\agent-engine.test.js:65:3
✖ clearContext removes all entries for a key
  'test did not finish before its parent and was cancelled'

test at test\agent-engine.test.js:75:3
✖ context window trims to max entries
  'test did not finish before its parent and was cancelled'

test at test\agent-engine.test.js:88:3
✖ analyseImage returns stub result
  'test did not finish before its parent and was cancelled'

test at test\agent-engine.test.js:96:3
✖ evaluateEventCue returns not-configured when no AI config
  'test did not finish before its parent and was cancelled'

test at test\agent-engine.test.js:105:3
✖ evaluateEventCue returns not-configured when provider is none
  'test did not finish before its parent and was cancelled'

test at test\agent-engine.test.js:114:3
✖ evaluateEventCue returns no context when context window is empty
  'test did not finish before its parent and was cancelled'

test at test\agent-engine.test.js:126:3
✖ _resolveApiSettings uses env vars for server provider
  'test did not finish before its parent and was cancelled'

test at test\agent-engine.test.js:147:3
✖ _resolveApiSettings uses user config for custom provider
  'test did not finish before its parent and was cancelled'

test at test\agent-engine.test.js:161:3
✖ getAiConfig returns null when no config exists
  'test did not finish before its parent and was cancelled'

test at test\agent-engine.test.js:167:3
✖ getAiConfig returns config after setAiConfig
  'test did not finish before its parent and was cancelled'

test at test\agent-engine.test.js:181:3
✖ isServerEmbeddingAvailable reflects env
  'test did not finish before its parent and was cancelled'

test at test\agent-engine.test.js:193:3
✖ cosineSimilarity returns 1 for identical vectors
  'test did not finish before its parent and was cancelled'

test at test\agent-engine.test.js:199:3
✖ cosineSimilarity returns 0 for orthogonal vectors
  'test did not finish before its parent and was cancelled'

test at test\agent-engine.test.js:20:1
✖ AgentEngine (1.9682ms)
  SyntaxError: Unexpected token ')'
      at compileSourceTextModule (node:internal/modules/esm/utils:318:16)
      at ModuleLoader.moduleStrategy (node:internal/modules/esm/translators:111:18)
      at #translate (node:internal/modules/esm/loader:473:20)
      at afterLoad (node:internal/modules/esm/loader:529:29)
      at ModuleLoader.loadAndTranslate (node:internal/modules/esm/loader:534:12)
      at #getOrCreateModuleJobAfterResolve (node:internal/modules/esm/loader:571:36)
      at afterResolve (node:internal/modules/esm/loader:624:52)
      at ModuleLoader.getOrCreateModuleJob (node:internal/modules/esm/loader:630:12)
      at onImport.tracePromise.__proto__ (node:internal/modules/esm/loader:649:32)
      at TracingChannel.tracePromise (node:diagnostics_channel:350:14)
npm error Lifecycle script `test` failed with error:
npm error code 1
npm error path C:\Users\jsilv\Code\live-captions-yt\packages\plugins\lcyt-agent
npm error workspace lcyt-agent@0.1.0
npm error location C:\Users\jsilv\Code\live-captions-yt\packages\plugins\lcyt-agent
npm error command failed
npm error command C:\WINDOWS\system32\cmd.exe /d /s /c node --test test/*.test.js


> lcyt-cues@0.1.0 test
> node --test test/*.test.js

▶ CueEngine
  ✖ evaluate returns empty array when no rules exist
  ✖ phrase match fires when text contains the phrase
  ✖ phrase match is case-insensitive
  ✖ phrase match does not fire when phrase is absent
  ✖ regex match fires on pattern match
  ✖ regex match does not fire when no match
  ✖ invalid regex pattern does not crash
  ✖ section match fires when section code matches
  ✖ section match is case-insensitive
  ✖ section match does not fire for different section
  ✖ disabled rules are not evaluated
  ✖ cooldown prevents repeated firing within window
  ✖ multiple rules can fire from the same text
  ✖ rules from different API keys are isolated
  ✖ events are persisted to the DB
  ✖ invalidate clears the rule cache
  ✖ evaluate with null/empty text returns empty
  ✖ fuzzy match fires for similar text (Jaro-Winkler)
  ✖ fuzzy match does not fire for very different text
  ✖ fuzzy match respects threshold
  ✖ fuzzy match fires with lenient threshold
✖ CueEngine (2.1327ms)
▶ cue DB helpers
  ✔ CRUD cycle for cue rules (6.6729ms)
  ✔ insert and retrieve cue events (0.6848ms)
  ✔ getRecentCueEvents respects limit (0.6737ms)
  ✔ migrations are idempotent (1.0656ms)
  ✖ evaluateEventCues does nothing without agentEvaluateFn (0.7857ms)
  ✖ evaluateEventCues calls agent for event_cue rules (0.5803ms)
  ✖ evaluateEventCues respects cooldown (0.5879ms)
  ✖ evaluateEventCues skips non-event_cue rules (0.6334ms)
  ✖ evaluateEventCues handles agent returning not matched (0.6586ms)
✖ cue DB helpers (13.6322ms)
▶ createCueProcessor
  ✔ strips cue metacode and returns clean text (1.1152ms)
  ✔ strips multiple cue metacodes (0.1905ms)
  ✔ returns unchanged text when no metacodes present (0.1619ms)
  ✔ returns empty string for pure-metacode captions (0.1608ms)
  ✔ returns empty string for null/undefined input (0.1487ms)
  ✔ emits cue_fired SSE event for explicit cue metacode (0.2294ms)
  ✔ emits cue_fired SSE event for each explicit cue (0.227ms)
  ✔ emits cue_fired SSE events for auto rules (0.2482ms)
  ✔ does not emit SSE events for unknown session key (0.2653ms)
  ✔ persists explicit cue events to DB (0.2543ms)
  ✔ handles gracefully when store is null (0.1416ms)
  ✔ handles gracefully when db is null (0.1855ms)
  ✔ handles gracefully when engine is null (0.0874ms)
  ✔ case-insensitive: CUE in caps (0.155ms)
  ✔ preserves surrounding text after stripping metacodes (0.0934ms)
  ✔ passes codes to engine.evaluate (0.6516ms)
✔ createCueProcessor (8.6767ms)
▶ jaroWinkler — backend
  ✖ returns 1.0 for identical strings
  ✖ returns 0 for empty vs non-empty
  ✖ returns 1.0 for both empty
  ✖ returns high score for similar words
  ✖ returns lower score for dissimilar words
  ✖ catches common STT variations
✖ jaroWinkler — backend (0.3763ms)
▶ fuzzyWordMatch — backend
  ✖ exact word match returns score 1.0
  ✖ exact multi-word match returns score 1.0
  ✖ slides window to find best match
  ✖ returns high score for similar words
  ✖ returns low score for unrelated text
  ✖ returns 0 for empty inputs
  ✖ single word match against longer text
✖ fuzzyWordMatch — backend (0.0345ms)
✔ cues regex safety placeholder (0.6166ms)
▶ CueEngine — sound detection cues
  ✖ music_start fires on transition from speech to music
  ✖ music_start does not fire when already in music
  ✖ music_stop fires on transition from music to speech
  ✖ music_stop does not fire when not coming from music
  ✖ silence cue fires after minimum duration
  ✖ silence cue cancels when silence is broken
  ✖ clearSilenceTimers cleans up state
  ✖ evaluateSoundEvent returns empty array when no matching rules
  ✖ cooldown prevents repeated music_start firing
✖ CueEngine — sound detection cues (1.7306ms)
ℹ tests 69
ℹ suites 6
ℹ pass 21
ℹ fail 5
ℹ cancelled 43
ℹ skipped 0
ℹ todo 0
ℹ duration_ms 140.6334

✖ failing tests:

test at test\cue-engine.test.js:35:3
✖ evaluate returns empty array when no rules exist
  'test did not finish before its parent and was cancelled'

test at test\cue-engine.test.js:42:3
✖ phrase match fires when text contains the phrase
  'test did not finish before its parent and was cancelled'

test at test\cue-engine.test.js:56:3
✖ phrase match is case-insensitive
  'test did not finish before its parent and was cancelled'

test at test\cue-engine.test.js:67:3
✖ phrase match does not fire when phrase is absent
  'test did not finish before its parent and was cancelled'

test at test\cue-engine.test.js:78:3
✖ regex match fires on pattern match
  'test did not finish before its parent and was cancelled'

test at test\cue-engine.test.js:91:3
✖ regex match does not fire when no match
  'test did not finish before its parent and was cancelled'

test at test\cue-engine.test.js:102:3
✖ invalid regex pattern does not crash
  'test did not finish before its parent and was cancelled'

test at test\cue-engine.test.js:113:3
✖ section match fires when section code matches
  'test did not finish before its parent and was cancelled'

test at test\cue-engine.test.js:126:3
✖ section match is case-insensitive
  'test did not finish before its parent and was cancelled'

test at test\cue-engine.test.js:137:3
✖ section match does not fire for different section
  'test did not finish before its parent and was cancelled'

test at test\cue-engine.test.js:148:3
✖ disabled rules are not evaluated
  'test did not finish before its parent and was cancelled'

test at test\cue-engine.test.js:160:3
✖ cooldown prevents repeated firing within window
  'test did not finish before its parent and was cancelled'

test at test\cue-engine.test.js:178:3
✖ multiple rules can fire from the same text
  'test did not finish before its parent and was cancelled'

test at test\cue-engine.test.js:193:3
✖ rules from different API keys are isolated
  'test did not finish before its parent and was cancelled'

test at test\cue-engine.test.js:204:3
✖ events are persisted to the DB
  'test did not finish before its parent and was cancelled'

test at test\cue-engine.test.js:221:3
✖ invalidate clears the rule cache
  'test did not finish before its parent and was cancelled'

test at test\cue-engine.test.js:244:3
✖ evaluate with null/empty text returns empty
  'test did not finish before its parent and was cancelled'

test at test\cue-engine.test.js:251:3
✖ fuzzy match fires for similar text (Jaro-Winkler)
  'test did not finish before its parent and was cancelled'

test at test\cue-engine.test.js:265:3
✖ fuzzy match does not fire for very different text
  'test did not finish before its parent and was cancelled'

test at test\cue-engine.test.js:277:3
✖ fuzzy match respects threshold
  'test did not finish before its parent and was cancelled'

test at test\cue-engine.test.js:290:3
✖ fuzzy match fires with lenient threshold
  'test did not finish before its parent and was cancelled'

test at test\cue-engine.test.js:21:1
✖ CueEngine (2.1327ms)
  SyntaxError: Unexpected token '{'
      at compileSourceTextModule (node:internal/modules/esm/utils:318:16)
      at ModuleLoader.moduleStrategy (node:internal/modules/esm/translators:111:18)
      at #translate (node:internal/modules/esm/loader:473:20)
      at afterLoad (node:internal/modules/esm/loader:529:29)
      at ModuleLoader.loadAndTranslate (node:internal/modules/esm/loader:534:12)
      at #getOrCreateModuleJobAfterResolve (node:internal/modules/esm/loader:571:36)
      at afterResolve (node:internal/modules/esm/loader:624:52)
      at ModuleLoader.getOrCreateModuleJob (node:internal/modules/esm/loader:630:12)
      at onImport.tracePromise.__proto__ (node:internal/modules/esm/loader:649:32)
      at TracingChannel.tracePromise (node:diagnostics_channel:350:14)

test at test\cue-engine.test.js:394:3
✖ evaluateEventCues does nothing without agentEvaluateFn (0.7857ms)
  ReferenceError: CueEngine is not defined
      at TestContext.<anonymous> (file:///C:/Users/jsilv/Code/live-captions-yt/packages/plugins/lcyt-cues/test/cue-engine.test.js:396:20)
      at Test.runInAsyncScope (node:async_hooks:214:14)
      at Test.run (node:internal/test_runner/test:1106:25)
      at async Suite.processPendingSubtests (node:internal/test_runner/test:788:7)

test at test\cue-engine.test.js:409:3
✖ evaluateEventCues calls agent for event_cue rules (0.5803ms)
  ReferenceError: CueEngine is not defined
      at TestContext.<anonymous> (file:///C:/Users/jsilv/Code/live-captions-yt/packages/plugins/lcyt-cues/test/cue-engine.test.js:411:20)
      at Test.runInAsyncScope (node:async_hooks:214:14)
      at Test.run (node:internal/test_runner/test:1106:25)
      at async Suite.processPendingSubtests (node:internal/test_runner/test:788:7)

test at test\cue-engine.test.js:428:3
✖ evaluateEventCues respects cooldown (0.5879ms)
  ReferenceError: CueEngine is not defined
      at TestContext.<anonymous> (file:///C:/Users/jsilv/Code/live-captions-yt/packages/plugins/lcyt-cues/test/cue-engine.test.js:430:20)
      at Test.runInAsyncScope (node:async_hooks:214:14)
      at Test.run (node:internal/test_runner/test:1106:25)
      at async Suite.processPendingSubtests (node:internal/test_runner/test:788:7)

test at test\cue-engine.test.js:448:3
✖ evaluateEventCues skips non-event_cue rules (0.6334ms)
  ReferenceError: CueEngine is not defined
      at TestContext.<anonymous> (file:///C:/Users/jsilv/Code/live-captions-yt/packages/plugins/lcyt-cues/test/cue-engine.test.js:450:20)
      at Test.runInAsyncScope (node:async_hooks:214:14)
      at Test.run (node:internal/test_runner/test:1106:25)
      at async Suite.processPendingSubtests (node:internal/test_runner/test:788:7)

test at test\cue-engine.test.js:464:3
✖ evaluateEventCues handles agent returning not matched (0.6586ms)
  ReferenceError: CueEngine is not defined
      at TestContext.<anonymous> (file:///C:/Users/jsilv/Code/live-captions-yt/packages/plugins/lcyt-cues/test/cue-engine.test.js:466:20)
      at Test.runInAsyncScope (node:async_hooks:214:14)
      at Test.run (node:internal/test_runner/test:1106:25)
      at async Suite.processPendingSubtests (node:internal/test_runner/test:788:7)

test at test\fuzzy-matching.test.js:15:3
✖ returns 1.0 for identical strings
  'test did not finish before its parent and was cancelled'

test at test\fuzzy-matching.test.js:19:3
✖ returns 0 for empty vs non-empty
  'test did not finish before its parent and was cancelled'

test at test\fuzzy-matching.test.js:24:3
✖ returns 1.0 for both empty
  'test did not finish before its parent and was cancelled'

test at test\fuzzy-matching.test.js:28:3
✖ returns high score for similar words
  'test did not finish before its parent and was cancelled'

test at test\fuzzy-matching.test.js:33:3
✖ returns lower score for dissimilar words
  'test did not finish before its parent and was cancelled'

test at test\fuzzy-matching.test.js:38:3
✖ catches common STT variations
  'test did not finish before its parent and was cancelled'

test at test\fuzzy-matching.test.js:14:1
✖ jaroWinkler — backend (0.3763ms)
  SyntaxError: Unexpected token '{'
      at compileSourceTextModule (node:internal/modules/esm/utils:318:16)
      at ModuleLoader.moduleStrategy (node:internal/modules/esm/translators:111:18)
      at #translate (node:internal/modules/esm/loader:473:20)
      at afterLoad (node:internal/modules/esm/loader:529:29)
      at ModuleLoader.loadAndTranslate (node:internal/modules/esm/loader:534:12)
      at #getOrCreateModuleJobAfterResolve (node:internal/modules/esm/loader:571:36)
      at afterResolve (node:internal/modules/esm/loader:624:52)
      at ModuleLoader.getOrCreateModuleJob (node:internal/modules/esm/loader:630:12)
      at onImport.tracePromise.__proto__ (node:internal/modules/esm/loader:649:32)
      at TracingChannel.tracePromise (node:diagnostics_channel:350:14)

test at test\fuzzy-matching.test.js:50:3
✖ exact word match returns score 1.0
  'test did not finish before its parent and was cancelled'

test at test\fuzzy-matching.test.js:55:3
✖ exact multi-word match returns score 1.0
  'test did not finish before its parent and was cancelled'

test at test\fuzzy-matching.test.js:60:3
✖ slides window to find best match
  'test did not finish before its parent and was cancelled'

test at test\fuzzy-matching.test.js:66:3
✖ returns high score for similar words
  'test did not finish before its parent and was cancelled'

test at test\fuzzy-matching.test.js:71:3
✖ returns low score for unrelated text
  'test did not finish before its parent and was cancelled'

test at test\fuzzy-matching.test.js:76:3
✖ returns 0 for empty inputs
  'test did not finish before its parent and was cancelled'

test at test\fuzzy-matching.test.js:82:3
✖ single word match against longer text
  'test did not finish before its parent and was cancelled'

test at test\fuzzy-matching.test.js:49:1
✖ fuzzyWordMatch — backend (0.0345ms)
  SyntaxError: Unexpected token '{'
      at compileSourceTextModule (node:internal/modules/esm/utils:318:16)
      at ModuleLoader.moduleStrategy (node:internal/modules/esm/translators:111:18)
      at #translate (node:internal/modules/esm/loader:473:20)
      at afterLoad (node:internal/modules/esm/loader:529:29)
      at ModuleLoader.loadAndTranslate (node:internal/modules/esm/loader:534:12)
      at #getOrCreateModuleJobAfterResolve (node:internal/modules/esm/loader:571:36)
      at afterResolve (node:internal/modules/esm/loader:624:52)
      at ModuleLoader.getOrCreateModuleJob (node:internal/modules/esm/loader:630:12)
      at onImport.tracePromise.__proto__ (node:internal/modules/esm/loader:649:32)
      at TracingChannel.tracePromise (node:diagnostics_channel:350:14)

test at test\sound-cues.test.js:30:3
✖ music_start fires on transition from speech to music
  'test did not finish before its parent and was cancelled'

test at test\sound-cues.test.js:46:3
✖ music_start does not fire when already in music
  'test did not finish before its parent and was cancelled'

test at test\sound-cues.test.js:59:3
✖ music_stop fires on transition from music to speech
  'test did not finish before its parent and was cancelled'

test at test\sound-cues.test.js:73:3
✖ music_stop does not fire when not coming from music
  'test did not finish before its parent and was cancelled'

test at test\sound-cues.test.js:85:3
✖ silence cue fires after minimum duration
  'test did not finish before its parent and was cancelled'

test at test\sound-cues.test.js:111:3
✖ silence cue cancels when silence is broken
  'test did not finish before its parent and was cancelled'

test at test\sound-cues.test.js:135:3
✖ clearSilenceTimers cleans up state
  'test did not finish before its parent and was cancelled'

test at test\sound-cues.test.js:147:3
✖ evaluateSoundEvent returns empty array when no matching rules
  'test did not finish before its parent and was cancelled'

test at test\sound-cues.test.js:154:3
✖ cooldown prevents repeated music_start firing
  'test did not finish before its parent and was cancelled'

test at test\sound-cues.test.js:16:1
✖ CueEngine — sound detection cues (1.7306ms)
  SyntaxError: Unexpected token '{'
      at compileSourceTextModule (node:internal/modules/esm/utils:318:16)
      at ModuleLoader.moduleStrategy (node:internal/modules/esm/translators:111:18)
      at #translate (node:internal/modules/esm/loader:473:20)
      at afterLoad (node:internal/modules/esm/loader:529:29)
      at ModuleLoader.loadAndTranslate (node:internal/modules/esm/loader:534:12)
      at #getOrCreateModuleJobAfterResolve (node:internal/modules/esm/loader:571:36)
      at afterResolve (node:internal/modules/esm/loader:624:52)
      at ModuleLoader.getOrCreateModuleJob (node:internal/modules/esm/loader:630:12)
      at onImport.tracePromise.__proto__ (node:internal/modules/esm/loader:649:32)
      at TracingChannel.tracePromise (node:diagnostics_channel:350:14)
npm error Lifecycle script `test` failed with error:
npm error code 1
npm error path C:\Users\jsilv\Code\live-captions-yt\packages\plugins\lcyt-cues
npm error workspace lcyt-cues@0.1.0
npm error location C:\Users\jsilv\Code\live-captions-yt\packages\plugins\lcyt-cues
npm error command failed
npm error command C:\WINDOWS\system32\cmd.exe /d /s /c node --test test/*.test.js


> lcyt-dsk@0.1.0 test
> node --test ./test/index.js

✔ detects conflicting element ids across templates (7.2191ms)
✔ auto-renames conflicting element ids on save (1.0192ms)
▶ caption-processor: no metacode
  ✔ returns text unchanged when no <!-- present (0.6366ms)
  ✔ returns text unchanged when <!-- present but no graphics keyword (0.269ms)
  ✔ emits bindings event when codes are non-empty, even with no metacode (0.312ms)
  ✔ does not emit bindings event when codes is empty object (0.2599ms)
  ✔ does not emit bindings event when codes is omitted (0.3249ms)
✔ caption-processor: no metacode (2.2062ms)
▶ caption-processor: absolute default section
  ✔ sets default to listed names (0.7823ms)
  ✔ clears default when section is empty (<!-- graphics: -->) (0.4004ms)
  ✔ strips whitespace around names (0.3799ms)
  ✔ updates server-side state for subsequent delta operations (0.4204ms)
✔ caption-processor: absolute default section (2.2003ms)
▶ caption-processor: delta mode
  ✔ +name adds to existing default (0.352ms)
  ✔ -name removes from existing default (0.307ms)
  ✔ +add and -remove work simultaneously (0.3246ms)
  ✔ unprefixed name in delta section treated as add (0.3476ms)
  ✔ -name for non-existent item is a no-op (no error) (0.3224ms)
✔ caption-processor: delta mode (1.807ms)
▶ caption-processor: viewport-specific sections
  ✔ targets a named viewport, default is null (0.4319ms)
  ✔ targets multiple viewports with comma-separated list (0.2967ms)
  ✔ clears a viewport with empty section (0.2918ms)
  ✔ landscape alias resolves to landscape slot (0.2895ms)
  ✔ default alias resolves to landscape slot (0.2873ms)
  ✔ main alias resolves to landscape slot (0.2652ms)
  ✔ viewport delta: +name adds to existing viewport state (1.2466ms)
✔ caption-processor: viewport-specific sections (3.31ms)
▶ caption-processor: combined metacodes
  ✔ default section and viewport-specific section coexist (0.3108ms)
✔ caption-processor: combined metacodes (0.376ms)
▶ caption-processor: clean text
  ✔ strips default metacode and returns clean text (0.282ms)
  ✔ strips viewport metacode and returns clean text (0.2546ms)
  ✔ strips multiple metacodes (0.255ms)
  ✔ emits text SSE event when cleanText is non-empty (0.2482ms)
  ✔ does NOT emit text SSE event when cleanText is empty (0.2609ms)
✔ caption-processor: clean text (1.446ms)
▶ caption-processor: imageMeta
  ✔ populates imageMeta from caption_files settings_json (0.3791ms)
  ✔ imageMeta is empty object for unknown names (0.2974ms)
✔ caption-processor: imageMeta (0.7461ms)
▶ caption-processor: relayManager
  ✔ calls relayManager.setDskOverlay when default section is non-null (0.4396ms)
  ✖ excludes SVG images from relay overlay paths (1.0006ms)
  ✔ does not call relayManager when default section is null (viewport-only) (0.2496ms)
✖ caption-processor: relayManager (1.8167ms)
▶ createEditorAuth
  ✔ no x-api-key header calls next() and does not set req.session (0.33ms)
  ✔ valid active key sets req.session and calls next() (0.2646ms)
  ✔ unknown key returns 401 (0.3453ms)
  ✔ inactive key (active = 0) returns 401 (0.2251ms)
  ✔ key with active = 2 (not exactly 1) returns 401 (0.2513ms)
✔ createEditorAuth (1.5576ms)
▶ editorAuthOrBearer
  ✔ delegates to editorAuth when x-api-key header is present (0.3294ms)
  ✔ delegates to jwtAuth when x-api-key header is absent (0.2322ms)
  ✔ returns 401 from editorAuth when x-api-key is invalid (jwtAuth not called) (0.234ms)
  ✔ jwtAuth failing still does not call editorAuth (0.2301ms)
✔ editorAuthOrBearer (1.1809ms)
▶ dsk-templates: saveTemplate
  ✔ inserts a new template and returns a numeric id (0.708ms)
  ✔ updates existing template when same (apiKey, name) already exists (0.7412ms)
  ✔ different API keys can have templates with the same name (0.6787ms)
✔ dsk-templates: saveTemplate (2.2229ms)
▶ dsk-templates: listTemplates
  ✔ returns empty array for unknown key (0.6556ms)
  ✔ returns templates for the correct key only (0.664ms)
  ✔ returns id, name, updated_at fields (no template_json) (0.6688ms)
✔ dsk-templates: listTemplates (2.0772ms)
▶ dsk-templates: getTemplate
  ✔ returns template with parsed templateJson (0.7011ms)
  ✔ returns null for unknown id (0.6123ms)
  ✔ returns null when apiKey does not match (cross-key isolation) (0.6152ms)
✔ dsk-templates: getTemplate (2.0091ms)
▶ dsk-templates: deleteTemplate
  ✔ returns true and removes the row (0.7483ms)
  ✔ returns false for unknown id (0.591ms)
  ✔ returns false when apiKey does not match (0.6224ms)
✔ dsk-templates: deleteTemplate (2.0482ms)
▶ dsk-templates: findTemplatesWithAnyElementIds
  ✔ returns empty array for templateJson with no ids (0.6623ms)
  ✔ returns conflicts when ids overlap (0.7048ms)
  ✔ returns empty when ids do not overlap (0.641ms)
  ✔ excludes the specified excludeTemplateId (0.6447ms)
  ✔ does not return conflicts from other API keys (0.6615ms)
✔ dsk-templates: findTemplatesWithAnyElementIds (3.4407ms)
▶ dsk-templates: autoRenameConflictingIds
  ✔ returns templateJson unchanged when no conflicts (0.7963ms)
  ✔ returns unchanged when templateJson has no ids (0.5848ms)
  ✔ renames conflicting ids with _r1 suffix (0.7105ms)
  ✔ increments suffix if _r1 is already taken (0.6811ms)
  ✔ respects excludeTemplateId when checking conflicts (0.7121ms)
  ✔ renames nested ids correctly (0.6811ms)
✔ dsk-templates: autoRenameConflictingIds (4.3139ms)
ℹ tests 66
ℹ suites 16
ℹ pass 65
ℹ fail 1
ℹ cancelled 0
ℹ skipped 0
ℹ todo 0
ℹ duration_ms 161.8245

✖ failing tests:

test at test\caption-processor-full.test.js:414:3
✖ excludes SVG images from relay overlay paths (1.0006ms)
  AssertionError [ERR_ASSERTION]: Expected values to be strictly equal:
  
  1 !== 0
  
      at TestContext.<anonymous> (file:///C:/Users/jsilv/Code/live-captions-yt/packages/plugins/lcyt-dsk/test/caption-processor-full.test.js:432:12)
      at async Test.run (node:internal/test_runner/test:1113:7)
      at async Suite.processPendingSubtests (node:internal/test_runner/test:788:7) {
    generatedMessage: true,
    code: 'ERR_ASSERTION',
    actual: 1,
    expected: 0,
    operator: 'strictEqual',
    diff: 'simple'
  }
npm error Lifecycle script `test` failed with error:
npm error code 1
npm error path C:\Users\jsilv\Code\live-captions-yt\packages\plugins\lcyt-dsk
npm error workspace lcyt-dsk@0.1.0
npm error location C:\Users\jsilv\Code\live-captions-yt\packages\plugins\lcyt-dsk
npm error command failed
npm error command C:\WINDOWS\system32\cmd.exe /d /s /c node --test ./test/index.js


> lcyt-files@0.1.0 test
> node --experimental-test-module-mocks --test test/*.test.js

✔ caption-files writeToBackendFile should surface storage.openAppend errors (placeholder) (0.624ms)
▶ createLocalAdapter
  ✔ keyDir creates subdirectory (2.3609ms)
  ✔ keyDir sanitizes special characters (1.1276ms)
  ✔ openAppend returns handle with storedKey (7.8817ms)
  ✔ write() appends data to file (3.1494ms)
  ✔ sizeBytes() returns current file size (2.2991ms)
  ✔ openRead() returns a readable stream (2.843ms)
  ✔ openRead() sets vtt content type for vtt format (2.433ms)
  ✔ deleteFile() removes the file (2.1168ms)
  ✔ deleteFile() is safe when file does not exist (1.0566ms)
  ✔ describe() returns informative string (0.7247ms)
✔ createLocalAdapter (27.2349ms)
▶ writeToBackendFile
  ✔ creates new file handle on first call and appends plain text (2.9308ms)
  ✔ reuses existing handle on second call (2.0822ms)
  ✔ separate handles per lang (2.4546ms)
  ✔ writes VTT header and cue for vtt format (2.4771ms)
  ✔ increments sequence number (2.2581ms)
✔ writeToBackendFile (12.502ms)
▶ closeFileHandles
  ✔ closes all open handles and clears the map (3.7137ms)
  ✔ is a no-op for null or empty map (0.6417ms)
✔ closeFileHandles (4.4611ms)
✔ storage resolver cache placeholder (0.6762ms)
ℹ tests 19
ℹ suites 3
ℹ pass 19
ℹ fail 0
ℹ cancelled 0
ℹ skipped 0
ℹ todo 0
ℹ duration_ms 770.4449

> lcyt-music@0.1.0 test
> node --test test/sound-caption-processor.test.js

▶ createSoundCaptionProcessor
  ✔ strips sound metacode and returns clean text (1.0303ms)
  ✔ strips bpm metacode (0.1836ms)
  ✔ strips both metacodes from same caption (0.1746ms)
  ✔ returns unchanged text when no metacodes present (0.1453ms)
  ✔ returns empty string for null/undefined input (0.1408ms)
  ✔ emits sound_label SSE event for sound metacode (0.2255ms)
  ✔ emits bpm_update SSE event for bpm metacode (0.1703ms)
  ✔ emits both SSE events when both metacodes are present (0.1929ms)
  ✔ does not emit SSE events when no metacodes present (0.1502ms)
  ✔ does not emit SSE event for unknown session key (0.1743ms)
  ✔ inserts label_change event into DB (0.161ms)
  ✔ handles gracefully when store is null (0.1347ms)
  ✔ handles gracefully when db is null (0.7888ms)
  ✔ case-insensitive: SOUND and BPM in caps (0.1678ms)
  ✔ preserves surrounding text after stripping metacodes (0.1103ms)
✔ createSoundCaptionProcessor (7.3461ms)
ℹ tests 15
ℹ suites 1
ℹ pass 15
ℹ fail 0
ℹ cancelled 0
ℹ skipped 0
ℹ todo 0
ℹ duration_ms 89.0614

> lcyt-production@0.1.0 test
> node --test test/*.test.js

▶ AMX adapter
  ✔ callPreset sends command verbatim over TCP (3.0371ms)
  ✔ callPreset throws for unknown presetId (0.5733ms)
  ✔ callPreset throws when not connected (0.2274ms)
  ✔ callPreset passes command string unchanged (no transformation) (0.217ms)
  ✔ callPreset works with empty presets array gives clear error (0.2507ms)
✔ AMX adapter (5.3312ms)
▶ none adapter
  ✔ connect returns a handle with connected=true (1.1042ms)
  ✔ disconnect does not throw (0.4513ms)
  ✔ callPreset throws with a descriptive error (0.3564ms)
✔ none adapter (2.1483ms)
▶ registry getCameraAdapter
  ✔ returns amx adapter for controlType amx (278.4091ms)
  ✔ returns none adapter for controlType none (0.2481ms)
  ✔ throws for unknown controlType (0.221ms)
✔ registry getCameraAdapter (279.0653ms)
▶ ATEM adapter — getSwitchCommand
  ✔ returns typed atem_switch command object (215.6303ms)
  ✔ defaults meIndex to 0 when not specified (0.2727ms)
  ✔ respects non-zero meIndex (0.1618ms)
✔ ATEM adapter — getSwitchCommand (216.8178ms)
▶ ATEM adapter — switchSource
  ✔ calls changeProgramInput with correct (input, meIndex) args (0.3587ms)
  ✔ uses non-zero meIndex from handle config (0.1991ms)
  ✔ throws when not connected (0.5363ms)
  ✔ throws when atem is null (0.2831ms)
✔ ATEM adapter — switchSource (1.6097ms)
▶ ATEM adapter — getActiveSource
  ✔ returns null when atem is null (0.3696ms)
  ✔ returns null when state is null (0.159ms)
  ✔ returns null when mixEffects is empty (0.8059ms)
  ✔ returns programInput from state for meIndex 0 (0.1636ms)
  ✔ returns programInput from the correct meIndex (0.1263ms)
✔ ATEM adapter — getActiveSource (1.8631ms)
▶ ATEM adapter — disconnect
  ✔ sets destroyed=true and connected=false (0.1702ms)
  ✔ clears reconnect timer if set (0.1797ms)
  ✔ does not throw if atem is null (0.2389ms)
✔ ATEM adapter — disconnect (0.6785ms)
▶ registry getMixerAdapter — atem
  ✔ returns atem adapter for type atem (53.7688ms)
✔ registry getMixerAdapter — atem (53.8491ms)
[bridge] Instance 7319a017-3d28-4646-a4a4-77b94b52a709 connected
[bridge] Instance 7319a017-3d28-4646-a4a4-77b94b52a709 disconnected
[bridge] Instance 8d5d5e38-2b77-4934-aab9-971aae7f50cc connected
[bridge] Instance 8d5d5e38-2b77-4934-aab9-971aae7f50cc disconnected
[bridge] Instance 08f8bc48-e10f-46f0-bdf2-4e64b465cedc connected
[bridge] Instance 08f8bc48-e10f-46f0-bdf2-4e64b465cedc disconnected
[bridge] Instance d14969b8-ad2d-4008-8b10-eb66fbfa04bf connected
[bridge] Instance d14969b8-ad2d-4008-8b10-eb66fbfa04bf disconnected
[bridge] Instance 56e1b157-3d90-4943-98fa-8ea537d1f302 connected
[bridge] Instance 56e1b157-3d90-4943-98fa-8ea537d1f302 disconnected
[bridge] Instance 699b64cf-1543-4e7c-bd53-5be066dbd1ec connected
[bridge] Instance 699b64cf-1543-4e7c-bd53-5be066dbd1ec reconnected — kicking previous connection
[bridge] Instance 699b64cf-1543-4e7c-bd53-5be066dbd1ec connected
[bridge] Instance 699b64cf-1543-4e7c-bd53-5be066dbd1ec disconnected
[bridge] Instance 88aa8094-b512-424b-ae6d-05ed5e150fbe connected
[bridge] Instance 88aa8094-b512-424b-ae6d-05ed5e150fbe disconnected
[bridge] Instance 4f6a0b1f-29a4-4fb1-b3d9-dacfca8cbc24 connected
[bridge] Instance 4f6a0b1f-29a4-4fb1-b3d9-dacfca8cbc24 disconnected
[bridge] Instance f0d6db85-ffc3-4aa8-bcba-9494652fe941 connected
[bridge] Instance f0d6db85-ffc3-4aa8-bcba-9494652fe941 disconnected
[bridge] Instance 3d8cb361-47cc-4b13-800b-e7c45b378f77 connected
[bridge] Instance 3d8cb361-47cc-4b13-800b-e7c45b378f77 disconnected
[bridge] Instance fe4fe4ac-6637-47d6-829f-2f2ec0604359 connected
[bridge] Instance fe4fe4ac-6637-47d6-829f-2f2ec0604359 disconnected
▶ BridgeManager.authenticate
  ✔ returns null for empty token (7.697ms)
  ✔ returns null for null/undefined token (0.929ms)
  ✔ returns null for unknown token (0.8787ms)
  ✔ returns instance row for valid token (1.3566ms)
✔ BridgeManager.authenticate (11.9275ms)
▶ BridgeManager.connect/disconnect
  ✔ writes SSE headers and connected event on connect (1.7125ms)
  ✔ isConnected returns true after connect (1.0519ms)
  ✔ isConnected returns false before connect (0.8969ms)
  ✔ isConnected returns false after disconnect (0.9986ms)
  ✔ connect updates DB status to connected (1.2222ms)
  ✔ disconnect updates DB status to disconnected (1.2378ms)
  ✔ disconnect is a no-op for unknown instanceId (0.9828ms)
  ✔ reconnecting kicks the previous connection (1.1561ms)
  ✔ res close event triggers disconnect (0.9705ms)
✔ BridgeManager.connect/disconnect (10.6565ms)
▶ BridgeManager.sendCommand
  ✔ rejects immediately when instance is not connected (1.333ms)
  ✔ sends legacy tcp_send SSE event when command has no type (1.4205ms)
  ✔ sends typed command SSE event when command.type is set (1.1009ms)
✔ BridgeManager.sendCommand (3.9904ms)
▶ BridgeManager.receiveStatus
  ✔ resolves pending promise when ok: true (1.6171ms)
  ✔ rejects pending promise when ok is falsy (1.1042ms)
  ✔ is a no-op when requestId is absent (heartbeat) (0.8161ms)
  ✔ is a no-op for unknown requestId (0.8741ms)
  ✔ updates last_seen on every receiveStatus call (0.8118ms)
✔ BridgeManager.receiveStatus (5.3877ms)
[production-control] Registry started — 0 camera(s), 0 mixer(s)
[production-control] Registry started — 1 camera(s), 0 mixer(s)
[production-control] Registry started — 0 camera(s), 0 mixer(s)
[production-control] Registry started — 1 camera(s), 0 mixer(s)
[production-control] Registry started — 0 camera(s), 0 mixer(s)
[production-control] Registry started — 0 camera(s), 0 mixer(s)
[production-control] Registry started — 1 camera(s), 0 mixer(s)
[production-control] Registry started — 1 camera(s), 0 mixer(s)
▶ getCameraAdapter
  ✔ returns adapter for controlType 'amx' (0.6073ms)
  ✔ returns adapter for controlType 'none' (0.1246ms)
  ✔ returns adapter for controlType 'visca-ip' (0.1038ms)
  ✔ returns adapter for controlType 'webcam' (0.0818ms)
  ✔ returns adapter for controlType 'mobile' (0.0739ms)
  ✔ throws for unknown controlType (0.3298ms)
✔ getCameraAdapter (2.1763ms)
▶ getMixerAdapter
  ✔ returns adapter for mixer type 'roland' (0.2126ms)
  ✔ returns adapter for mixer type 'amx' (0.1103ms)
  ✔ returns adapter for mixer type 'atem' (0.1067ms)
  ✔ returns adapter for mixer type 'obs' (0.1875ms)
  ✔ returns adapter for mixer type 'monarch_hdx' (0.0754ms)
  ✔ returns adapter for mixer type 'lcyt' (0.069ms)
  ✔ throws for unknown mixer type (0.1157ms)
✔ getMixerAdapter (1.1768ms)
▶ parseCamera
  ✔ maps snake_case columns and parses control_config JSON (0.7341ms)
  ✔ defaults connectionSource to backend when null (0.0808ms)
  ✔ handles empty control_config gracefully (0.0693ms)
✔ parseCamera (1.0234ms)
▶ parseMixer
  ✔ maps snake_case columns and parses connection_config JSON (0.137ms)
  ✔ defaults connectionSource to backend when null (0.0772ms)
✔ parseMixer (0.2915ms)
▶ DeviceRegistry
  ✔ start() with no cameras or mixers completes without error (6.8622ms)
  ✔ start() connects a none-type camera without throwing (1.279ms)
  ✔ callPreset throws for unknown cameraId (0.9917ms)
  ✔ callPreset throws when camera has no active connection (connect failed) (0.8872ms)
  ✔ removeCamera disconnects and removes from connections map (0.9926ms)
  ✔ removeCamera is a no-op for unknown cameraId (0.7274ms)
  ✔ switchSource throws for unknown mixerId (0.9422ms)
  ✔ isMixerConnected returns false for unknown mixerId (0.8344ms)
  ✔ getActiveSource returns null for unconnected mixer (0.7613ms)
  ✔ removeMixer is a no-op for unknown mixerId (0.7184ms)
  ✔ stop() clears all connections without throwing (0.8993ms)
  ✔ reloadCamera reconnects without throwing (none adapter) (0.977ms)
✔ DeviceRegistry (17.1989ms)
▶ Roland adapter — switchSource
  ✔ switchSource sends a JSON command to the socket (2.7677ms)
  ✔ switchSource updates _activeSource optimistically (0.2931ms)
  ✔ switchSource throws when not connected (0.5522ms)
  ✔ switchSource throws when socket is null (0.2324ms)
✔ Roland adapter — switchSource (4.8014ms)
▶ Roland adapter — getActiveSource
  ✔ returns null when no source known (0.2996ms)
  ✔ returns the stored active source (0.1862ms)
✔ Roland adapter — getActiveSource (0.6427ms)
▶ Roland adapter — disconnect
  ✔ sets destroyed=true and connected=false (0.3737ms)
✔ Roland adapter — disconnect (0.5449ms)
▶ Roland adapter — command format
  ✔ switchSource to input 1 generates valid JSON with number=1 (0.2548ms)
  ✔ each switchSource call includes a message id (1.2772ms)
  ✔ command is newline-terminated (0.2487ms)
✔ Roland adapter — command format (1.9669ms)
▶ registry getMixerAdapter
  ✔ returns roland adapter for type roland (271.7377ms)
  ✔ throws for unknown mixer type (0.2544ms)
✔ registry getMixerAdapter (272.117ms)
ℹ tests 90
ℹ suites 22
ℹ pass 90
ℹ fail 0
ℹ cancelled 0
ℹ skipped 0
ℹ todo 0
ℹ duration_ms 415.5701

> lcyt-rtmp@0.1.0 test
> node --experimental-test-module-mocks --test test/rtmp-manager.test.js test/nginx-manager.test.js test/hls-segment-fetcher.test.js test/google-stt.test.js test/stt-manager.test.js test/whisper-http.test.js test/openai-stt.test.js test/pcm-buffer.test.js test/stt-manager-rtmp.test.js

▶ GoogleSttAdapter
  ✔ throws if no credentials configured (2.5182ms)
  ✔ emits transcript event on successful API response (1.0879ms)
  ✔ uses GOOGLE_STT_KEY as query parameter (0.705ms)
  ✔ emits error on non-OK API response (0.6838ms)
  ✔ skips empty buffer without calling fetch (0.6751ms)
  ✔ emits no transcript for empty results array (0.5012ms)
  ✔ skips result with empty transcript string (0.3952ms)
  ✔ stop() resolves without error (0.3942ms)
✔ GoogleSttAdapter (8.1665ms)
▶ HlsSegmentFetcher
  ✔ emits no segment when playlist returns 404 (1.4792ms)
  ✔ emits segment with fallback timestamp when no EXT-X-PROGRAM-DATE-TIME (1.3146ms)
  ✔ derives timestamps from EXT-X-PROGRAM-DATE-TIME (1.2327ms)
  ✔ skips already-seen segments based on mediaSequence (0.797ms)
  ✔ emits error when segment fetch fails (0.7874ms)
  ✔ stop() emits stopped and prevents further polls (0.3608ms)
  ✔ stop() is idempotent (0.2461ms)
  ✔ playlistUrl is derived from hlsBase and streamKey (1.0393ms)
✔ HlsSegmentFetcher (9.6578ms)
▶ NginxManager.keyToSlug()
  ✔ returns a 16-char lowercase hex string (1.8833ms)
  ✔ is deterministic for the same input (0.3197ms)
  ✔ different keys produce different slugs (collision resistance) (0.2999ms)
  ✔ slug does not contain the original key (0.3221ms)
✔ NginxManager.keyToSlug() (5.2647ms)
▶ NginxManager — no-op mode (enabled=false)
  ✔ isEnabled is false when enabled=false (0.4278ms)
  ✔ addStream() resolves without throwing and returns slug (0.2611ms)
  ✔ removeStream() resolves without throwing (0.457ms)
  ✔ addStream() tracks stream in memory (0.3291ms)
  ✔ removeStream() removes from memory (0.3035ms)
  ✔ removeStream() on unknown key is a no-op (0.3041ms)
✔ NginxManager — no-op mode (enabled=false) (2.5484ms)
▶ NginxManager.getPublicUrl()
  ✔ returns slug-based URL, not key-based URL (0.2695ms)
  ✔ URL ends with /index.m3u8 (0.1506ms)
  ✔ custom prefix is respected (0.1774ms)
✔ NginxManager.getPublicUrl() (0.7862ms)
▶ NginxManager._buildConfig()
  ✔ empty streams produces a section with no location blocks (0.2505ms)
  ✔ contains BEGIN/END markers (0.193ms)
  ✔ location block uses slug (not api key) as public path (0.1793ms)
  ✔ api key does NOT appear in any location directive (0.2077ms)
  ✔ multiple streams produce multiple location blocks (0.2459ms)
  ✔ includes CORS headers in proxy block (0.1325ms)
  ✔ includes proxy_buffering off (0.0965ms)
✔ NginxManager._buildConfig() (1.5228ms)
▶ NginxManager.listStreams()
  ✔ returns empty array when no streams registered (0.5952ms)
  ✔ entry has apiKey, slug, publicPath fields (0.1348ms)
✔ NginxManager.listStreams() (0.8065ms)
▶ NginxManager.getSlug()
  ✔ same as keyToSlug static method (0.1418ms)
✔ NginxManager.getSlug() (0.209ms)
▶ OpenAiAdapter
  ✔ throws if OPENAI_STT_API_KEY is not set (23.6795ms)
  ✔ accepts apiKey constructor option overriding env var (1.0935ms)
  ✔ emits transcript event on successful response (0.7785ms)
  ✔ sends Authorization: Bearer header (0.6347ms)
  ✔ sends model field in FormData (0.6269ms)
  ✔ uses short ISO 639-1 code for language field (0.5188ms)
  ✔ POSTs to /v1/audio/transcriptions (0.4838ms)
  ✔ emits error on HTTP error response (0.4896ms)
  ✔ emits error on network failure (0.4104ms)
  ✔ emits error on invalid JSON response (0.5849ms)
  ✔ skips empty segments without calling fetch (0.4463ms)
  ✔ does not emit transcript when response text is blank (0.4216ms)
  ✔ stop() is a no-op that resolves (0.3515ms)
  ✔ trailing slash stripped from baseUrl (0.3524ms)
  ✔ uses model constructor option over env var (0.3796ms)
✔ OpenAiAdapter (33.6861ms)
▶ buildWav
  ✔ returns a Buffer starting with RIFF (0.9743ms)
  ✔ total length = 44 (header) + pcm.length (0.1709ms)
  ✔ RIFF chunk size = 36 + pcm.length (0.1793ms)
  ✔ PCM format = 1 (linear) (0.1411ms)
  ✔ channels = 1 (0.168ms)
  ✔ sample rate = 16000 by default (0.1454ms)
  ✔ custom sample rate is written correctly (0.1312ms)
  ✔ bits per sample = 16 (0.144ms)
  ✔ data subchunk size = pcm.length (0.1747ms)
  ✔ PCM data is appended verbatim after the header (0.7987ms)
✔ buildWav (4.1872ms)
▶ PcmSilenceBuffer
  ✔ does not flush before minDurationMs (213.5376ms)
  ✔ flush() forces immediate emit (0.3515ms)
  ✔ flush() emits nothing on empty buffer (0.0832ms)
  ✔ reset() discards buffered audio (0.4258ms)
  ✔ timestamp records wall-clock time of first write (0.1906ms)
  ✔ flushes on maxDurationMs hard cap (0.5675ms)
  ✔ concatenates all written chunks into the flushed PCM (0.7982ms)
  ✔ silence detection triggers flush after minDurationMs (404.6243ms)
✔ PcmSilenceBuffer (620.9459ms)
✔ writeCaption drops when FIFO writer.write times out (1.7599ms)
(node:44388) ExperimentalWarning: Module mocking is an experimental feature and might change at any time
(Use `node --trace-warnings ...` to show where the warning was created)
[LCYT] [stt] Started for key key1… provider=google lang=en-US source=rtmp stream=mystream
[LCYT] [stt] Stopped for key key1…
[LCYT] [stt] Started for key key2… provider=google lang=en-US source=rtmp stream=test
[LCYT] [stt] Stopped for key key2…
[LCYT] [stt] Started for key key3… provider=google lang=en-US source=rtmp stream=x
[LCYT] [stt] Stopped for key key3…
[LCYT] [stt] Started for key key4… provider=google lang=en-US source=whep stream=mypath
[LCYT] [stt] Stopped for key key4…
▶ probeFfmpegVersion
  ✔ returns { major, minor } when ffmpeg is present (3.0043ms)
  ✔ returns null when ffmpeg is not found (spawn throws) (0.2692ms)
✔ probeFfmpegVersion (4.1063ms)
▶ SttManager RTMP path
  ✔ spawns ffmpeg with RTMP input URL (1.4018ms)
  ✔ builds RTMP URL from HLS_LOCAL_RTMP + HLS_RTMP_APP env vars (0.7447ms)
  ✔ stop() kills the ffmpeg process (0.5529ms)
  ✔ whep uses mediamtx /whep URL (0.5289ms)
  ✔ getStatus includes ffmpegVersion and whepAvailable (0.8621ms)
  ✔ whepAvailable is false when ffmpeg < 6.1 (0.3003ms)
  ✔ whepAvailable is false when ffmpegVersion is null (0.2988ms)
  ✔ throws on unsupported audioSource (0.8349ms)
✔ SttManager RTMP path (6.0325ms)
[LCYT] [stt] Started for key mykey… provider=google lang=en-US source=hls stream=mykey
[LCYT] [stt] Stopped for key mykey…
[LCYT] [stt] Started for key mykey… provider=google lang=fi-FI source=hls stream=mykey
[LCYT] [stt] Stopped for key mykey…
[LCYT] [stt] Started for key mykey… provider=google lang=en-US source=hls stream=mykey
[LCYT] [stt] Stopped for key mykey…
[LCYT] [stt] Started for key mykey… provider=google lang=en-US source=hls stream=mykey
[LCYT] [stt] Stopped for key mykey…
[LCYT] [stt] Started for key mykey… provider=google lang=fi-FI source=hls stream=mykey
[LCYT] [stt] Stopped for key mykey…
[LCYT] [stt] Started for key key1… provider=google lang=en-US source=hls stream=key1
[LCYT] [stt] Started for key key2… provider=google lang=fi-FI source=hls stream=key2
[LCYT] [stt] Stopped for key key1…
[LCYT] [stt] Stopped for key key2…
[LCYT] [stt] Started for key mykey… provider=google lang=en-US source=hls stream=mykey
▶ SttManager
  ✔ isRunning() returns false before start (13.5951ms)
  ✔ getStatus() returns { running: false } for unknown key (9.0015ms)
  ✔ start() then isRunning() returns true (10.628ms)
  ✔ getStatus() returns running details after start (8.1603ms)
  ✔ stop() removes session and emits stopped (8.0151ms)
  ✔ stop() is a no-op for unknown key (8.0484ms)
  ✔ start() on already-running key restarts it (8.1618ms)
  ✔ throws on unsupported provider (8.5836ms)
  ✔ throws on unsupported audioSource (8.5842ms)
  ✔ stopAll() stops all running sessions (8.257ms)
[LCYT] [stt] ffmpeg 8.0 detected — RTMP and WHEP audioSources available
[LCYT] [stt] ffmpeg 8.0 detected — RTMP and WHEP audioSources available
[LCYT] [stt] ffmpeg 8.0 detected — RTMP and WHEP audioSources available
[LCYT] [stt] ffmpeg 8.0 detected — RTMP and WHEP audioSources available
[LCYT] [stt] ffmpeg 8.0 detected — RTMP and WHEP audioSources available
[LCYT] [stt] ffmpeg 8.0 detected — RTMP and WHEP audioSources available
[LCYT] [stt] ffmpeg 8.0 detected — RTMP and WHEP audioSources available
[LCYT] [stt] ffmpeg 8.0 detected — RTMP and WHEP audioSources available
[LCYT] [stt] ffmpeg 8.0 detected — RTMP and WHEP audioSources available
[LCYT] [stt] ffmpeg 8.0 detected — RTMP and WHEP audioSources available
[LCYT] [stt] ffmpeg 8.0 detected — RTMP and WHEP audioSources available
[LCYT] [stt] Stopped for key mykey…
[LCYT] [stt] Started for key mykey… provider=google lang=en-US source=hls stream=mykey
  ✔ transcript is delivered into session _sendQueue (70.2855ms)
[LCYT] [stt] Stopped for key mykey…
  ✔ transcript is not delivered when no matching backend session (29.3159ms)
✔ SttManager (192.2844ms)
[LCYT] [stt] ffmpeg 8.0 detected — RTMP and WHEP audioSources available
▶ WhisperHttpAdapter
  ✔ throws if WHISPER_HTTP_URL is not set (18.4911ms)
  ✔ accepts serverUrl constructor option overriding env var (0.824ms)
  ✔ emits transcript event on successful response (0.5565ms)
  ✔ uses short ISO 639-1 code for language field (0.568ms)
  ✔ appends model field when WHISPER_HTTP_MODEL is set (0.5903ms)
  ✔ emits error on HTTP error response (0.5065ms)
  ✔ emits error on network failure (0.3844ms)
  ✔ emits error on invalid JSON response (0.3808ms)
  ✔ skips empty segments without calling fetch (0.2868ms)
  ✔ does not emit transcript when response text is blank (0.4276ms)
  ✔ stop() is a no-op that resolves (1.0572ms)
  ✔ trailing slash stripped from serverUrl (0.3779ms)
✔ WhisperHttpAdapter (25.6803ms)
ℹ tests 107
ℹ suites 15
ℹ pass 107
ℹ fail 0
ℹ cancelled 0
ℹ skipped 0
ℹ todo 0
ℹ duration_ms 743.9599
